******************************************************************************
                  TI ARM Linker PC v18.12.3                    
******************************************************************************
>> Linked Sun Dec 22 21:25:04 2019

OUTPUT FILE NAME:   <httpget_CC3220SF_LAUNCHXL_tirtos_ccs.out>
ENTRY POINT SYMBOL: "_c_int00"  address: 0101123d


MEMORY CONFIGURATION

         name            origin    length      used     unused   attr    fill
----------------------  --------  ---------  --------  --------  ----  --------
  FLASH_HDR             01000000   000007ff  00000000  000007ff  R  X
  FLASH                 01000800   000ff800  00014721  000eb0df  R  X
  SRAM                  20000000   00040000  0000a564  00035a9c  RW X


SEGMENT ALLOCATION MAP

run origin  load origin   length   init length attrs members
----------  ----------- ---------- ----------- ----- -------
01000800    01000800    00014728   00014728    r-x
  01000800    01000800    0000003c   0000003c    r-- .resetVecs
  01000840    01000840    000134aa   000134aa    r-x .text
  01013cec    01013cec    00000e93   00000e93    r-- .const
  01014b80    01014b80    000003a8   000003a8    r-- .cinit
20000310    20000310    00008000   00000000    r--
  20000310    20000310    00008000   00000000    r-- .priheap
20008400    20008400    00001e5b   00000000    rw-
  20008400    20008400    00001565   00000000    rw- .bss
  20009968    20009968    000008f3   00000000    rw- .data
2003fc00    2003fc00    00000400   00000000    rw-
  2003fc00    2003fc00    00000400   00000000    rw- .stack


SECTION ALLOCATION MAP

 output                                  attributes/
section   page    origin      length       input sections
--------  ----  ----------  ----------   ----------------
.text      0    01000840    000134aa     
                  01000840    00000a4e     rtsv7M4_T_le_eabi.lib : _printfi.c.obj (.text:__TI_printfi)
                  0100128e    00000002     ti_drivers_config.obj (.text:Board_initHook)
                  01001290    000008cc     simplelink.a : driver.obj (.text:_SlDrvMsgRead)
                  01001b5c    00000504     httpget.obj (.text:httpTask)
                  01002060    000004bc     simplelink.a : sl_socket.obj (.text:_SlSocketHandleAsync_Select)
                  0100251c    00000004     dpl_cc32xx.aem4 : ClockP_tirtos.oem4 (.text:ClockP_getCpuFreq)
                  01002520    0000048b     sysbios.aem4 : BIOS.obj (.text:xdc_runtime_System_doPrint__I)
                  010029ab    00000001     --HOLE-- [fill = 0]
                  010029ac    0000042c     driverlib.a : prcm.obj (.text:PRCMCC3200MCUInit)
                  01002dd8    0000040c     httpclient_release.a : httpclient.oem4 (.text:sendRequest)
                  010031e4    00000384     simplelink.a : driver.obj (.text:_SlDrvMsgWrite)
                  01003568    000002e0                  : driver.obj (.text:_SlDrvWaitForPoolObj)
                  01003848    000002d8                  : driver.obj (.text:_SlDrvRxHdrRead)
                  01003b20    000002c4     httpget.obj (.text:readTemp)
                  01003de4    000002b4     simplelink.a : sl_socket.obj (.text:sl_Select)
                  01004098    00000294                  : driver.obj (.text:_SlDrvReleasePoolObj)
                  0100432c    0000027c                  : wlan.obj (.text:sl_WlanConnect)
                  010045a8    00000268     rtsv7M4_T_le_eabi.lib : _printfi.c.obj (.text:_pconv_a)
                  01004810    00000260     platform.obj (.text:mainThread)
                  01004a70    0000025c     simplelink.a : driver.obj (.text:_SlDrvDataReadOp)
                  01004ccc    00000224                  : driver.obj (.text:_SlDrvDriverCBInit)
                  01004ef0    00000218                  : driver.obj (.text:_SlDrvDataWriteOp)
                  01005108    0000020c     drivers_cc32xx.aem4 : UARTCC32XXDMA.oem4 (.text:UARTCC32XXDMA_open)
                  01005314    000001fc     httpclient_release.a : httpclient.oem4 (.text:SlNetSock_connectURI)
                  01005510    000001f4     drivers_cc32xx.aem4 : I2CCC32XX.oem4 (.text:I2CCC32XX_hwiFxn)
                  01005704    000001f4     simplelink.a : driver.obj (.text:_SlDrvMsgReadCmdCtx)
                  010058f8    000001f2                  : netapp.obj (.text:_SlNetAppEventHandler)
                  01005aea    00000002     display.aem4 : DisplayUart.oem4 (.text:DisplayUartMin_clear)
                  01005aec    000001e0     httpclient_release.a : httpclient.oem4 (.text:HTTPClient_connect2)
                  01005ccc    000001d4     drivers_cc32xx.aem4 : GPIOCC32XX.oem4 (.text:GPIO_setConfig)
                  01005ea0    000001d0                         : SPICC32XXDMA.oem4 (.text:SPICC32XXDMA_transfer)
                  01006070    000001cc     rtsv7M4_T_le_eabi.lib : _printfi.c.obj (.text:_pconv_g)
                  0100623c    000001c8     simplelink.a : device.obj (.text:sl_Stop)
                  01006404    000001b8     drivers_cc32xx.aem4 : SPICC32XXDMA.oem4 (.text:configDMA)
                  010065bc    000001b6     rtsv7M4_T_le_eabi.lib : fd_add_t2.asm.obj (.text)
                  01006772    00000002     display.aem4 : DisplayUart.oem4 (.text:DisplayUartMin_clearLines)
                  01006774    000001b4     simplelink.a : driver.obj (.text:_SlDrvReleaseAllActivePendingPoolObj)
                  01006928    000001ac                  : sl_socket.obj (.text:sl_Accept)
                  01006ad4    000001a0     httpclient_release.a : httpclient.oem4 (.text:manageResponseHeaders)
                  01006c74    00000194                          : httpclient.oem4 (.text:redirect)
                  01006e08    0000018c     simplelink.a : sl_socket.obj (.text:_SlDrvRegisterForSelectAsync)
                  01006f94    00000184                  : driver.obj (.text:_SlDrvFindAndSetActiveObj)
                  01007118    00000180     release_pem4.oem4 (.text:xdc_runtime_System_printfExtend__I)
                  01007298    00000178     simplelink.a : sl_socket.obj (.text:sl_Connect)
                  01007410    00000177     httpclient_release.a : httpclient.oem4 (.text:readResponseHeader)
                  01007587    00000001     --HOLE-- [fill = 0]
                  01007588    00000170     simplelink.a : netapp.obj (.text:sl_NetAppDnsGetHostByName)
                  010076f8    00000160     platform.obj (.text:SimpleLinkNetAppEventHandler)
                  01007858    00000158     drivers_cc32xx.aem4 : SPICC32XXDMA.oem4 (.text:SPICC32XXDMA_open)
                  010079b0    00000154     simplelink.a : sl_socket.obj (.text:sl_RecvFrom)
                  01007b04    0000014c     dpl_cc32xx.aem4 : PowerCC32XX_tirtos.oem4 (.text:PowerCC32XX_sleepPolicy)
                  01007c50    0000014c     simplelink.a : sl_socket.obj (.text:sl_StartTLS)
                  01007d9c    00000148     drivers_cc32xx.aem4 : PowerCC32XX.oem4 (.text:parkPins)
                  01007ee4    00000148     httpclient_release.a : httpclient.oem4 (.text:parseURI)
                  0100802c    00000140     simplelink.a : driver.obj (.text:_SlDrvMsgReadSpawnCtx)
                  0100816c    0000013c                  : driver.obj (.text:_SlDrvDriverCBDeinit)
                  010082a8    0000013c                  : sl_socket.obj (.text:_SlDrvGetNextTimeoutValue)
                  010083e4    0000013c     rtsv7M4_T_le_eabi.lib : _printfi.c.obj (.text:_pconv_e)
                  01008520    00000138     drivers_cc32xx.aem4 : PowerCC32XX.oem4 (.text:Power_sleep)
                  01008658    00000138     simplelink.a : driver.obj (.text:_SlSpawnMsgListInsert)
                  01008790    00000136     rtsv7M4_T_le_eabi.lib : fd_div_t2.asm.obj (.text)
                  010088c6    00000002     display.aem4 : DisplayUart.oem4 (.text:DisplayUartMin_init)
                  010088c8    00000134     simplelink.a : sl_socket.obj (.text:_SlSocketHandleAsync_StartTLS)
                  010089fc    00000004     dpl_cc32xx.aem4 : ClockP_tirtos.oem4 (.text:ClockP_setTimeout)
                  01008a00    00000130     sysbios.aem4 : BIOS.obj (.text:ti_sysbios_knl_Semaphore_pend__E)
                  01008b30    00000128     simplelink.a : driver.obj (.text:_SlDrvClassifyRxMsg)
                  01008c58    00000124                  : fs.obj (.text:sl_FsOpen)
                  01008d7c    00000121     httpclient_release.a : httpclient.oem4 (.text:getChunkedData)
                  01008e9d    00000001     --HOLE-- [fill = 0]
                  01008e9e    00000002     drivers_cc32xx.aem4 : I2CCC32XX.oem4 (.text:I2CCC32XX_init)
                  01008ea0    00000120     simplelink.a : driver.obj (.text:_SlDrvAsyncEventGenericHandler)
                  01008fc0    00000120     rtsv7M4_T_le_eabi.lib : _printfi.c.obj (.text:fcvt)
                  010090e0    00000120     simplelink.a : device.obj (.text:sl_Start)
                  01009200    00000120     sysbios.aem4 : BIOS.obj (.text:xdc_runtime_Startup_startMods__I)
                  01009320    00000118     simplelink.a : netapp.obj (.text:_SlNetAppHandleAsync_DnsGetHostByService)
                  01009438    00000110     rtsv7M4_T_le_eabi.lib : strtoul.c.obj (.text:strtoul)
                  01009548    00000110     sysbios.aem4 : BIOS.obj (.text:ti_sysbios_knl_Task_postInit__I)
                  01009658    00000108     httpclient_release.a : httpclient.oem4 (.text:HTTPClient_setHeader)
                  01009760    00000108     slnetsock_release.a : slnetutils.oem4 (.text:SlNetUtil_str2BinIpV6)
                  01009868    00000104     simplelink.a : device.obj (.text:_SlDeviceEventHandler)
                  0100996c    00000104                  : driver.obj (.text:_SlDrvCmdOp)
                  01009a70    00000104     sysbios.aem4 : BIOS.obj (.text:ti_sysbios_knl_Task_Instance_finalize__E)
                  01009b74    00000100     drivers_cc32xx.aem4 : I2CCC32XX.oem4 (.text:I2CCC32XX_open)
                  01009c74    00000100     simplelink.a : driver.obj (.text:_SlDrvObjGlobalLockWaitForever)
                  01009d74    00000100                  : fs.obj (.text:sl_FsWrite)
                  01009e74    000000fc     drivers_cc32xx.aem4 : I2CCC32XX.oem4 (.text:I2CCC32XX_transfer)
                  01009f70    000000fc     rtsv7M4_T_le_eabi.lib : fd_mul_t2.asm.obj (.text)
                  0100a06c    000000fc     simplelink.a : sl_socket.obj (.text:sl_Close)
                  0100a168    000000f8     slnetifwifi.a : slnetifwifi.obj (.text:SlNetIfWifi_loadSecObj)
                  0100a260    000000f8     drivers_cc32xx.aem4 : UARTCC32XXDMA.oem4 (.text:UARTCC32XXDMA_close)
                  0100a358    000000f4     httpclient_release.a : httpclient.oem4 (.text:httpProxyTunnel)
                  0100a44c    000000f4     simplelink.a : sl_socket.obj (.text:sl_SendTo)
                  0100a540    000000f2     drivers_cc32xx.aem4 : SPICC32XXDMA.oem4 (.text:SPICC32XXDMA_transferCancel)
                  0100a632    00000006     display.aem4 : DisplayUart.oem4 (.text:DisplayUartMin_control)
                  0100a638    000000f0     sysbios.aem4 : BIOS.obj (.text:pthread_create)
                  0100a728    000000f0                  : BIOS.obj (.text:ti_sysbios_knl_Task_Instance_init__E)
                  0100a818    000000ec                  : BIOS.obj (.text:clock_gettime)
                  0100a904    000000e8     slnetsock_release.a : slnetif.oem4 (.text:SlNetIf_add)
                  0100a9ec    000000e8     drivers_cc32xx.aem4 : UARTCC32XXDMA.oem4 (.text:initHw)
                  0100aad4    000000d8                         : SPICC32XXDMA.oem4 (.text:SPICC32XXDMA_close)
                  0100abac    000000d8     simplelink.a : device.obj (.text:_SlDeviceHandleAsync_InitComplete)
                  0100ac84    000000d8                  : driver.obj (.text:_SlDrvWaitForInternalAsyncEvent)
                  0100ad5c    000000d8                  : netapp.obj (.text:_SlNetAppHandleAsync_NetAppReceive)
                  0100ae34    000000d2     httpclient_release.a : httpclient.oem4 (.text:HTTPClient_connect)
                  0100af06    00000002     drivers_cc32xx.aem4 : UARTCC32XXDMA.oem4 (.text:UARTCC32XXDMA_init)
                  0100af08    000000d0     simplelink.a : driver.obj (.text:_SlDrvRemoveFromList)
                  0100afd8    000000d0     httpclient_release.a : httpclient.oem4 (.text:getStatus)
                  0100b0a8    000000d0     rtsv7M4_T_le_eabi.lib : s_scalbn.c.obj (.text:scalbn)
                  0100b178    000000d0     sysbios.aem4 : BIOS.obj (.text:ti_sysbios_heaps_HeapMem_alloc__E)
                  0100b248    000000cc     httpclient_release.a : httpclient.oem4 (.text:sprsend)
                  0100b314    000000cc     sysbios.aem4 : m3_Hwi_asm.obj (.text:ti_sysbios_family_arm_m3_Hwi_dispatch__I)
                  0100b3e0    000000c8     drivers_cc32xx.aem4 : SPICC32XXDMA.oem4 (.text:spiHwiFxn)
                  0100b4a8    000000c4                         : GPIOCC32XX.oem4 (.text:GPIO_init)
                  0100b56c    00000004     dpl_cc32xx.aem4 : ClockP_tirtos.oem4 (.text:ClockP_start)
                  0100b570    000000c4     sysbios.aem4 : BIOS.obj (.text:ti_sysbios_knl_Task_sleep__E)
                  0100b634    000000c0     simplelink.a : cc_pal.obj (.text:NwpPowerOff)
                  0100b6f4    000000c0     httpclient_release.a : httpclient.oem4 (.text:resHeaderFieldHandler)
                  0100b7b4    000000c0     drivers_cc32xx.aem4 : PowerCC32XX.oem4 (.text:restoreParkedPins)
                  0100b874    000000c0     simplelink.a : netcfg.obj (.text:sl_NetCfgGet)
                  0100b934    000000bc     platform.obj (.text:DisplayBanner)
                  0100b9f0    000000bc     simplelink.a : netapp.obj (.text:_SlNetAppSendResponse)
                  0100baac    000000bc                  : sl_socket.obj (.text:sl_Send)
                  0100bb68    000000bc     sysbios.aem4 : BIOS.obj (.text:xdc_runtime_Core_createObject__I)
                  0100bc24    000000b8     httpclient_release.a : httpclient.oem4 (.text:HTTPClient_readResponseBody)
                  0100bcdc    000000b8     drivers_cc32xx.aem4 : UARTCC32XXDMA.oem4 (.text:UARTCC32XXDMA_configDMA)
                  0100bd94    000000b8     simplelink.a : netapp.obj (.text:_SlNetAppHandleAsync_DnsGetHostByName)
                  0100be4c    000000b8                  : netapp.obj (.text:_SlNetAppHandleAsync_PingResponse)
                  0100bf04    000000b8                  : wlan.obj (.text:sl_WlanGet)
                  0100bfbc    00000004     dpl_cc32xx.aem4 : ClockP_tirtos.oem4 (.text:ClockP_stop)
                  0100bfc0    000000b8     sysbios.aem4 : BIOS.obj (.text:ti_sysbios_family_arm_m3_Hwi_Instance_init__E)
                  0100c078    000000b4     drivers_cc32xx.aem4 : UARTCC32XXDMA.oem4 (.text:UARTCC32XXDMA_hwiIntFxn)
                  0100c12c    000000b4     simplelink.a : driver.obj (.text:_SlDrvHandleFatalError)
                  0100c1e0    000000b4                  : netutil.obj (.text:_SlNetUtilHandleAsync_Cmd)
                  0100c294    000000b4     drivers_cc32xx.aem4 : I2CCC32XX.oem4 (.text:initHw)
                  0100c348    000000b4     simplelink.a : sl_socket.obj (.text:sl_GetSockOpt)
                  0100c3fc    000000b1     rtsv7M4_T_le_eabi.lib : _printfi.c.obj (.text:_ltostr)
                  0100c4ad    00000001     --HOLE-- [fill = 0]
                  0100c4ae    00000002                           : _lock.c.obj (.text:_nop)
                  0100c4b0    000000b0     slnetifwifi.a : slnetifwifi.obj (.text:SlNetIfWifi_getSockOpt)
                  0100c560    000000ae                   : slnetifwifi.obj (.text:matchModeByRole)
                  0100c60e    00000002     rtsv7M4_T_le_eabi.lib : div0.asm.obj (.text)
                  0100c610    000000ac     simplelink.a : sl_socket.obj (.text:_SlSocketHandleAsync_Close)
                  0100c6bc    000000ac                  : sl_socket.obj (.text:_SlSocketHandleAsync_Connect)
                  0100c768    000000ac     httpclient_release.a : httpclient.oem4 (.text:sendReqHeaders)
                  0100c814    000000a8     platform.obj (.text:Connect)
                  0100c8bc    000000a8     driverlib.a : prcm.obj (.text:PRCMPeripheralClockGet)
                  0100c964    000000a8     drivers_cc32xx.aem4 : PowerCC32XX.oem4 (.text:PowerCC32XX_configureWakeup)
                  0100ca0c    000000a8     simplelink.a : fs.obj (.text:sl_FsClose)
                  0100cab4    000000a6                  : driver.obj (.text:_SlDrvIsTimeoutExpired)
                  0100cb5a    000000a4     drivers_cc32xx.aem4 : I2CCC32XX.oem4 (.text:primeWriteBurst)
                  0100cbfe    00000002     release_pem4.oem4 (.text:ti_sysbios_BIOS_nullFunc__I)
                  0100cc00    000000a4     simplelink.a : sl_socket.obj (.text:sl_Bind)
                  0100cca4    00000004     dpl_cc32xx.aem4 : HwiP_tirtos.oem4 (.text:HwiP_clearInterrupt)
                  0100cca8    000000a4     sysbios.aem4 : BIOS.obj (.text:ti_sysbios_knl_Task_setPri__E)
                  0100cd4c    000000a0     simplelink.a : fs.obj (.text:FsGetCreateFsMode)
                  0100cdec    000000a0                  : sl_socket.obj (.text:_SlDrvUnRegisterForSelectAsync)
                  0100ce8c    000000a0                  : driver.obj (.text:_SlSpawnMsgListProcess)
                  0100cf2c    000000a0     auto_init.aem4 : auto_init.oem4 (.text)
                  0100cfcc    0000009e     simplelink.a : cc_pal.obj (.text:spi_Read)
                  0100d06a    0000009e                  : cc_pal.obj (.text:spi_Write)
                  0100d108    0000009c     sysbios.aem4 : BIOS.obj (.text:_pthread_removeThreadKeys)
                  0100d1a4    0000009c     rtsv7M4_T_le_eabi.lib : memcpy_t2.asm.obj (.text)
                  0100d240    00000098     httpclient_release.a : httpclient.oem4 (.text:HTTPClient_sendRequest)
                  0100d2d8    00000098     drivers_cc32xx.aem4 : GPIOCC32XX.oem4 (.text:powerNotifyFxn)
                  0100d370    00000098                         : I2CCC32XX.oem4 (.text:primeReadBurst)
                  0100d408    00000098     httpclient_release.a : httpclient.oem4 (.text:resHeaderNameToHash)
                  0100d4a0    00000096     rtsv7M4_T_le_eabi.lib : ull_div_t2.asm.obj (.text)
                  0100d536    00000002     release_pem4.oem4 (.text:xdc_runtime_Startup_reset__I)
                  0100d538    00000094     simplelink.a : cc_pal.obj (.text:Semaphore_pend_handle)
                  0100d5cc    00000094     drivers_cc32xx.aem4 : SPICC32XXDMA.oem4 (.text:initHw)
                  0100d660    00000094     httpclient_release.a : httpclient.oem4 (.text:locationParser)
                  0100d6f4    00000004     dpl_cc32xx.aem4 : HwiP_tirtos.oem4 (.text:HwiP_disable)
                  0100d6f8    00000094     sysbios.aem4 : BIOS.obj (.text:ti_sysbios_knl_Task_exit__E)
                  0100d78c    00000092     slnetsock_release.a : slnetsock.oem4 (.text:SlNetSock_create)
                  0100d81e    00000002     --HOLE-- [fill = 0]
                  0100d820    00000090                         : slnetsock.oem4 (.text:SlNetSock_getVirtualSdConf)
                  0100d8b0    00000090     simplelink.a : device.obj (.text:_SlDeviceHandleAsync_Stop)
                  0100d940    00000090                  : sl_socket.obj (.text:_SlSocketHandleAsync_Accept)
                  0100d9d0    00000090     drivers_cc32xx.aem4 : PowerCC32XX.oem4 (.text:restoreNVICRegs)
                  0100da60    00000090     sysbios.aem4 : BIOS.obj (.text:ti_sysbios_knl_Task_Module_startup__E)
                  0100daf0    0000008c     drivers_cc32xx.aem4 : UARTCC32XXDMA.oem4 (.text:UARTCC32XXDMA_write)
                  0100db7c    0000008c     simplelink.a : driver.obj (.text:_SlDrvDriverIsApiAllowed)
                  0100dc08    0000008c                  : sl_socket.obj (.text:sl_Recv)
                  0100dc94    00000004     dpl_cc32xx.aem4 : HwiP_tirtos.oem4 (.text:HwiP_disableInterrupt)
                  0100dc98    0000008c     sysbios.aem4 : BIOS.obj (.text:xdc_runtime_Memory_alloc__E)
                  0100dd24    00000088     drivers_cc32xx.aem4 : I2CCC32XX.oem4 (.text:I2CCC32XX_close)
                  0100ddac    00000088     driverlib.a : pin.obj (.text:PinConfigSet)
                  0100de34    00000088     simplelink.a : driver.obj (.text:_SlDrvProtectAsyncRespSetting)
                  0100debc    00000088     httpclient_release.a : httpclient.oem4 (.text:createSecAttribs)
                  0100df44    00000088                          : httpclient.oem4 (.text:readLine)
                  0100dfcc    00000088     simplelink.a : eventreg.obj (.text:sl_UnregisterLibsEventHandler)
                  0100e054    00000004     dpl_cc32xx.aem4 : HwiP_tirtos.oem4 (.text:HwiP_enableInterrupt)
                  0100e058    00000088     sysbios.aem4 : BIOS.obj (.text:ti_sysbios_family_arm_m3_Hwi_initNVIC__E)
                  0100e0e0    00000086     rtsv7M4_T_le_eabi.lib : fd_cmp_t2.asm.obj (.text:__aeabi_cdcmple)
                  0100e166    00000086                           : fd_cmp_t2.asm.obj (.text:__aeabi_cdrcmple)
                  0100e1ec    00000004     drivers_cc32xx.aem4 : SPICC32XXDMA.oem4 (.text:SPICC32XXDMA_init)
                  0100e1f0    00000086     sysbios.aem4 : BIOS.obj (.text:xdc_runtime_Core_constructObject__I)
                  0100e276    00000002     --HOLE-- [fill = 0]
                  0100e278    00000084     drivers_cc32xx.aem4 : PowerCC32XX.oem4 (.text:Power_init)
                  0100e2fc    00000084     slnetifwifi.a : slnetifwifi.obj (.text:SlNetIfWifi_sockstartSec)
                  0100e380    00000084     slnetsock_release.a : slnetutils.oem4 (.text:SlNetUtil_getHostByName)
                  0100e404    00000084     drivers_cc32xx.aem4 : PowerCC32XX.oem4 (.text:saveNVICRegs)
                  0100e488    00000084     simplelink.a : sl_socket.obj (.text:sl_SetSockOpt)
                  0100e50c    00000004     dpl_cc32xx.aem4 : SemaphoreP_tirtos.oem4 (.text:SemaphoreP_post)
                  0100e510    00000084     sysbios.aem4 : BIOS.obj (.text:ti_sysbios_family_arm_m3_Hwi_postInit__I)
                  0100e594    00000004     slnetsock_release.a : slnetif.oem4 (.text:SlNetIf_init)
                  0100e598    00000084     sysbios.aem4 : BIOS.obj (.text:ti_sysbios_heaps_HeapMem_free__E)
                  0100e61c    00000080     drivers_cc32xx.aem4 : PowerCC32XX.oem4 (.text:Power_setDependency)
                  0100e69c    00000080                         : UARTCC32XXDMA.oem4 (.text:UARTCC32XXDMA_read)
                  0100e71c    00000004     slnetsock_release.a : slnetutils.oem4 (.text:SlNetUtil_init)
                  0100e720    00000080     sysbios.aem4 : BIOS.obj (.text:ti_sysbios_knl_Clock_workFunc__E)
                  0100e7a0    0000007c     drivers_cc32xx.aem4 : UDMACC32XX.oem4 (.text:UDMACC32XX_open)
                  0100e81c    00000004     dpl_cc32xx.aem4 : SystemP_tirtos.oem4 (.text:SystemP_vsnprintf)
                  0100e820    0000007c     sysbios.aem4 : BIOS.obj (.text:_pthread_abstime2ticks)
                  0100e89c    0000007a     drivers_cc32xx.aem4 : UARTCC32XXDMA.oem4 (.text:UARTCC32XXDMA_readPolling)
                  0100e916    0000007a     rtsv7M4_T_le_eabi.lib : fs_mul_t2.asm.obj (.text)
                  0100e990    0000007a                           : memset_t2.asm.obj (.text)
                  0100ea0a    00000002     --HOLE-- [fill = 0]
                  0100ea0c    00000078     drivers_cc32xx.aem4 : GPIOCC32XX.oem4 (.text:GPIO_hwiIntFxn)
                  0100ea84    00000078     simplelink.a : sl_socket.obj (.text:sl_Socket)
                  0100eafc    00000004     release_pem4.oem4 (.text:ti_sysbios_BIOS_RtsGateProxy_enter__E)
                  0100eb00    00000075     sysbios.aem4 : BIOS.obj (.text:xdc_runtime_System_formatNum__I)
                  0100eb75    00000001     --HOLE-- [fill = 0]
                  0100eb76    00000074     drivers_cc32xx.aem4 : I2CCC32XX.oem4 (.text:I2CCC32XX_cancel)
                  0100ebea    00000002     --HOLE-- [fill = 0]
                  0100ebec    00000074     slnetsock_release.a : slnetsock.oem4 (.text:SlNetSock_AllocVirtualSocket)
                  0100ec60    00000074     sysbios.aem4 : BIOS.obj (.text:xdc_runtime_Core_deleteObject__I)
                  0100ecd4    00000070     httpclient_release.a : httpclient.oem4 (.text:HTTPClient_disconnect)
                  0100ed44    00000070     simplelink.a : driver.obj (.text:_SlDrvCmdSend_noLock)
                  0100edb4    00000004     release_pem4.oem4 (.text:ti_sysbios_BIOS_RtsGateProxy_leave__E)
                  0100edb8    00000070     sysbios.aem4 : BIOS.obj (.text:acquireMutexNone$45)
                  0100ee28    00000070                  : BIOS.obj (.text:ti_sysbios_heaps_HeapMem_initPrimary__I)
                  0100ee98    0000006e     rtsv7M4_T_le_eabi.lib : _printfi.c.obj (.text:_mcpy)
                  0100ef06    00000002     --HOLE-- [fill = 0]
                  0100ef08    0000006c     httpclient_release.a : httpclient.oem4 (.text:HTTPClient_getHeader)
                  0100ef74    0000006c     slnetsock_release.a : slnetutils.oem4 (.text:SlNetUtil_str2BinIpV4)
                  0100efe0    0000006c     simplelink.a : device.obj (.text:_SlDeviceHandleResetRequestInternally)
                  0100f04c    0000006c                  : sl_socket.obj (.text:_SlDrvOpenCtrlSocket)
                  0100f0b8    0000006c                  : netapp.obj (.text:_SlNetAppSendTokenValue)
                  0100f124    00000004     release_pem4.oem4 (.text:ti_sysbios_family_arm_m3_Hwi_delete)
                  0100f128    0000006c     sysbios.aem4 : BIOS.obj (.text:ti_sysbios_knl_Swi_restoreHwi__E)
                  0100f194    00000068     simplelink.a : driver.obj (.text:_SlSpawnMsgListGetCount)
                  0100f1fc    00000068     rtsv7M4_T_le_eabi.lib : copy_decompress_lzss.c.obj (.text:decompress:lzss:__TI_decompress_lzss)
                  0100f264    00000068     main_tirtos.obj (.text:main)
                  0100f2cc    00000004     release_pem4.oem4 (.text:ti_sysbios_family_arm_m3_TaskSupport_Module__startupDone__S)
                  0100f2d0    00000068     sysbios.aem4 : BIOS.obj (.text:pthread_exit)
                  0100f338    00000068     simplelink.a : cc_pal.obj (.text:spi_Open)
                  0100f3a0    00000066     drivers_cc32xx.aem4 : I2CCC32XX.oem4 (.text:I2CCC32XX_primeTransfer)
                  0100f406    00000002     --HOLE-- [fill = 0]
                  0100f408    00000064                         : PowerCC32XX.oem4 (.text:PowerCC32XX_setParkState)
                  0100f46c    00000004     release_pem4.oem4 (.text:ti_sysbios_heaps_HeapMem_Module_GateProxy_enter__E)
                  0100f470    00000064     sysbios.aem4 : BIOS.obj (.text:ti_sysbios_family_arm_m3_Hwi_dispatchC__I)
                  0100f4d4    00000060     driverlib.a : prcm.obj (.text:PRCMSysResetCauseGet)
                  0100f534    00000060     drivers_cc32xx.aem4 : UARTCC32XXDMA.oem4 (.text:UARTCC32XXDMA_control)
                  0100f594    00000004     release_pem4.oem4 (.text:ti_sysbios_heaps_HeapMem_Module_GateProxy_leave__E)
                  0100f598    00000060     sysbios.aem4 : BIOS.obj (.text:ti_sysbios_knl_Semaphore_post__E)
                  0100f5f8    00000060                  : BIOS.obj (.text:ti_sysbios_knl_Swi_run__I)
                  0100f658    0000005e     slnetifwifi.a : slnetifwifi.obj (.text:SlNetIfWifi_setSockOpt)
                  0100f6b6    00000002     --HOLE-- [fill = 0]
                  0100f6b8    0000005c     display.aem4 : Display.oem4 (.text:Display_doOpen)
                  0100f714    0000005c     drivers_cc32xx.aem4 : GPIOCC32XX.oem4 (.text:GPIO_setCallback)
                  0100f770    0000005c     simplelink.a : spawn.obj (.text:_SlInternalSpawn)
                  0100f7cc    0000005c     rtsv7M4_T_le_eabi.lib : s_frexp.c.obj (.text:frexp)
                  0100f828    0000005c     httpclient_release.a : httpclient.oem4 (.text:readRawResponseBody)
                  0100f884    00000004     release_pem4.oem4 (.text:ti_sysbios_knl_Clock_TimerProxy_getMaxTicks__E)
                  0100f888    0000005c     sysbios.aem4 : BIOS.obj (.text:ti_sysbios_family_arm_m3_Timer_start__E)
                  0100f8e4    00000004     release_pem4.oem4 (.text:ti_sysbios_knl_Clock_TimerProxy_setPeriodMicroSecs__E)
                  0100f8e8    0000005c     sysbios.aem4 : BIOS.obj (.text:ti_sysbios_knl_Swi_schedule__I)
                  0100f944    00000004     release_pem4.oem4 (.text:ti_sysbios_knl_Clock_TimerProxy_start__E)
                  0100f948    0000005c     sysbios.aem4 : BIOS.obj (.text:ti_sysbios_knl_Task_startCore__E)
                  0100f9a4    00000004     release_pem4.oem4 (.text:ti_sysbios_knl_Clock_TimerProxy_stop__E)
                  0100f9a8    0000005c     sysbios.aem4 : BIOS.obj (.text:xdc_runtime_Startup_exec__E)
                  0100fa04    00000058     drivers_cc32xx.aem4 : GPIOCC32XX.oem4 (.text:GPIO_write)
                  0100fa5c    00000058     driverlib.a : prcm.obj (.text:PRCMPeripheralReset)
                  0100fab4    00000058     drivers_cc32xx.aem4 : PowerCC32XX.oem4 (.text:Power_releaseDependency)
                  0100fb0c    00000058     slnetsock_release.a : slnetsock.oem4 (.text:SlNetSock_recv)
                  0100fb64    00000058                         : slnetsock.oem4 (.text:SlNetSock_send)
                  0100fbbc    00000058     simplelink.a : sl_socket.obj (.text:_SlDrvClearCtrlSocket)
                  0100fc14    00000004     release_pem4.oem4 (.text:ti_sysbios_knl_Clock_delete)
                  0100fc18    00000058     sysbios.aem4 : BIOS.obj (.text:pthread_mutex_init)
                  0100fc70    00000058     simplelink.a : sl_socket.obj (.text:sl_Listen)
                  0100fcc8    00000058                  : eventreg.obj (.text:sl_RegisterLibsEventHandler)
                  0100fd20    00000058     sysbios.aem4 : BIOS.obj (.text:ti_sysbios_family_arm_cc32xx_Seconds_getCount__I)
                  0100fd78    00000056     rtsv7M4_T_le_eabi.lib : _printfi.c.obj (.text:_pconv_f)
                  0100fdce    00000002     --HOLE-- [fill = 0]
                  0100fdd0    00000054     simplelink.a : driver.obj (.text:_SlDrvRxIrqHandler)
                  0100fe24    00000054     rtsv7M4_T_le_eabi.lib : ltoa.c.obj (.text:ltoa)
                  0100fe78    00000054     sysbios.aem4 : BIOS.obj (.text:ti_sysbios_family_arm_cc32xx_Seconds_getTime__E)
                  0100fecc    00000054     release_pem4.oem4 (.text:ti_sysbios_family_arm_m3_Hwi_create)
                  0100ff20    00000054     sysbios.aem4 : BIOS.obj (.text:ti_sysbios_family_arm_m3_Timer_setPeriod__E)
                  0100ff74    00000052     drivers_cc32xx.aem4 : PowerCC32XX_asm.oem4 (.text:PowerCC32XX_resumeLPDS)
                  0100ffc6    00000052     rtsv7M4_T_le_eabi.lib : _printfi.c.obj (.text:_ecpy)
                  01010018    00000050     dpl_cc32xx.aem4 : ClockP_tirtos.oem4 (.text:ClockP_create)
                  01010068    00000050     drivers_cc32xx.aem4 : I2CCC32XX.oem4 (.text:I2CCC32XX_completeTransfer)
                  010100b8    00000050     simplelink.a : cc_pal.obj (.text:NwpRegisterInterruptHandler)
                  01010108    00000050     slnetsock_release.a : slnetif.oem4 (.text:SlNetIf_queryIf)
                  01010158    00000050     drivers_cc32xx.aem4 : UARTCC32XXDMA.oem4 (.text:UARTCC32XXDMA_writePolling)
                  010101a8    00000050     simplelink.a : sl_socket.obj (.text:_SlDrvCloseCtrlSocket)
                  010101f8    00000050                  : driver.obj (.text:_SlDrvCmdSend_noWait)
                  01010248    00000050                  : driver.obj (.text:_SlDrvUpdateApiInProgress)
                  01010298    00000050                  : spawn.obj (.text:_SlInternalSpawnTaskEntry)
                  010102e8    00000050                  : eventreg.obj (.text:_SlNetAppHttpServerHdlr)
                  01010338    00000050                  : eventreg.obj (.text:_SlNetAppRequestHdlr)
                  01010388    00000050     httpclient_release.a : httpclient.oem4 (.text:removeRequestHeader)
                  010103d8    00000050     sysbios.aem4 : BIOS.obj (.text:ti_sysbios_family_arm_m3_Hwi_Module_startup__E)
                  01010428    00000050                  : BIOS.obj (.text:ti_sysbios_knl_Clock_Instance_init__E)
                  01010478    00000050     release_pem4.oem4 (.text:ti_sysbios_knl_Task_create)
                  010104c8    0000004e     drivers_cc32xx.aem4 : UARTCC32XXDMA.oem4 (.text:writeCancel)
                  01010516    00000002     --HOLE-- [fill = 0]
                  01010518    0000004c                         : GPIOCC32XX.oem4 (.text:GPIO_enableInt)
                  01010564    0000004c     simplelink.a : cc_pal.obj (.text:NwpWaitForShutDownInd)
                  010105b0    0000004c     drivers_cc32xx.aem4 : PowerCC32XX.oem4 (.text:PowerCC32XX_parkPin)
                  010105fc    0000004c     slnetifwifi.a : slnetifwifi.obj (.text:SlNetIfWifi_getConnectionStatus)
                  01010648    0000004c     slnetsock_release.a : slnetsock.oem4 (.text:SlNetSock_freeVirtualSocket)
                  01010694    0000004c                         : slnetsock.oem4 (.text:SlNetSock_startSec)
                  010106e0    0000004c     rtsv7M4_T_le_eabi.lib : atoi.c.obj (.text:atoi)
                  0101072c    0000004c                           : cpy_tbl.c.obj (.text:copy_in)
                  01010778    0000004c     platform.obj (.text:printError)
                  010107c4    0000004c     drivers_cc32xx.aem4 : PowerCC32XX.oem4 (.text:restorePeriphClocks)
                  01010810    0000004c     simplelink.a : wlan.obj (.text:sl_WlanSetMode)
                  0101085c    0000004c     sysbios.aem4 : m3_TaskSupport_asm.obj (.text:ti_sysbios_family_arm_m3_TaskSupport_buildTaskStack)
                  010108a8    0000004c                  : BIOS.obj (.text:ti_sysbios_heaps_HeapMem_getStats__E)
                  010108f4    00000004     release_pem4.oem4 (.text:ti_sysbios_knl_Semaphore_delete)
                  010108f8    0000004c     sysbios.aem4 : BIOS.obj (.text:ti_sysbios_knl_Swi_runLoop__I)
                  01010944    00000004     release_pem4.oem4 (.text:ti_sysbios_knl_Task_delete)
                  01010948    0000004c     sysbios.aem4 : BIOS.obj (.text:ti_sysbios_knl_Task_allBlockedFunction__I)
                  01010994    00000004     release_pem4.oem4 (.text:xdc_runtime_System_Module_GateProxy_enter__E)
                  01010998    0000004c     sysbios.aem4 : BIOS.obj (.text:ti_sysbios_knl_Task_schedule__I)
                  010109e4    0000004a     display.aem4 : DisplayUart.oem4 (.text:DisplayUartMin_open)
                  01010a2e    0000004a     drivers_cc32xx.aem4 : UARTCC32XXDMA.oem4 (.text:readCancel)
                  01010a78    00000048     driverlib.a : flash.obj (.text:FlashDisable)
                  01010ac0    00000048                 : prcm.obj (.text:PRCMLPDSEnter)
                  01010b08    00000048                 : prcm.obj (.text:PRCMPeripheralClkEnable)
                  01010b50    00000048     drivers_cc32xx.aem4 : PowerCC32XX.oem4 (.text:Power_releaseConstraint)
                  01010b98    00000048     slnetsock_release.a : slnetsock.oem4 (.text:SlNetSock_connect)
                  01010be0    00000048                         : slnetsock.oem4 (.text:SlNetSock_init)
                  01010c28    00000048     simplelink.a : eventreg.obj (.text:_SlDeviceFatalErrorEvtHdlr)
                  01010c70    00000048                  : eventreg.obj (.text:_SlDeviceGeneralEvtHdlr)
                  01010cb8    00000048                  : driver.obj (.text:_SlDrvSyncObjWaitTimeout)
                  01010d00    00000048                  : eventreg.obj (.text:_SlNetAppEvtHdlr)
                  01010d48    00000048                  : eventreg.obj (.text:_SlNetAppRequestMemFree)
                  01010d90    00000048                  : eventreg.obj (.text:_SlSockEvtHdlr)
                  01010dd8    00000048                  : eventreg.obj (.text:_SlWlanEvtHdlr)
                  01010e20    00000048     rtsv7M4_T_le_eabi.lib : fd_toi_t2.asm.obj (.text)
                  01010e68    00000048     sysbios.aem4 : BIOS.obj (.text:ti_sysbios_family_arm_m3_Hwi_disableInterrupt__E)
                  01010eb0    00000048                  : BIOS.obj (.text:ti_sysbios_family_arm_m3_Hwi_enableInterrupt__E)
                  01010ef8    00000048                  : m3_Hwi_asm_switch.obj (.text:ti_sysbios_family_arm_m3_Hwi_initStacks__E)
                  01010f40    00000048                  : BIOS.obj (.text:ti_sysbios_family_arm_m3_Timer_initDevice__I)
                  01010f88    00000048                  : BIOS.obj (.text:ti_sysbios_knl_Mailbox_Module_startup__E)
                  01010fd0    00000048                  : BIOS.obj (.text:xdc_runtime_Core_assignParams__I)
                  01011018    00000046     display.aem4 : DisplayUart.oem4 (.text:DisplayUartMin_vprintf)
                  0101105e    00000002     --HOLE-- [fill = 0]
                  01011060    00000044     httpclient_release.a : httpclient.oem4 (.text:HTTPClient_create)
                  010110a4    00000044     drivers_cc32xx.aem4 : I2C.oem4 (.text:I2C_init)
                  010110e8    00000044     driverlib.a : prcm.obj (.text:PRCMLPDSRestoreInfoSet)
                  0101112c    00000044     drivers_cc32xx.aem4 : PowerCC32XX_asm.oem4 (.text:PowerCC32XX_enterLPDS)
                  01011170    00000044                         : SPI.oem4 (.text:SPI_init)
                  010111b4    00000044     slnetsock_release.a : slnetutils.oem4 (.text:SlNetUtil_strTok)
                  010111f8    00000044     drivers_cc32xx.aem4 : UART.oem4 (.text:UART_init)
                  0101123c    00000044     boot.aem4 : boot.oem4 (.text)
                  01011280    00000044     rtsv7M4_T_le_eabi.lib : fd_tou_t2.asm.obj (.text)
                  010112c4    00000004     release_pem4.oem4 (.text:xdc_runtime_System_Module_GateProxy_leave__E)
                  010112c8    00000044     sysbios.aem4 : BIOS.obj (.text:ti_sysbios_family_arm_m3_Hwi_getStackInfo__E)
                  0101130c    00000004     --HOLE-- [fill = 0]
                  01011310    00000044                  : BIOS.obj (.text:ti_sysbios_knl_Mailbox_postInit__I)
                  01011354    00000004     --HOLE-- [fill = 0]
                  01011358    00000044                  : BIOS.obj (.text:ti_sysbios_knl_Swi_post__E)
                  0101139c    00000004     --HOLE-- [fill = 0]
                  010113a0    00000044                  : BIOS.obj (.text:xdc_runtime_System_atexit__E)
                  010113e4    00000042     httpclient_release.a : httpclient.oem4 (.text:initializeCB)
                  01011426    00000040     simplelink.a : sl_socket.obj (.text:CountSetBits)
                  01011466    00000002     --HOLE-- [fill = 0]
                  01011468    00000040     dpl_cc32xx.aem4 : HwiP_tirtos.oem4 (.text:HwiP_create)
                  010114a8    00000040     drivers_cc32xx.aem4 : I2C.oem4 (.text:I2C_open)
                  010114e8    00000040     driverlib.a : pin.obj (.text:PinModeSet)
                  01011528    00000040     drivers_cc32xx.aem4 : SPI.oem4 (.text:SPI_open)
                  01011568    00000040     slnetsock_release.a : slnetsock.oem4 (.text:SlNetSock_secAttribSet)
                  010115a8    00000040     drivers_cc32xx.aem4 : UART.oem4 (.text:UART_open)
                  010115e8    00000040                         : UDMACC32XX.oem4 (.text:UDMACC32XX_init)
                  01011628    00000040     simplelink.a : driver.obj (.text:_SlDrvGlobalObjUnLock)
                  01011668    00000040                  : driver.obj (.text:_SlFindAndReleasePendingCmd)
                  010116a8    00000040                  : spawn.obj (.text:_SlInternalSpawnWaitForEvent)
                  010116e8    00000040                  : eventreg.obj (.text:_SlIsEventRegistered)
                  01011728    00000040     httpclient_release.a : httpclient.oem4 (.text:clearReqHeaders)
                  01011768    00000040     rtsv7M4_T_le_eabi.lib : u_divt2.asm.obj (.text)
                  010117a8    00000040                           : sprintf.c.obj (.text:sprintf)
                  010117e8    00000040     sysbios.aem4 : BIOS.obj (.text:ti_sysbios_heaps_HeapMem_Instance_init__E)
                  01011828    00000040     rtsv7M4_T_le_eabi.lib : vsnprintf.c.obj (.text:vsnprintf)
                  01011868    0000003e     slnetsock_release.a : slnetsock.oem4 (.text:SlNetSock_close)
                  010118a6    0000003e     simplelink.a : sl_socket.obj (.text:_SlSocketBuildAddress)
                  010118e4    0000003e     rtsv7M4_T_le_eabi.lib : _printfi.c.obj (.text:_fcpy)
                  01011922    00000006     display.aem4 : DisplayUart.oem4 (.text:DisplayUartMin_getType)
                  01011928    0000003e     sysbios.aem4 : BIOS.obj (.text:sem_timedwait)
                  01011966    00000002     --HOLE-- [fill = 0]
                  01011968    0000003c     drivers_cc32xx.aem4 : PowerCC32XX.oem4 (.text:Power_setConstraint)
                  010119a4    0000003c     dpl_cc32xx.aem4 : SemaphoreP_tirtos.oem4 (.text:SemaphoreP_create)
                  010119e0    0000003c     simplelink.a : netapp.obj (.text:_SlNetAppCopyPingResultsToReport)
                  01011a1c    00000004     --HOLE-- [fill = 0]
                  01011a20    0000003c     sysbios.aem4 : BIOS.obj (.text:pthread_mutex_unlock)
                  01011a5c    00000004     --HOLE-- [fill = 0]
                  01011a60    0000003c                  : BIOS.obj (.text:sleep)
                  01011a9c    00000004     --HOLE-- [fill = 0]
                  01011aa0    0000003c                  : BIOS.obj (.text:ti_sysbios_family_arm_m3_Hwi_Instance_finalize__E)
                  01011adc    00000004     --HOLE-- [fill = 0]
                  01011ae0    0000003c                  : BIOS.obj (.text:ti_sysbios_family_arm_m3_Timer_setPeriodMicroSecs__E)
                  01011b1c    0000003c     release_pem4.oem4 (.text:ti_sysbios_knl_Clock_create)
                  01011b58    0000003c     sysbios.aem4 : BIOS.obj (.text:ti_sysbios_knl_Clock_walkQueuePeriodic__E)
                  01011b94    00000004     --HOLE-- [fill = 0]
                  01011b98    0000003c                  : BIOS.obj (.text:ti_sysbios_knl_Swi_restore__E)
                  01011bd4    0000003c     simplelink.a : sl_socket.obj (.text:to_mSec)
                  01011c10    0000003c     sysbios.aem4 : BIOS.obj (.text:usleep)
                  01011c4c    00000004     --HOLE-- [fill = 0]
                  01011c50    0000003c                  : BIOS.obj (.text:xdc_runtime_System_processAtExit__E)
                  01011c8c    0000003a     slnetifwifi.a : slnetifwifi.obj (.text:SlNetIfWifi_getIPAddr)
                  01011cc6    0000003a     httpclient_release.a : httpclient.oem4 (.text:clearResponseValues)
                  01011d00    0000003a     dpl_cc32xx.aem4 : PowerCC32XX_tirtos.oem4 (.text:getCountsRTC)
                  01011d3a    0000003a     httpclient_release.a : httpclient.oem4 (.text:stringncasecmp)
                  01011d74    00000038     driverlib.a : prcm.obj (.text:PRCMLPDSEnterKeepDebugIf)
                  01011dac    00000038     slnetifwifi.a : slnetifwifi.obj (.text:SlNetIfWifi_recvFrom)
                  01011de4    00000038                   : slnetifwifi.obj (.text:SlNetIfWifi_sendTo)
                  01011e1c    00000038                   : slnetifwifi.obj (.text:SlNetIfWifi_socket)
                  01011e54    00000038     slnetsock_release.a : slnetif.oem4 (.text:SlNetIf_configCheck)
                  01011e8c    00000038                         : slnetutils.oem4 (.text:SlNetUtil_htonl)
                  01011ec4    00000038     drivers_cc32xx.aem4 : PowerCC32XX.oem4 (.text:notify)
                  01011efc    00000038     rtsv7M4_T_le_eabi.lib : fs_tod_t2.asm.obj (.text)
                  01011f34    00000038                           : fs_toi_t2.asm.obj (.text)
                  01011f6c    00000038     drivers_cc32xx.aem4 : UARTCC32XXDMA.oem4 (.text:startTxFifoEmptyClk)
                  01011fa4    00000038     httpclient_release.a : httpclient.oem4 (.text:stringcasecmp)
                  01011fdc    00000004     --HOLE-- [fill = 0]
                  01011fe0    00000038     sysbios.aem4 : BIOS.obj (.text:ti_sysbios_knl_Task_processVitalTaskFlag__I)
                  01012018    00000036     slnetifwifi.a : slnetifwifi.obj (.text:SlNetIfWifi_getHostByName)
                  0101204e    00000036                   : slnetifwifi.obj (.text:SlNetIfWifi_select)
                  01012084    00000036     rtsv7M4_T_le_eabi.lib : strncpy.c.obj (.text:strncpy)
                  010120ba    00000002     --HOLE-- [fill = 0]
                  010120bc    00000034     driverlib.a : prcm.obj (.text:PRCMPeripheralStatusGet)
                  010120f0    00000034                 : pin.obj (.text:PinModeGet)
                  01012124    00000034     drivers_cc32xx.aem4 : PowerCC32XX.oem4 (.text:PowerCC32XX_restoreParkState)
                  01012158    00000034     slnetsock_release.a : slnetutils.oem4 (.text:SlNetUtil_htons)
                  0101218c    00000034     drivers_cc32xx.aem4 : UDMACC32XX.oem4 (.text:UDMACC32XX_close)
                  010121c0    00000034     sysbios.aem4 : BIOS.obj (.text:_pthread_delete$41)
                  010121f4    00000034     rtsv7M4_T_le_eabi.lib : strstr.c.obj (.text:strstr)
                  01012228    00000034     sysbios.aem4 : BIOS.obj (.text:ti_sysbios_family_arm_m3_Timer_periodicStub__I)
                  0101225c    00000034     release_pem4.oem4 (.text:ti_sysbios_knl_Semaphore_create)
                  01012290    00000034     drivers_cc32xx.aem4 : UARTCC32XXDMA.oem4 (.text:writeFinishedDoCallback)
                  010122c4    00000004     --HOLE-- [fill = 0]
                  010122c8    00000032     sysbios.aem4 : BIOS.obj (.text:ti_sysbios_hal_Hwi_initStack)
                  010122fa    00000006     drivers_cc32xx.aem4 : I2CCC32XX.oem4 (.text:I2CCC32XX_control)
                  01012300    00000032     sysbios.aem4 : BIOS.obj (.text:xdc_runtime_System_putchar__I)
                  01012332    00000030     drivers_cc32xx.aem4 : PowerCC32XX.oem4 (.text:PowerCC32XX_restoreParkedPin)
                  01012362    00000030     simplelink.a : fs.obj (.text:_SlFsStrlen)
                  01012392    00000030     rtsv7M4_T_le_eabi.lib : vsnprintf.c.obj (.text:_outs)
                  010123c2    00000002     --HOLE-- [fill = 0]
                  010123c4    00000030     release_pem4.oem4 (.text:ti_sysbios_BIOS_atExitFunc__I)
                  010123f4    00000030     release_pem4.oem4 (.text:ti_sysbios_BIOS_startFunc__I)
                  01012424    00000004     --HOLE-- [fill = 0]
                  01012428    00000030     sysbios.aem4 : BIOS.obj (.text:ti_sysbios_family_arm_m3_TaskSupport_start__E)
                  01012458    00000030     release_pem4.oem4 (.text:ti_sysbios_gates_GateHwi_Object__create__S)
                  01012488    00000030     release_pem4.oem4 (.text:ti_sysbios_gates_GateMutex_Object__create__S)
                  010124b8    00000030     sysbios.aem4 : BIOS.obj (.text:ti_sysbios_gates_GateMutex_enter__E)
                  010124e8    00000030     release_pem4.oem4 (.text:ti_sysbios_heaps_HeapMem_Object__create__S)
                  01012518    00000030     release_pem4.oem4 (.text:ti_sysbios_knl_Semaphore_construct)
                  01012548    00000030     sysbios.aem4 : BIOS.obj (.text:ti_sysbios_knl_Semaphore_pendTimeout__I)
                  01012578    00000030                  : BIOS.obj (.text:ti_sysbios_knl_Task_restore__E)
                  010125a8    00000030                  : BIOS.obj (.text:ti_sysbios_knl_Task_unblockI__E)
                  010125d8    0000002e     simplelink.a : cc_pal.obj (.text:Mutex_create_handle)
                  01012606    0000002e     rtsv7M4_T_le_eabi.lib : i_tofd_t2.asm.obj (.text)
                  01012634    0000002e     release_pem4.oem4 (.text:ti_sysbios_rts_MemAlloc_alloc)
                  01012662    0000002c     httpclient_release.a : httpclient.oem4 (.text:HTTPClient_destroy)
                  0101268e    00000002     --HOLE-- [fill = 0]
                  01012690    0000002c     simplelink.a : cc_pal.obj (.text:NwpPowerOn)
                  010126bc    0000002c     drivers_cc32xx.aem4 : PowerCC32XX.oem4 (.text:PowerCC32XX_getParkState)
                  010126e8    0000002c     dpl_cc32xx.aem4 : SemaphoreP_tirtos.oem4 (.text:SemaphoreP_createBinary)
                  01012714    0000002c     slnetifwifi.a : slnetifwifi.obj (.text:SlNetIfWifi_recv)
                  01012740    0000002c                   : slnetifwifi.obj (.text:SlNetIfWifi_send)
                  0101276c    0000002c     simplelink.a : driver.obj (.text:_SlDrvSyncObjWaitForever)
                  01012798    0000002c     sysbios.aem4 : BIOS.obj (.text:_pthread_cleanupFxn)
                  010127c4    00000004     --HOLE-- [fill = 0]
                  010127c8    0000002c                  : BIOS.obj (.text:clockFxn$39)
                  010127f4    00000004     --HOLE-- [fill = 0]
                  010127f8    0000002c                  : BIOS.obj (.text:getTime$20)
                  01012824    0000002c     rtsv7M4_T_le_eabi.lib : strncmp.c.obj (.text:strncmp)
                  01012850    0000002c     release_pem4.oem4 (.text:ti_sysbios_gates_GateHwi_Handle__label__S)
                  0101287c    0000002c     release_pem4.oem4 (.text:ti_sysbios_gates_GateMutex_Handle__label__S)
                  010128a8    0000002c     release_pem4.oem4 (.text:ti_sysbios_heaps_HeapMem_Handle__label__S)
                  010128d4    0000002c     release_pem4.oem4 (.text:ti_sysbios_knl_Clock_doTick__I)
                  01012900    0000002c     release_pem4.oem4 (.text:ti_sysbios_knl_Queue_construct)
                  0101292c    0000002a     display.aem4 : Display.oem4 (.text:Display_doPrintf)
                  01012956    0000002a     slnetsock_release.a : slnetutils.oem4 (.text:SlNetUtil_inetPton)
                  01012980    0000002a     drivers_cc32xx.aem4 : UARTCC32XXDMA.oem4 (.text:UARTCC32XXDMA_readCancel)
                  010129aa    0000002a                         : UARTCC32XXDMA.oem4 (.text:UARTCC32XXDMA_writeCancel)
                  010129d4    0000002a     release_pem4.oem4 (.text:calloc)
                  010129fe    00000002     --HOLE-- [fill = 0]
                  01012a00    0000002a     sysbios.aem4 : BIOS.obj (.text:sem_init)
                  01012a2a    00000002     --HOLE-- [fill = 0]
                  01012a2c    00000028     display.aem4 : Display.oem4 (.text:Display_doInit)
                  01012a54    00000028     driverlib.a : prcm.obj (.text:PRCMPeripheralClkDisable)
                  01012a7c    00000028     dpl_cc32xx.aem4 : PowerCC32XX_tirtos.oem4 (.text:PowerCC32XX_initPolicy)
                  01012aa4    00000028     drivers_cc32xx.aem4 : PowerCC32XX.oem4 (.text:Power_registerNotify)
                  01012acc    00000028     slnetsock_release.a : slnetif.oem4 (.text:SlNetIf_getIfByID)
                  01012af4    00000028                         : slnetsock.oem4 (.text:SlNetSock_secAttribDelete)
                  01012b1c    00000028     simplelink.a : driver.obj (.text:_SlDrvProtectionObjLockWaitForever)
                  01012b44    00000028                  : driver.obj (.text:_SlDrvProtectionObjUnLock)
                  01012b6c    00000028                  : flowcont.obj (.text:_SlFlowContSet)
                  01012b94    00000028     sysbios.aem4 : m3_Hwi_asm.obj (.text:ti_sysbios_family_arm_m3_Hwi_excHandlerAsm__I)
                  01012bbc    00000004     --HOLE-- [fill = 0]
                  01012bc0    00000028                  : BIOS.obj (.text:ti_sysbios_knl_Clock_addI__E)
                  01012be8    00000028                  : BIOS.obj (.text:ti_sysbios_knl_Swi_Module_startup__E)
                  01012c10    00000026     drivers_cc32xx.aem4 : List.oem4 (.text:List_put)
                  01012c36    00000026                         : List.oem4 (.text:List_remove)
                  01012c5c    00000024                         : PowerCC32XX.oem4 (.text:PowerCC32XX_reset)
                  01012c80    00000024     slnetsock_release.a : slnetif.oem4 (.text:SlNetIf_getConnectionStatus)
                  01012ca4    00000024                         : slnetsock.oem4 (.text:SlNetSock_getIfID)
                  01012cc8    00000024     simplelink.a : driver.obj (.text:_SlDrvIsApiInProgress)
                  01012cec    00000024                  : driver.obj (.text:_SlDrvStartMeasureTimeout)
                  01012d10    00000024     sysbios.aem4 : BIOS.obj (.text:pthread_attr_init)
                  01012d34    00000024     rtsv7M4_T_le_eabi.lib : u_tofs_t2.asm.obj (.text)
                  01012d58    00000024     release_pem4.oem4 (.text:ti_sysbios_BIOS_registerRTSLock__I)
                  01012d7c    00000024     release_pem4.oem4 (.text:ti_sysbios_BIOS_removeRTSLock__I)
                  01012da0    00000024     sysbios.aem4 : BIOS.obj (.text:ti_sysbios_family_arm_m3_Timer_postInit__I)
                  01012dc4    00000004     --HOLE-- [fill = 0]
                  01012dc8    00000024                  : BIOS.obj (.text:ti_sysbios_family_arm_m3_Timer_startup__E)
                  01012dec    00000024     release_pem4.oem4 (.text:ti_sysbios_gates_GateMutex_Object__delete__S)
                  01012e10    00000024     sysbios.aem4 : BIOS.obj (.text:ti_sysbios_knl_Clock_Module_startup__E)
                  01012e34    00000024     release_pem4.oem4 (.text:ti_sysbios_knl_Clock_Object__delete__S)
                  01012e58    00000024     sysbios.aem4 : BIOS.obj (.text:ti_sysbios_knl_Clock_start__E)
                  01012e7c    00000004     --HOLE-- [fill = 0]
                  01012e80    00000024                  : BIOS.obj (.text:ti_sysbios_knl_Semaphore_Instance_init__E)
                  01012ea4    00000024     release_pem4.oem4 (.text:ti_sysbios_knl_Semaphore_Object__delete__S)
                  01012ec8    00000024     sysbios.aem4 : BIOS.obj (.text:ti_sysbios_knl_Task_restoreHwi__E)
                  01012eec    00000004     --HOLE-- [fill = 0]
                  01012ef0    00000024                  : BIOS.obj (.text:xdc_runtime_Error_policyMin__E)
                  01012f14    00000020     drivers_cc32xx.aem4 : PowerCC32XX.oem4 (.text:Power_unregisterNotify)
                  01012f34    00000020     slnetifwifi.a : slnetifwifi.obj (.text:SlNetIfWifi_accept)
                  01012f54    00000020     drivers_cc32xx.aem4 : SPICC32XXDMA.oem4 (.text:getPowerMgrId)
                  01012f74    00000020                         : UARTCC32XXDMA.oem4 (.text:getPowerMgrId)
                  01012f94    00000020     release_pem4.oem4 (.text:ti_sysbios_BIOS_rtsLock__I)
                  01012fb4    00000020     release_pem4.oem4 (.text:ti_sysbios_family_arm_m3_Hwi_Object__delete__S)
                  01012fd4    00000004     --HOLE-- [fill = 0]
                  01012fd8    00000020     sysbios.aem4 : BIOS.obj (.text:ti_sysbios_family_arm_m3_Hwi_clearInterrupt__E)
                  01012ff8    00000020     release_pem4.oem4 (.text:ti_sysbios_gates_GateHwi_Object__delete__S)
                  01013018    00000020     release_pem4.oem4 (.text:ti_sysbios_heaps_HeapMem_Object__delete__S)
                  01013038    00000020     sysbios.aem4 : BIOS.obj (.text:ti_sysbios_knl_Idle_run__E)
                  01013058    00000020     release_pem4.oem4 (.text:ti_sysbios_knl_Semaphore_destruct)
                  01013078    00000020     release_pem4.oem4 (.text:ti_sysbios_knl_Task_Object__delete__S)
                  01013098    0000001e     slnetifwifi.a : slnetifwifi.obj (.text:SlNetIfWifi_bind)
                  010130b6    0000001e                   : slnetifwifi.obj (.text:SlNetIfWifi_connect)
                  010130d4    0000001e     simplelink.a : driver.obj (.text:_SlDrvObjLockWaitForever)
                  010130f2    0000001e                  : driver.obj (.text:_SlDrvObjUnLock)
                  01013110    0000001e                  : driver.obj (.text:_SlDrvSyncObjSignal)
                  0101312e    0000001e     drivers_cc32xx.aem4 : UDMACC32XX.oem4 (.text:postNotifyFxn)
                  0101314c    0000001e     httpclient_release.a : httpclient.oem4 (.text:searchRequestHeader)
                  0101316a    0000001e     sysbios.aem4 : m3_Hwi_asm_switch.obj (.text:ti_sysbios_family_xxx_Hwi_switchAndRunFunc)
                  01013188    0000001c     driverlib.a : pin.obj (.text:PinToPadGet)
                  010131a4    0000001c     simplelink.a : device.obj (.text:_SlDeviceGetStartResponseConvert)
                  010131c0    0000001c                  : spawn.obj (.text:_SlInternalIsItSpawnThread)
                  010131dc    0000001c     rtsv7M4_T_le_eabi.lib : memccpy.c.obj (.text:memccpy)
                  010131f8    0000001c     sysbios.aem4 : BIOS.obj (.text:ti_sysbios_family_arm_m3_Hwi_excHandler__I)
                  01013214    00000004     --HOLE-- [fill = 0]
                  01013218    0000001c                  : BIOS.obj (.text:ti_sysbios_family_arm_m3_Timer_Module_startup__E)
                  01013234    00000004     --HOLE-- [fill = 0]
                  01013238    0000001c                  : BIOS.obj (.text:ti_sysbios_family_arm_m3_Timer_stop__E)
                  01013254    00000004     --HOLE-- [fill = 0]
                  01013258    0000001c                  : BIOS.obj (.text:ti_sysbios_gates_GateMutex_Instance_init__E)
                  01013274    00000004     --HOLE-- [fill = 0]
                  01013278    0000001c                  : BIOS.obj (.text:ti_sysbios_knl_Clock_Instance_finalize__E)
                  01013294    0000001c     release_pem4.oem4 (.text:ti_sysbios_knl_Queue_destruct)
                  010132b0    0000001c     sysbios.aem4 : BIOS.obj (.text:ti_sysbios_knl_Queue_put__E)
                  010132cc    00000004     --HOLE-- [fill = 0]
                  010132d0    0000001c                  : BIOS.obj (.text:ti_sysbios_knl_Task_enter__I)
                  010132ec    00000004     --HOLE-- [fill = 0]
                  010132f0    0000001c                  : BIOS.obj (.text:ti_sysbios_rts_ti_ReentSupport_getReent__F)
                  0101330c    0000001c     httpclient_release.a : httpclient.oem4 (.text:validateResponseHeader)
                  01013328    0000001a     slnetifwifi.a : slnetifwifi.obj (.text:SlNetIfWifi_listen)
                  01013342    0000001a     release_pem4.oem4 (.text:free)
                  0101335c    0000001a     sysbios.aem4 : m3_Hwi_asm.obj (.text:ti_sysbios_family_arm_m3_Hwi_pendSV__I)
                  01013376    00000018     drivers_cc32xx.aem4 : I2C.oem4 (.text:I2C_transfer)
                  0101338e    00000002     --HOLE-- [fill = 0]
                  01013390    00000018                         : PowerCC32XX.oem4 (.text:Power_idleFunc)
                  010133a8    00000018     driverlib.a : uart.obj (.text:UARTBusy)
                  010133c0    00000018     drivers_cc32xx.aem4 : UART.oem4 (.text:UART_Params_init)
                  010133d8    00000018     rtsv7M4_T_le_eabi.lib : args_main.c.obj (.text:_args_main)
                  010133f0    00000018                           : vsnprintf.c.obj (.text:_outc)
                  01013408    00000018                           : sprintf.c.obj (.text:_outs)
                  01013420    00000018     httpclient_release.a : httpclient.oem4 (.text:countChar)
                  01013438    00000018     rtsv7M4_T_le_eabi.lib : ll_mul_t2.asm.obj (.text)
                  01013450    00000018                           : strcmp.c.obj (.text:strcmp)
                  01013468    00000018     release_pem4.oem4 (.text:ti_sysbios_BIOS_rtsUnlock__I)
                  01013480    00000018     release_pem4.oem4 (.text:ti_sysbios_family_arm_m3_Hwi_Module__startupDone__F)
                  01013498    00000018     release_pem4.oem4 (.text:ti_sysbios_family_arm_m3_Timer_Module__startupDone__F)
                  010134b0    00000018     sysbios.aem4 : BIOS.obj (.text:ti_sysbios_gates_GateMutex_leave__E)
                  010134c8    00000018                  : BIOS.obj (.text:ti_sysbios_knl_Task_sleepTimeout__I)
                  010134e0    00000018     release_pem4.oem4 (.text:ti_sysbios_rts_ti_ReentSupport_getTlsAddr__I)
                  010134f8    00000018     sysbios.aem4 : BIOS.obj (.text:xdc_runtime_Error_init__E)
                  01013510    00000018                  : BIOS.obj (.text:xdc_runtime_System_exit__E)
                  01013528    00000016     display.aem4 : DisplayUart.oem4 (.text:DisplayUartMin_close)
                  0101353e    00000016     driverlib.a : prcm.obj (.text:PRCMHIBRegRead)
                  01013554    00000016                 : prcm.obj (.text:PRCMHIBRegWrite)
                  0101356a    00000016     simplelink.a : driver.obj (.text:_SlDrvMemZero)
                  01013580    00000016     httpclient_release.a : httpclient.oem4 (.text:clearNonPersistResponseFilter)
                  01013596    00000002     --HOLE-- [fill = 0]
                  01013598    00000016     sysbios.aem4 : BIOS.obj (.text:pthread_mutex_destroy)
                  010135ae    00000016     rtsv7M4_T_le_eabi.lib : strchr.c.obj (.text:strchr)
                  010135c4    00000016     release_pem4.oem4 (.text:ti_sysbios_BIOS_exitFunc__I)
                  010135da    00000014     drivers_cc32xx.aem4 : I2CCC32XX.oem4 (.text:I2CCC32XX_reset)
                  010135ee    00000002     --HOLE-- [fill = 0]
                  010135f0    00000014                         : PowerCC32XX.oem4 (.text:Power_getDependencyCount)
                  01013604    00000014                         : SPI.oem4 (.text:SPI_Params_init)
                  01013618    00000014     sysbios.aem4 : BIOS.obj (.text:pthread_attr_setschedparam)
                  0101362c    00000014     rtsv7M4_T_le_eabi.lib : strcpy.c.obj (.text:strcpy)
                  01013640    00000014                           : strlen.c.obj (.text:strlen)
                  01013654    00000014     release_pem4.oem4 (.text:ti_sysbios_family_arm_m3_Hwi_Object__get__S)
                  01013668    00000014     sysbios.aem4 : BIOS.obj (.text:ti_sysbios_family_arm_m3_Hwi_switchFromBootStack__E)
                  0101367c    00000014     release_pem4.oem4 (.text:ti_sysbios_heaps_HeapMem_Object__get__S)
                  01013690    00000014     sysbios.aem4 : BIOS.obj (.text:ti_sysbios_knl_Clock_tickReconfig__E)
                  010136a4    00000014     release_pem4.oem4 (.text:ti_sysbios_knl_Swi_Object__get__S)
                  010136b8    00000012     dpl_cc32xx.aem4 : SemaphoreP_tirtos.oem4 (.text:SemaphoreP_pend)
                  010136ca    00000012     slnetifwifi.a : slnetifwifi.obj (.text:SlNetIfWifi_close)
                  010136dc    00000004     --HOLE-- [fill = 0]
                  010136e0    00000012     sysbios.aem4 : BIOS.obj (.text:_pthread_runStub$41)
                  010136f2    00000006     drivers_cc32xx.aem4 : SPICC32XXDMA.oem4 (.text:SPICC32XXDMA_control)
                  010136f8    00000012     sysbios.aem4 : BIOS.obj (.text:ti_sysbios_hal_Hwi_Module_startup__E)
                  0101370a    00000012     rtsv7M4_T_le_eabi.lib : wcslen.c.obj (.text:wcslen)
                  0101371c    00000012     release_pem4.oem4 (.text:xdc_runtime_Startup_exec__I)
                  0101372e    00000010     ti_drivers_config.obj (.text:Board_init)
                  0101373e    00000010     dpl_cc32xx.aem4 : HwiP_tirtos.oem4 (.text:HwiP_Params_init)
                  0101374e    00000002     --HOLE-- [fill = 0]
                  01013750    00000010     drivers_cc32xx.aem4 : I2C.oem4 (.text:I2C_Params_init)
                  01013760    00000010     slnetsock_release.a : slnetsock.oem4 (.text:SlNetSock_secAttribCreate)
                  01013770    00000010     simplelink.a : driver.obj (.text:_SlDrvDispatchHttpServerEvents)
                  01013780    00000010                  : driver.obj (.text:_SlDrvDispatchNetAppRequestEvents)
                  01013790    00000010                  : driver.obj (.text:_SlDrvIsSpawnOwnGlobalLock)
                  010137a0    00000010     ti_drivers_config.obj (.text:dmaErrorFxn)
                  010137b0    00000010     sysbios.aem4 : BIOS.obj (.text:pthread_mutexattr_init)
                  010137c0    00000010                  : BIOS.obj (.text:pthread_mutexattr_settype)
                  010137d0    00000010     httpclient_release.a : httpclient.oem4 (.text:skipWhiteSpace)
                  010137e0    00000010     sysbios.aem4 : BIOS.obj (.text:ti_sysbios_BIOS_getCpuFreq__E)
                  010137f0    00000010                  : BIOS.obj (.text:ti_sysbios_BIOS_setThreadType__E)
                  01013800    00000010                  : BIOS.obj (.text:ti_sysbios_BIOS_start__E)
                  01013810    00000010                  : m3_TaskSupport_asm.obj (.text:ti_sysbios_family_arm_m3_TaskSupport_glue)
                  01013820    00000010                  : m3_TaskSupport_asm.obj (.text:ti_sysbios_family_arm_m3_TaskSupport_swap__E)
                  01013830    00000010                  : BIOS.obj (.text:ti_sysbios_gates_GateMutex_Instance_finalize__E)
                  01013840    00000010     release_pem4.oem4 (.text:ti_sysbios_knl_Mailbox_Object__get__S)
                  01013850    00000010     sysbios.aem4 : BIOS.obj (.text:ti_sysbios_knl_Semaphore_Instance_finalize__E)
                  01013860    00000010                  : BIOS.obj (.text:ti_sysbios_knl_Swi_disable__E)
                  01013870    00000010     release_pem4.oem4 (.text:ti_sysbios_knl_Task_Object__get__S)
                  01013880    00000010     sysbios.aem4 : BIOS.obj (.text:ti_sysbios_knl_Task_disable__E)
                  01013890    00000010                  : BIOS.obj (.text:xdc_runtime_Memory_free__E)
                  010138a0    00000010                  : BIOS.obj (.text:xdc_runtime_SysCallback_abort__E)
                  010138b0    00000010                  : BIOS.obj (.text:xdc_runtime_SysCallback_exit__E)
                  010138c0    00000010                  : BIOS.obj (.text:xdc_runtime_SysCallback_putch__E)
                  010138d0    00000010                  : BIOS.obj (.text:xdc_runtime_SysCallback_ready__E)
                  010138e0    00000010                  : BIOS.obj (.text:xdc_runtime_System_vsnprintf__E)
                  010138f0    0000000e     simplelink.a : driver.obj (.text:_SlDrvResetCmdExt)
                  010138fe    0000000e     rtsv7M4_T_le_eabi.lib : copy_decompress_none.c.obj (.text:decompress:none:__TI_decompress_none)
                  0101390c    0000000e     drivers_cc32xx.aem4 : SPICC32XXDMA.oem4 (.text:postNotifyFxn)
                  0101391a    00000006     driverlib.a : utils.obj (.text:UtilsDelay)
                  01013920    0000000e     sysbios.aem4 : BIOS.obj (.text:pthread_attr_setdetachstate)
                  0101392e    00000002     --HOLE-- [fill = 0]
                  01013930    0000000e                  : BIOS.obj (.text:sem_wait)
                  0101393e    0000000e     simplelink.a : cc_pal.obj (.text:spi_Close)
                  0101394c    00000004     --HOLE-- [fill = 0]
                  01013950    0000000e     sysbios.aem4 : BIOS.obj (.text:ti_sysbios_knl_Idle_loop__E)
                  0101395e    00000002     --HOLE-- [fill = 0]
                  01013960    0000000e                  : BIOS.obj (.text:ti_sysbios_knl_Queue_empty__E)
                  0101396e    0000000c     dpl_cc32xx.aem4 : ClockP_tirtos.oem4 (.text:ClockP_delete)
                  0101397a    00000002     --HOLE-- [fill = 0]
                  0101397c    0000000c                     : ClockP_tirtos.oem4 (.text:ClockP_getSystemTickPeriod)
                  01013988    0000000c                     : HwiP_tirtos.oem4 (.text:HwiP_delete)
                  01013994    0000000c     simplelink.a : cc_pal.obj (.text:NwpMaskInterrupt)
                  010139a0    0000000c                  : cc_pal.obj (.text:NwpUnMaskInterrupt)
                  010139ac    0000000c     drivers_cc32xx.aem4 : PowerCC32XX.oem4 (.text:Power_getConstraintMask)
                  010139b8    0000000c     dpl_cc32xx.aem4 : SemaphoreP_tirtos.oem4 (.text:SemaphoreP_delete)
                  010139c4    0000000c     platform.obj (.text:SimpleLinkHttpServerEventHandler)
                  010139d0    0000000c     platform.obj (.text:SimpleLinkNetAppRequestEventHandler)
                  010139dc    0000000c     simplelink.a : device.obj (.text:_SlDeviceResetRequestInitCompletedCB)
                  010139e8    0000000c     rtsv7M4_T_le_eabi.lib : _lock.c.obj (.text:_register_lock)
                  010139f4    0000000c                           : _lock.c.obj (.text:_register_unlock)
                  01013a00    0000000c                           : s_copysign.c.obj (.text:copysign)
                  01013a0c    0000000c                           : copy_zero_init.c.obj (.text:decompress:ZI:__TI_zero_init)
                  01013a18    0000000c     drivers_cc32xx.aem4 : I2CCC32XX.oem4 (.text:postNotify)
                  01013a24    0000000c                         : UARTCC32XXDMA.oem4 (.text:postNotifyFxn)
                  01013a30    0000000c     sysbios.aem4 : BIOS.obj (.text:pthread_self)
                  01013a3c    0000000c     release_pem4.oem4 (.text:ti_sysbios_family_arm_m3_Hwi_Params__init__S)
                  01013a48    0000000c     sysbios.aem4 : BIOS.obj (.text:ti_sysbios_family_arm_m3_Hwi_disableFxn__E)
                  01013a54    00000004     --HOLE-- [fill = 0]
                  01013a58    0000000c                  : BIOS.obj (.text:ti_sysbios_family_arm_m3_TaskSupport_getStackAlignment__E)
                  01013a64    00000004     --HOLE-- [fill = 0]
                  01013a68    0000000c                  : BIOS.obj (.text:ti_sysbios_gates_GateHwi_enter__E)
                  01013a74    0000000c     release_pem4.oem4 (.text:ti_sysbios_knl_Clock_Params__init__S)
                  01013a80    0000000c     sysbios.aem4 : BIOS.obj (.text:ti_sysbios_knl_Clock_getTicks__E)
                  01013a8c    00000004     --HOLE-- [fill = 0]
                  01013a90    0000000c                  : BIOS.obj (.text:ti_sysbios_knl_Clock_setTicks__E)
                  01013a9c    00000004     --HOLE-- [fill = 0]
                  01013aa0    0000000c                  : BIOS.obj (.text:ti_sysbios_knl_Clock_tickStart__E)
                  01013aac    00000004     --HOLE-- [fill = 0]
                  01013ab0    0000000c                  : BIOS.obj (.text:ti_sysbios_knl_Clock_tickStop__E)
                  01013abc    0000000c     release_pem4.oem4 (.text:ti_sysbios_knl_Queue_Object__get__S)
                  01013ac8    0000000c     release_pem4.oem4 (.text:ti_sysbios_knl_Semaphore_Params__init__S)
                  01013ad4    0000000c     release_pem4.oem4 (.text:ti_sysbios_knl_Task_Params__init__S)
                  01013ae0    0000000c     sysbios.aem4 : BIOS.obj (.text:ti_sysbios_knl_Task_self__E)
                  01013aec    00000004     --HOLE-- [fill = 0]
                  01013af0    0000000c                  : BIOS.obj (.text:ti_sysbios_rts_ti_ReentSupport_taskRegHook__I)
                  01013afc    0000000c     driverlib.a : udma.obj (.text:uDMAErrorStatusClear)
                  01013b08    0000000c                 : udma.obj (.text:uDMAErrorStatusGet)
                  01013b14    00000004     --HOLE-- [fill = 0]
                  01013b18    0000000c     sysbios.aem4 : BIOS.obj (.text:xdc_runtime_Startup_rtsDone__E)
                  01013b24    0000000a     dpl_cc32xx.aem4 : ClockP_tirtos.oem4 (.text:ClockP_Params_init)
                  01013b2e    0000000a     drivers_cc32xx.aem4 : I2C.oem4 (.text:I2C_close)
                  01013b38    0000000a                         : SPI.oem4 (.text:SPI_close)
                  01013b42    0000000a                         : SPI.oem4 (.text:SPI_transfer)
                  01013b4c    0000000a     platform.obj (.text:SimpleLinkFatalErrorEventHandler)
                  01013b56    0000000a     platform.obj (.text:SimpleLinkGeneralEventHandler)
                  01013b60    0000000a     platform.obj (.text:SimpleLinkNetAppRequestMemFreeEventHandler)
                  01013b6a    0000000a     platform.obj (.text:SimpleLinkSockEventHandler)
                  01013b74    0000000a     platform.obj (.text:SimpleLinkWlanEventHandler)
                  01013b7e    0000000a     drivers_cc32xx.aem4 : UART.oem4 (.text:UART_close)
                  01013b88    0000000a                         : UART.oem4 (.text:UART_control)
                  01013b92    0000000a                         : UART.oem4 (.text:UART_write)
                  01013b9c    0000000a     rtsv7M4_T_le_eabi.lib : sprintf.c.obj (.text:_outc)
                  01013ba6    00000002     --HOLE-- [fill = 0]
                  01013ba8    0000000a     sysbios.aem4 : BIOS.obj (.text:sem_destroy)
                  01013bb2    00000006     --HOLE-- [fill = 0]
                  01013bb8    0000000a                  : BIOS.obj (.text:sem_post)
                  01013bc2    0000000a     simplelink.a : device.obj (.text:sl_Task)
                  01013bcc    0000000a     release_pem4.oem4 (.text:xdc_runtime_IHeap_alloc)
                  01013bd6    0000000a     release_pem4.oem4 (.text:xdc_runtime_IHeap_free)
                  01013be0    00000008     drivers_cc32xx.aem4 : I2CCC32XX.oem4 (.text:I2CCC32XX_blockingCallback)
                  01013be8    00000008     dpl_cc32xx.aem4 : SemaphoreP_tirtos.oem4 (.text:SemaphoreP_Params_init)
                  01013bf0    00000008     simplelink.a : cc_pal.obj (.text:TimerGetCurrentTimestamp)
                  01013bf8    00000008     drivers_cc32xx.aem4 : SPICC32XXDMA.oem4 (.text:blockingTransferCallback)
                  01013c00    00000008     sysbios.aem4 : BIOS.obj (.text:pthread_attr_setstacksize)
                  01013c08    00000008                  : BIOS.obj (.text:pthread_mutex_lock)
                  01013c10    00000008     drivers_cc32xx.aem4 : UARTCC32XXDMA.oem4 (.text:readSemCallback)
                  01013c18    00000008     sysbios.aem4 : BIOS.obj (.text:sem_getvalue)
                  01013c20    00000008                  : BIOS.obj (.text:ti_sysbios_family_arm_m3_Hwi_doSwiRestore__I)
                  01013c28    00000008                  : BIOS.obj (.text:ti_sysbios_family_arm_m3_Hwi_startup__E)
                  01013c30    00000008     drivers_cc32xx.aem4 : UARTCC32XXDMA.oem4 (.text:writeSemCallback)
                  01013c38    00000006     sysbios.aem4 : BIOS.obj (.text:ti_sysbios_family_arm_m3_Hwi_doTaskRestore__I)
                  01013c3e    00000002     --HOLE-- [fill = 0]
                  01013c40    00000006                  : BIOS.obj (.text:ti_sysbios_family_arm_m3_Hwi_restoreFxn__E)
                  01013c46    00000002     --HOLE-- [fill = 0]
                  01013c48    00000006                  : BIOS.obj (.text:ti_sysbios_gates_GateHwi_leave__E)
                  01013c4e    00000002     --HOLE-- [fill = 0]
                  01013c50    00000006                  : BIOS.obj (.text:ti_sysbios_heaps_HeapMem_isBlocking__E)
                  01013c56    00000002     --HOLE-- [fill = 0]
                  01013c58    00000006                  : BIOS.obj (.text:ti_sysbios_knl_Clock_stop__E)
                  01013c5e    00000002     --HOLE-- [fill = 0]
                  01013c60    00000006                  : BIOS.obj (.text:ti_sysbios_knl_Queue_Instance_init__E)
                  01013c66    00000002     --HOLE-- [fill = 0]
                  01013c68    00000006                  : BIOS.obj (.text:ti_sysbios_knl_Swi_startup__E)
                  01013c6e    00000002     --HOLE-- [fill = 0]
                  01013c70    00000006                  : BIOS.obj (.text:xdc_runtime_System_Module_startup__E)
                  01013c76    00000002     --HOLE-- [fill = 0]
                  01013c78    00000004                  : BIOS.obj (.text:__aeabi_errno_addr)
                  01013c7c    00000004     --HOLE-- [fill = 0]
                  01013c80    00000004                  : BIOS.obj (.text:ti_sysbios_family_arm_m3_Timer_getMaxTicks__E)
                  01013c84    00000004     --HOLE-- [fill = 0]
                  01013c88    00000004                  : BIOS.obj (.text:ti_sysbios_gates_GateHwi_query__E)
                  01013c8c    00000004     --HOLE-- [fill = 0]
                  01013c90    00000004                  : BIOS.obj (.text:ti_sysbios_gates_GateMutex_query__E)
                  01013c94    00000004     --HOLE-- [fill = 0]
                  01013c98    00000004                  : BIOS.obj (.text:ti_sysbios_knl_Clock_setTimeout__E)
                  01013c9c    00000004     --HOLE-- [fill = 0]
                  01013ca0    00000004                  : BIOS.obj (.text:ti_sysbios_knl_Task_startup__E)
                  01013ca4    00000004     --HOLE-- [fill = 0]
                  01013ca8    00000004                  : BIOS.obj (.text:xdc_runtime_SysCallback_defaultReady)
                  01013cac    00000004     --HOLE-- [fill = 0]
                  01013cb0    00000002                  : BIOS.obj (.text:ti_sysbios_BIOS_linkedWithIncorrectBootLibrary__E)
                  01013cb2    00000006     --HOLE-- [fill = 0]
                  01013cb8    00000002                  : BIOS.obj (.text:ti_sysbios_gates_GateHwi_Instance_init__E)
                  01013cba    00000006     --HOLE-- [fill = 0]
                  01013cc0    00000002                  : BIOS.obj (.text:ti_sysbios_knl_Clock_logTick__E)
                  01013cc2    00000006     --HOLE-- [fill = 0]
                  01013cc8    00000002                  : BIOS.obj (.text:xdc_runtime_SysCallback_defaultAbort)
                  01013cca    00000006     --HOLE-- [fill = 0]
                  01013cd0    00000002                  : BIOS.obj (.text:xdc_runtime_SysCallback_defaultExit)
                  01013cd2    00000006     --HOLE-- [fill = 0]
                  01013cd8    00000002                  : BIOS.obj (.text:xdc_runtime_SysCallback_defaultPutch)
                  01013cda    00000006     --HOLE-- [fill = 0]
[...]
01013c19  sem_getvalue                                                    
01013c21  ti_sysbios_family_arm_m3_Hwi_doSwiRestore__I                    
01013c29  ti_sysbios_family_arm_m3_Hwi_startup__E                         
01013c29  ti_sysbios_hal_Hwi_HwiProxy_startup__E                          
01013c29  ti_sysbios_hal_Hwi_startup__E                                   
01013c39  ti_sysbios_family_arm_m3_Hwi_doTaskRestore__I                   
01013c41  HwiP_restore                                                    
01013c41  ti_sysbios_family_arm_m3_Hwi_restoreFxn__E                      
01013c41  ti_sysbios_hal_Hwi_HwiProxy_restore__E                          
01013c49  ti_sysbios_gates_GateHwi_leave__E                               
01013c51  ti_sysbios_heaps_HeapMem_isBlocking__E                          
01013c59  ti_sysbios_knl_Clock_stop__E                                    
01013c61  ti_sysbios_knl_Queue_Instance_init__E                           
01013c69  ti_sysbios_knl_Swi_startup__E                                   
01013c71  xdc_runtime_System_Module_startup__E                            
01013c79  __aeabi_errno_addr                                              
01013c81  ti_sysbios_family_arm_m3_Timer_getMaxTicks__E                   
01013c89  ti_sysbios_gates_GateHwi_query__E                               
01013c89  xdc_runtime_Main_Module_GateProxy_query__E                      
01013c89  xdc_runtime_System_Module_GateProxy_query__E                    
01013c91  ti_sysbios_BIOS_RtsGateProxy_query__E                           
01013c91  ti_sysbios_gates_GateMutex_query__E                             
01013c91  ti_sysbios_heaps_HeapMem_Module_GateProxy_query__E              
01013c99  ti_sysbios_knl_Clock_setTimeout__E                              
01013ca1  ti_sysbios_knl_Task_startup__E                                  
01013ca9  xdc_runtime_SysCallback_defaultReady                            
01013cb1  ti_sysbios_BIOS_linkedWithIncorrectBootLibrary__E               
01013cb9  ti_sysbios_gates_GateHwi_Instance_init__E                       
01013cc1  ti_sysbios_knl_Clock_logTick__E                                 
01013cc9  xdc_runtime_SysCallback_defaultAbort                            
01013cd1  xdc_runtime_SysCallback_defaultExit                             
01013cd9  xdc_runtime_SysCallback_defaultPutch                            
01013ce1  xdc_runtime_System_abortSpin__E                                 
01013ce9  xdc_runtime_System_exitSpin__E                                  
01013f74  _ctypes_                                                        
01014075  Display_defaultParams                                           
01014076  ti_sysbios_family_arm_m3_Hwi_Module__id__C                      
01014220  spiCC32XXDMAHWAttrs                                             
01014298  OpcodeTranslateTable                                            
01014308  _SlActionLookupTable                                            
01014358  PowerCC32XX_config                                              
01014398  ti_sysbios_knl_Task_Object__PARAMS__C                           
010143d4  ti_sysbios_family_arm_m3_Hwi_Object__PARAMS__C                  
01014404  UARTCC32XXDMA_fxnTable                                          
0101442c  ti_sysbios_heaps_HeapMem_Module__FXNS__C                        
01014454  UART_defaultParams                                              
01014478  ti_sysbios_gates_GateHwi_Module__FXNS__C                        
0101449c  ti_sysbios_gates_GateMutex_Module__FXNS__C                      
010144c0  ti_sysbios_heaps_HeapMem_Object__PARAMS__C                      
010144e4  ti_sysbios_knl_Clock_Object__PARAMS__C                          
01014508  ti_sysbios_knl_Semaphore_Object__PARAMS__C                      
01014593  ti_sysbios_knl_Clock_tickMode__C                                
01014594  DisplayUartMin_fxnTable                                         
010145d4  SPI_defaultParams                                               
01014614  ti_sysbios_family_arm_m3_Hwi_Object__DESC__C                    
01014634  ti_sysbios_gates_GateHwi_Object__DESC__C                        
01014654  ti_sysbios_gates_GateMutex_Object__DESC__C                      
01014674  ti_sysbios_heaps_HeapMem_Object__DESC__C                        
01014694  ti_sysbios_knl_Clock_Object__DESC__C                            
010146b4  ti_sysbios_knl_Queue_Object__DESC__C                            
010146d4  ti_sysbios_knl_Semaphore_Object__DESC__C                        
010146f4  ti_sysbios_knl_Task_Object__DESC__C                             
01014714  xdc_runtime_Startup_sfxnTab__A                                  
01014734  I2CCC32XX_fxnTable                                              
0101474c  SPICC32XXDMA_fxnTable                                           
01014764  SPI_config                                                      
0101477c  ti_sysbios_gates_GateHwi_Object__PARAMS__C                      
01014794  ti_sysbios_gates_GateMutex_Object__PARAMS__C                    
010147ac  ti_sysbios_knl_Queue_Object__PARAMS__C                          
010147c4  ti_sysbios_knl_Task_hooks__A                                    
010147f2  ti_sysbios_family_arm_m3_Timer_Module__id__C                    
0101486c  GPIOCC32XX_config                                               
01014894  displayUartHWAttrs                                              
010148e4  I2C_defaultParams                                               
01014924  i2cCC32XXHWAttrs                                                
01014944  xdc_runtime_Startup_sfxnRts__A                                  
01014960  Display_config                                                  
0101496c  I2C_config                                                      
01014978  UART_config                                                     
010149a8  udmaCC3220SHWAttrs                                              
010149b4  xdc_runtime_Startup_firstFxns__A                                
010149c8  UDMACC32XX_config                                               
010149f0  outPinTypes                                                     
01014a00  ti_sysbios_knl_Idle_funcList__A                                 
01014a08  ti_sysbios_knl_Idle_funcList__C                                 
01014a10  ti_sysbios_knl_Task_hooks__C                                    
01014a18  xdc_runtime_Startup_firstFxns__C                                
01014a20  xdc_runtime_Startup_lastFxns__C                                 
01014a28  Display_count                                                   
01014a29  CryptoCC32XX_count                                              
01014a2a  I2C_count                                                       
01014a2b  SPI_count                                                       
01014a2c  Timer_count                                                     
01014a2d  UART_count                                                      
01014a2e  Watchdog_count                                                  
01014a35  ti_sysbios_knl_Clock_tickSource__C                              
01014a36  inPinTypes                                                      
01014a3c  outPinStrengths                                                 
01014a72  _SlNetAppSendResponseCmdCtrl                                    
01014a76  _SlNetAppSendTokenValueCmdCtrl                                  
01014aa6  ti_sysbios_heaps_HeapMem_Module__id__C                          
01014aa8  ti_sysbios_family_arm_m3_Hwi_E_alreadyDefined__C                
01014aac  ti_sysbios_family_arm_m3_Hwi_E_badIntNum__C                     
01014ab0  ti_sysbios_family_arm_m3_Hwi_NUM_INTERRUPTS__C                  
01014ab4  ti_sysbios_family_arm_m3_Hwi_Object__count__C                   
01014ab8  ti_sysbios_family_arm_m3_Hwi_ccr__C                             
01014abc  ti_sysbios_family_arm_m3_Hwi_excHandlerFunc__C                  
01014ac0  ti_sysbios_family_arm_m3_Hwi_nullIsrFunc__C                     
01014ac4  ti_sysbios_family_arm_m3_Hwi_priGroup__C                        
01014ac8  ti_sysbios_family_arm_m3_Hwi_swiDisable__C                      
01014acc  ti_sysbios_family_arm_m3_Hwi_swiRestore__C                      
01014ad0  ti_sysbios_family_arm_m3_TaskSupport_stackAlignment__C          
01014ad4  ti_sysbios_family_arm_m3_Timer_E_cannotSupport__C               
01014ad8  ti_sysbios_family_arm_m3_Timer_startupNeeded__C                 
01014adc  ti_sysbios_gates_GateMutex_Instance_State_sem__O                
01014ae0  ti_sysbios_heaps_HeapMem_E_memory__C                            
01014ae4  ti_sysbios_heaps_HeapMem_Module__gateObj__C                     
01014ae8  ti_sysbios_heaps_HeapMem_Object__count__C                       
01014aec  ti_sysbios_heaps_HeapMem_primaryHeapBaseAddr__C                 
01014af0  ti_sysbios_heaps_HeapMem_primaryHeapEndAddr__C                  
01014af4  ti_sysbios_heaps_HeapMem_reqAlign__C                            
01014af8  ti_sysbios_knl_Clock_Module_State_clockQ__O                     
01014afc  ti_sysbios_knl_Clock_tickPeriod__C                              
01014b00  ti_sysbios_knl_Mailbox_Instance_State_freeQue__O                
01014b04  ti_sysbios_knl_Mailbox_Object__count__C                         
01014b08  ti_sysbios_knl_Mailbox_maxTypeAlign__C                          
01014b0c  ti_sysbios_knl_Semaphore_Instance_State_pendQ__O                
01014b10  ti_sysbios_knl_Swi_Object__count__C                             
01014b14  ti_sysbios_knl_Task_Module_State_inactiveQ__O                   
01014b18  ti_sysbios_knl_Task_Object__count__C                            
01014b1c  ti_sysbios_knl_Task_Object__heap__C                             
01014b20  ti_sysbios_knl_Task_allBlockedFunc__C                           
01014b24  ti_sysbios_knl_Task_defaultStackHeap__C                         
01014b28  ti_sysbios_knl_Task_defaultStackSize__C                         
01014b2c  ti_sysbios_knl_Task_numConstructedTasks__C                      
01014b30  xdc_runtime_Error_E_memory__C                                   
01014b34  xdc_runtime_Error_policyFxn__C                                  
01014b38  xdc_runtime_IGateProvider_Interface__BASE__C                    
01014b3c  xdc_runtime_IHeap_Interface__BASE__C                            
01014b40  xdc_runtime_IModule_Interface__BASE__C                          
01014b44  xdc_runtime_Memory_defaultHeapInstance__C                       
01014b48  xdc_runtime_Startup_execImpl__C                                 
01014b4c  xdc_runtime_Startup_maxPasses__C                                
01014b50  xdc_runtime_Startup_sfxnRts__C                                  
01014b54  xdc_runtime_Startup_sfxnTab__C                                  
01014b58  xdc_runtime_SysCallback_abortFxn__C                             
01014b5c  xdc_runtime_SysCallback_exitFxn__C                              
01014b60  xdc_runtime_SysCallback_putchFxn__C                             
01014b64  xdc_runtime_SysCallback_readyFxn__C                             
01014b68  xdc_runtime_System_Module__gateObj__C                           
01014b6c  xdc_runtime_System_abortFxn__C                                  
01014b70  xdc_runtime_System_exitFxn__C                                   
01014b74  xdc_runtime_System_extendFxn__C                                 
01014b78  xdc_runtime_System_maxAtexitHandlers__C                         
01014b7c  xdc_runtime_Memory_Module__id__C                                
01014b7e  xdc_runtime_Error_policy__C                                     
01014b80  __TI_static_base__                                              
01014f04  __TI_Handler_Table_Base                                         
01014f10  __TI_Handler_Table_Limit                                        
01014f18  __TI_CINIT_Base                                                 
01014f28  __TI_CINIT_Limit                                                
20000000  ti_sysbios_family_arm_m3_Hwi_ramVectors                         
20000310  __primary_heap_start__                                          
20008310  __primary_heap_end__                                            
20008c00  g_CB                                                            
20008ffc  ti_sysbios_family_arm_m3_Hwi_dispatchTable                      
20009308  ti_sysbios_knl_Task_Instance_State_0_stack__A                   
20009508  PowerCC32XX_contextSave                                         
20009634  spiCC32XXDMAObjects                                             
2000973c  uartCC32XXObjects0                                              
200097a8  i2cCC32XXObjects                                                
20009800  GlobalLockObj                                                   
2000982c  g_SlInternalSpawnCB                                             
20009854  temp                                                            
200098b8  i2cTransaction                                                  
200098fc  i2cParams                                                       
2000990c  DeviceCB                                                        
20009918  Msg                                                             
20009924  displayUartObject                                               
20009930  spiCC32XXSDMAscratchBuf                                         
20009938  udmaCC3220SObject                                               
20009944  ClockP_tickPeriod                                               
20009948  display                                                         
2000994c  i2c                                                             
20009950  mode                                                            
20009954  rxBuffer                                                        
20009958  ti_sysbios_knl_Task_Instance_State_0_hookEnv__A                 
2000995c  txBuffer                                                        
20009960  sample                                                          
20009962  temperature                                                     
20009964  RxIrqCnt                                                        
20009968  PowerCC32XX_module                                              
20009ad4  parkInfo                                                        
20009d0c  ti_sysbios_knl_Swi_Module_State_0_readyQ__A                     
20009d8c  ti_sysbios_knl_Task_Module_State_0_readyQ__A                    
20009e0c  SlNetIfConfigWifi                                               
20009e64  ti_sysbios_gates_GateMutex_Object__table__V                     
20009f08  ti_sysbios_knl_Task_Object__table__V                            
20009f54  ti_sysbios_knl_Task_Module__state__V                            
20009f98  ti_sysbios_family_arm_m3_Hwi_Module__state__V                   
20009fcc  ti_sysbios_family_arm_m3_Timer_Object__table__V                 
20009ffc  ti_sysbios_knl_Swi_Object__table__V                             
2000a02c  ti_sysbios_knl_Clock_Module__state__V                           
2000a058  g_LibsEvents                                                    
2000a07c  g_UserEvents                                                    
2000a0a0  ti_sysbios_BIOS_Module__state__V                                
2000a0c4  xdc_runtime_Error_IgnoreBlock                                   
2000a0e4  HTTP_METHOD_GET                                                 
2000a0e8  HTTP_METHOD_POST                                                
2000a0ec  HTTP_METHOD_HEAD                                                
2000a0f0  HTTP_METHOD_OPTIONS                                             
2000a0f4  HTTP_METHOD_PUT                                                 
2000a0f8  HTTP_METHOD_DELETE                                              
2000a0fc  HTTP_METHOD_CONNECT                                             
2000a100  ti_sysbios_knl_Swi_Module__state__V                             
2000a11c  gpioCallbackFunctions                                           
2000a134  gpioPinConfigs                                                  
2000a14c  ti_sysbios_family_arm_m3_Hwi_Object__table__V                   
2000a164  ti_sysbios_heaps_HeapMem_Object__table__V                       
2000a18c  ti_sysbios_family_arm_cc32xx_Seconds_Module__state__V           
2000a19c  gGlobalLockCntRequested                                         
2000a19d  gGlobalLockCntReleased                                          
2000a19e  g_SlDeviceStatus                                                
2000a1a0  g_pCB                                                           
2000a1a4  pPingCallBackFunc                                               
2000a1a8  ti_sysbios_family_arm_m3_Timer_Module__state__V                 
2000a1be  ti_sysbios_family_arm_m3_Hwi_Module_State_0_excActive__A        
2000a1c0  _lock                                                           
2000a1c4  _unlock                                                         
2000a1d0  httpThread                                                      
2000a1d4  spawn_thread                                                    
2000a1d8  ti_sysbios_family_arm_m3_Hwi_Module__root__V                    
2000a1e0  ti_sysbios_gates_GateHwi_Module__root__V                        
2000a1e8  ti_sysbios_gates_GateMutex_Module__root__V                      
2000a1f0  ti_sysbios_heaps_HeapMem_Module__root__V                        
2000a1f8  ti_sysbios_knl_Clock_Module__root__V                            
2000a200  ti_sysbios_knl_Queue_Module__root__V                            
2000a208  ti_sysbios_knl_Semaphore_Module__root__V                        
2000a210  ti_sysbios_knl_Task_Module__root__V                             
2000a218  xdc_runtime_Startup_Module__state__V                            
2000a220  xdc_runtime_System_Module_State_0_atexitHandlers__A             
2000a228  xdc_runtime_System_Module__state__V                             
2000a230  label                                                           
2000a234  main_func_sp                                                    
2000a238  g_intHandle                                                     
2000a240  ti_sysbios_family_arm_m3_Hwi_Module_State_0_excContext__A       
2000a244  ti_sysbios_family_arm_m3_Hwi_Module_State_0_excStack__A         
2000a248  ti_sysbios_gates_GateHwi_Object__table__V                       
2000a24c  ti_sysbios_knl_Task_Module_State_0_idleTask__A                  
2000a250  ti_sysbios_rts_ti_ReentSupport_Module__state__V                 
2000a254  xdc_runtime_Memory_Module__state__V                             
2003fc00  __stack                                                         
20040000  __STACK_END                                                     
e000e000  ti_sysbios_family_arm_m3_Hwi_nvic                               
ffffffff  __TI_pprof_out_hndl                                             
ffffffff  __TI_prof_data_size                                             
ffffffff  __TI_prof_data_start                                            
ffffffff  __binit__                                                       
ffffffff  __c_args__                                                      
ffffffff  binit                                                           
UNDEFED   SHT$$INIT_ARRAY$$Base                                           
UNDEFED   SHT$$INIT_ARRAY$$Limit                                          

[890 symbols]
