******************************************************************************
                  TI ARM Linker PC v18.12.3                    
******************************************************************************
>> Linked Sun Feb 23 15:59:52 2020

OUTPUT FILE NAME:   <mqtt_client_MSP_EXP432P401R_tirtos_ccs.out>
ENTRY POINT SYMBOL: "_c_int00"  address: 00011645


MEMORY CONFIGURATION

         name            origin    length      used     unused   attr    fill
----------------------  --------  ---------  --------  --------  ----  --------
  MAIN                  00000000   00040000  0001746d  00028b93  R  X
  INFO                  00200000   00004000  00000000  00004000  R  X
  SRAM_CODE             01000000   00010000  0000a348  00005cb8  RW X
  SRAM_DATA             20000000   00010000  0000a348  00005cb8  RW  


SEGMENT ALLOCATION MAP

run origin  load origin   length   init length attrs members
----------  ----------- ---------- ----------- ----- -------
00000000    00000000    00017478   00017478    r-x
  00000000    00000000    0000003c   0000003c    r-- .resetVecs
  00000040    00000040    000164f2   000164f2    r-x .text
  00016534    00016534    00000bef   00000bef    r-- .const
  00017128    00017128    00000350   00000350    r-- .cinit
20000140    20000140    00008000   00000000    r--
  20000140    20000140    00008000   00000000    r-- .priheap
20008200    20008200    00001e08   00000000    rw-
  20008200    20008200    000015dc   00000000    rw- .bss
  200097dc    200097dc    0000082c   00000000    rw- .data
2000fc00    2000fc00    00000400   00000000    rw-
  2000fc00    2000fc00    00000400   00000000    rw- .stack


SECTION ALLOCATION MAP

 output                                  attributes/
section   page    origin      length       input sections
--------  ----  ----------  ----------   ----------------
.text      0    00000040    000164f2     
                  00000040    00000a4e     rtsv7M4_T_le_v4SPD16_eabi.lib : _printfi.c.obj (.text:__TI_printfi)
                  00000a8e    00000002     simplelink.a : cc_pal.obj (.text:NwpMaskInterrupt)
                  00000a90    00000918                  : driver.obj (.text:_SlDrvMsgRead)
                  000013a8    000004b0                  : sl_socket.obj (.text:_SlSocketHandleAsync_Select)
                  00001858    00000384                  : driver.obj (.text:_SlDrvMsgWrite)
                  00001bdc    0000033c     client_cbs.obj (.text:MqttClientCallback)
                  00001f18    00000320     network_if.obj (.text:Network_IF_ConnectAP)
                  00002238    000002f8     drivers_msp432p401x.aem4f : PowerMSP432.oem4f (.text:Power_sleep)
                  00002530    000002d8     simplelink.a : driver.obj (.text:_SlDrvRxHdrRead)
                  00002808    000002d0     drivers_msp432p401x.aem4f : UARTMSP432.oem4f (.text:UARTMSP432_open)
                  00002ad8    000002cc     mqtt_client_app.obj (.text:mainThread)
                  00002da4    000002c0     simplelink.a : driver.obj (.text:_SlDrvWaitForPoolObj)
                  00003064    000002b4                  : sl_socket.obj (.text:sl_Select)
                  00003318    000002a0     rtsv7M4_T_le_v4SPD16_eabi.lib : mktime.c.obj (.text:__mktime32)
                  000035b8    0000028d     network_if.obj (.text:SimpleLinkSockEventHandler)
                  00003845    00000001     --HOLE-- [fill = 0]
                  00003846    00000002     simplelink.a : cc_pal.obj (.text:NwpUnMaskInterrupt)
                  00003848    0000028c     drivers_msp432p401x.aem4f : SPIMSP432DMA.oem4f (.text:SPIMSP432DMA_open)
                  00003ad4    0000028a     msp432p4xx_driverlib.lib : pcm.o (.text:__PCM_setPowerStateAdvanced)
                  00003d5e    00000002     dpl_msp432p401x.aem4f : PowerMSP432_tirtos.oem4f (.text:PowerMSP432_initPolicy)
                  00003d60    00000288     drivers_msp432p401x.aem4f : PowerMSP432.oem4f (.text:initPerfControl)
                  00003fe8    0000027c     mqtt_client_app.obj (.text:MqttClient_start)
                  00004264    0000027c     simplelink.a : wlan.obj (.text:sl_WlanConnect)
                  000044e0    00000270                  : driver.obj (.text:_SlDrvDataReadOp)
                  00004750    00000270     rtsv7M4_T_le_v4SPD16_eabi.lib : _printfi.c.obj (.text:_pconv_a)
                  000049c0    00000268     simplelink.a : driver.obj (.text:_SlDrvReleasePoolObj)
                  00004c28    00000264     network_if.obj (.text:Network_IF_InitDriver)
                  00004e8c    00000238     mqtt_client_app.obj (.text:DisplayAppBanner)
                  000050c4    00000228     slnetsock_debug.a : slnetsock.oem4f (.text:SlNetSock_select)
                  000052ec    00000224     mqtt_client_app.obj (.text:MqttClient)
                  00005510    00000210     simplelink.a : driver.obj (.text:_SlDrvDataWriteOp)
                  00005720    000001fc     slnetsock_debug.a : slnetutils.oem4f (.text:SlNetUtil_str2BinIpV6)
                  0000591c    000001f4     simplelink.a : driver.obj (.text:_SlDrvMsgReadCmdCtx)
                  00005b10    000001f2                  : netapp.obj (.text:_SlNetAppEventHandler)
                  00005d02    00000002     drivers_msp432p401x.aem4f : UARTMSP432.oem4f (.text:UARTMSP432_init)
                  00005d04    000001e1     network_if.obj (.text:SimpleLinkFatalErrorEventHandler)
                  00005ee5    00000001     --HOLE-- [fill = 0]
                  00005ee6    00000002     rtsv7M4_T_le_v4SPD16_eabi.lib : _lock.c.obj (.text:_nop)
                  00005ee8    000001d8     network_if.obj (.text:SimpleLinkWlanEventHandler)
                  000060c0    000001d0     rtsv7M4_T_le_v4SPD16_eabi.lib : _printfi.c.obj (.text:_pconv_g)
                  00006290    000001b8     simplelink.a : device.obj (.text:sl_Stop)
                  00006448    000001b6     rtsv7M4_T_le_v4SPD16_eabi.lib : fd_add_t2.asm.obj (.text)
                  000065fe    00000002                                   : div0.asm.obj (.text)
                  00006600    000001b4     simplelink.a : sl_socket.obj (.text:sl_Accept)
                  000067b4    00000004     msp432p4xx_driverlib.lib : cpu.o (.text:CPU_wfi)
                  000067b8    000001b0     sysbios.aem4f : BIOS.obj (.text:mq_open)
                  00006968    0000019c     simplelink.a : driver.obj (.text:_SlDrvReleaseAllActivePendingPoolObj)
                  00006b04    0000018c                  : sl_socket.obj (.text:_SlDrvRegisterForSelectAsync)
                  00006c90    00000188                  : driver.obj (.text:_SlDrvDriverCBInit)
                  00006e18    00000184                  : sl_socket.obj (.text:sl_Connect)
                  00006f9c    00000180     network_if.obj (.text:SimpleLinkNetAppEventHandler)
                  0000711c    00000174     simplelink.a : driver.obj (.text:_SlDrvFindAndSetActiveObj)
                  00007290    00000170     drivers_msp432p401x.aem4f : GPIOMSP432.oem4f (.text:GPIO_setConfig)
                  00007400    00000164     slnetsock_debug.a : slnetif.oem4f (.text:SlNetIf_add)
                  00007564    00000164     simplelink.a : netapp.obj (.text:sl_NetAppDnsGetHostByName)
                  000076c8    0000015c     msp432p4xx_driverlib.lib : pcm.o (.text:__PCM_setPowerModeAdvanced)
                  00007824    0000015a     mqtt_release.a : mqtt_net_func.oem4f (.text:createSocket)
                  0000797e    00000002     release_pem4f.oem4f (.text:ti_sysbios_BIOS_nullFunc__I)
                  00007980    00000154     mqtt_release.a : mqttclient.oem4f (.text:MQTTClient_connect)
                  00007ad4    00000154     simplelink.a : sl_socket.obj (.text:sl_RecvFrom)
                  00007c28    00000150     mqtt_client_app.obj (.text:Mqtt_start)
                  00007d78    00000148     mqtt_client_app.obj (.text:Mqtt_IF_Connect)
                  00007ec0    00000140     simplelink.a : driver.obj (.text:_SlDrvMsgReadSpawnCtx)
                  00008000    0000013c     rtsv7M4_T_le_v4SPD16_eabi.lib : _printfi.c.obj (.text:_pconv_e)
                  0000813c    00000136                                   : fd_div_t2.asm.obj (.text)
                  00008272    00000002     --HOLE-- [fill = 0]
                  00008274    00000130     simplelink.a : sl_socket.obj (.text:_SlDrvGetNextTimeoutValue)
                  000083a4    00000130     drivers_msp432p401x.aem4f : UDMAMSP432.oem4f (.text:setupInterrupt)
                  000084d4    00000004     dpl_msp432p401x.aem4f : ClockP_tirtos.oem4f (.text:ClockP_setTimeout)
                  000084d8    00000130     sysbios.aem4f : BIOS.obj (.text:ti_sysbios_knl_Semaphore_pend__E)
                  00008608    0000012c     drivers_msp432p401x.aem4f : SPIMSP432DMA.oem4f (.text:SPIMSP432DMA_transfer)
                  00008734    00000128     simplelink.a : driver.obj (.text:_SlDrvClassifyRxMsg)
                  0000885c    00000124     rtsv7M4_T_le_v4SPD16_eabi.lib : _printfi.c.obj (.text:fcvt)
                  00008980    00000124     simplelink.a : fs.obj (.text:sl_FsOpen)
                  00008aa4    00000120                  : driver.obj (.text:_SlDrvAsyncEventGenericHandler)
                  00008bc4    0000011c     msp432p4xx_driverlib.lib : uart.o (.text:UART_initModule)
                  00008ce0    0000011c     simplelink.a : device.obj (.text:sl_Start)
                  00008dfc    00000114                  : netapp.obj (.text:_SlNetAppHandleAsync_DnsGetHostByService)
                  00008f10    00000112     mqtt_release.a : mqtt_common.oem4f (.text:MQTT_PacketRecv)
                  00009022    00000002     --HOLE-- [fill = 0]
                  00009024    00000110     rtsv7M4_T_le_v4SPD16_eabi.lib : s_scalbn.c.obj (.text:scalbn)
                  00009134    00000110                                   : strtoul.c.obj (.text:strtoul)
                  00009244    00000108     msp432p4xx_driverlib.lib : pcm.o (.text:__PCM_setCoreVoltageLevelAdvanced)
                  0000934c    00000004     dpl_msp432p401x.aem4f : ClockP_tirtos.oem4f (.text:ClockP_start)
                  00009350    00000108     sysbios.aem4f : BIOS.obj (.text:ti_sysbios_knl_Task_postInit__I)
                  00009458    00000108                   : BIOS.obj (.text:xdc_runtime_Startup_startMods__I)
                  00009560    00000104     drivers_msp432p401x.aem4f : SPIMSP432DMA.oem4f (.text:SPIMSP432DMA_transferCancel)
                  00009664    00000104     simplelink.a : device.obj (.text:_SlDeviceEventHandler)
                  00009768    00000104                  : driver.obj (.text:_SlDrvCmdOp)
                  0000986c    00000104                  : driver.obj (.text:_SlDrvObjGlobalLockWaitForever)
                  00009970    00000104     sysbios.aem4f : BIOS.obj (.text:ti_sysbios_knl_Task_Instance_finalize__E)
                  00009a74    00000100     slnetsock_debug.a : slnetsock.oem4f (.text:SlNetSock_create)
                  00009b74    00000100     simplelink.a : sl_socket.obj (.text:sl_Close)
                  00009c74    00000100                  : fs.obj (.text:sl_FsWrite)
                  00009d74    000000fc     drivers_msp432p401x.aem4f : SPIMSP432DMA.oem4f (.text:configDMA)
                  00009e70    000000fc     rtsv7M4_T_le_v4SPD16_eabi.lib : fd_mul_t2.asm.obj (.text)
                  00009f6c    000000f8     slnetifwifi.a : slnetifwifi.obj (.text:SlNetIfWifi_loadSecObj)
                  0000a064    00000004     dpl_msp432p401x.aem4f : ClockP_tirtos.oem4f (.text:ClockP_stop)
                  0000a068    000000f8     sysbios.aem4f : BIOS.obj (.text:ti_sysbios_family_arm_msp432_init_Boot_configureClocksHigh)
                  0000a160    000000f8                   : BIOS.obj (.text:timer_create)
                  0000a258    000000f6     mqtt_release.a : mqtt_net_func.oem4f (.text:MQTTNet_commOpen)
                  0000a34e    00000002     --HOLE-- [fill = 0]
                  0000a350    000000f4     simplelink.a : sl_socket.obj (.text:sl_SendTo)
                  0000a444    000000f0     msp432p4xx_driverlib.lib : dma.o (.text:DMA_setChannelTransfer)
                  0000a534    00000004     dpl_msp432p401x.aem4f : HwiP_tirtos.oem4f (.text:HwiP_clearInterrupt)
                  0000a538    000000f0     sysbios.aem4f : BIOS.obj (.text:pthread_create)
                  0000a628    000000f0                   : m3_Hwi_asm.obj (.text:ti_sysbios_family_arm_m3_Hwi_dispatch__I)
                  0000a718    000000e6     mqtt_release.a : client_core.oem4f (.text:utf8ArraySend)
                  0000a7fe    00000002     --HOLE-- [fill = 0]
                  0000a800    000000e4     msp432p4xx_driverlib.lib : cs.o (.text:CS_startHFXTWithTimeout)
                  0000a8e4    00000004     dpl_msp432p401x.aem4f : HwiP_tirtos.oem4f (.text:HwiP_disable)
                  0000a8e8    000000e4     sysbios.aem4f : BIOS.obj (.text:ti_sysbios_knl_Task_Instance_init__E)
                  0000a9cc    000000e0     msp432p4xx_driverlib.lib : cs.o (.text:CS_startLFXTWithTimeout)
                  0000aaac    000000e0     mqtt_release.a : mqttclient.oem4f (.text:MqttClientCtxCreate)
                  0000ab8c    000000e0     simplelink.a : driver.obj (.text:_SlSpawnMsgListInsert)
                  0000ac6c    00000004     dpl_msp432p401x.aem4f : HwiP_tirtos.oem4f (.text:HwiP_disableInterrupt)
                  0000ac70    000000e0     sysbios.aem4f : BIOS.obj (.text:clock_gettime)
                  0000ad50    000000de     mqtt_release.a : client_core.oem4f (.text:connectMsgSend)
                  0000ae2e    00000002     --HOLE-- [fill = 0]
                  0000ae30    000000dc     drivers_msp432p401x.aem4f : UARTMSP432.oem4f (.text:UARTMSP432_readPolling)
                  0000af0c    000000dc                               : UDMAMSP432.oem4f (.text:UDMAMSP432_close)
                  0000afe8    000000dc     msp432p4xx_driverlib.lib : cs.o (.text:_CSGetHFXTFrequency)
                  0000b0c4    000000d8     uart_term.obj (.text:GetCmd)
                  0000b19c    000000d8     simplelink.a : device.obj (.text:_SlDeviceHandleAsync_InitComplete)
                  0000b274    000000d8                  : driver.obj (.text:_SlDrvWaitForInternalAsyncEvent)
                  0000b34c    000000d8                  : netapp.obj (.text:_SlNetAppHandleAsync_NetAppReceive)
                  0000b424    00000004     dpl_msp432p401x.aem4f : HwiP_tirtos.oem4f (.text:HwiP_enableInterrupt)
                  0000b428    000000d8     sysbios.aem4f : BIOS.obj (.text:ti_sysbios_knl_Mailbox_Instance_init__E)
                  0000b500    000000d4     simplelink.a : driver.obj (.text:_SlDrvDriverCBDeinit)
                  0000b5d4    000000d4                  : sl_socket.obj (.text:sl_StartTLS)
                  0000b6a8    000000d0     mqtt_client_app.obj (.text:Mqtt_Stop)
                  0000b778    000000d0     slnetsock_debug.a : slnetsock.oem4f (.text:SlNetSock_getVirtualSdConf)
                  0000b848    000000d0     sysbios.aem4f : BIOS.obj (.text:ti_sysbios_heaps_HeapMem_alloc__E)
                  0000b918    000000d0                   : BIOS.obj (.text:timer_settime)
                  0000b9e8    000000cc     mqtt_release.a : mqttclient.oem4f (.text:processNotifyAckCB)
                  0000bab4    000000ca     drivers_msp432p401x.aem4f : UARTMSP432.oem4f (.text:UARTMSP432_hwiIntFxn)
                  0000bb7e    00000002     --HOLE-- [fill = 0]
                  0000bb80    000000c8     simplelink.a : sl_socket.obj (.text:_SlSocketHandleAsync_StartTLS)
                  0000bc48    000000c4                  : driver.obj (.text:_SlDrvRemoveFromList)
                  0000bd0c    00000004     dpl_msp432p401x.aem4f : MutexP_tirtos.oem4f (.text:MutexP_lock)
                  0000bd10    000000c4     sysbios.aem4f : BIOS.obj (.text:ti_sysbios_knl_Task_sleep__E)
                  0000bdd4    000000c0     mqtt_release.a : mqttclient.oem4f (.text:MqttClientSub)
                  0000be94    000000c0     simplelink.a : netcfg.obj (.text:sl_NetCfgGet)
                  0000bf54    000000bc                  : netapp.obj (.text:_SlNetAppSendResponse)
                  0000c010    000000bc     mqtt_release.a : client_core.oem4f (.text:clCtxConnStateTryLocked)
                  0000c0cc    000000bc     simplelink.a : sl_socket.obj (.text:sl_Send)
                  0000c188    000000b8                  : netapp.obj (.text:_SlNetAppHandleAsync_DnsGetHostByName)
                  0000c240    000000b8                  : netapp.obj (.text:_SlNetAppHandleAsync_PingResponse)
                  0000c2f8    000000b8     drivers_msp432p401x.aem4f : UARTMSP432.oem4f (.text:initHw)
                  0000c3b0    000000b8                               : UARTMSP432.oem4f (.text:readTaskCallback)
                  0000c468    000000b8     simplelink.a : device.obj (.text:sl_DeviceGet)
                  0000c520    000000b8                  : wlan.obj (.text:sl_WlanGet)
                  0000c5d8    000000b8     sysbios.aem4f : BIOS.obj (.text:ti_sysbios_family_arm_m3_Hwi_Instance_init__E)
                  0000c690    000000b4     mqtt_release.a : mqttclient.oem4f (.text:MqttClient_send)
                  0000c744    000000b4     mqtt_client_app.obj (.text:SetClientIdNamefromMacAddress)
                  0000c7f8    000000b4     drivers_msp432p401x.aem4f : UARTMSP432.oem4f (.text:UARTMSP432_control)
                  0000c8ac    000000b4                               : UARTMSP432.oem4f (.text:UARTMSP432_writePolling)
                  0000c960    000000b4     simplelink.a : driver.obj (.text:_SlDrvHandleFatalError)
                  0000ca14    000000b4                  : netutil.obj (.text:_SlNetUtilHandleAsync_Cmd)
                  0000cac8    000000b4                  : sl_socket.obj (.text:sl_GetSockOpt)
                  0000cb7c    000000b4                  : cc_pal.obj (.text:spi_Read)
                  0000cc30    000000b4                  : cc_pal.obj (.text:spi_Write)
                  0000cce4    000000b1     rtsv7M4_T_le_v4SPD16_eabi.lib : _printfi.c.obj (.text:_ltostr)
                  0000cd95    00000001     --HOLE-- [fill = 0]
                  0000cd96    000000b0     msp432p4xx_driverlib.lib : spi.o (.text:SPI_initMaster)
                  0000ce46    00000002     --HOLE-- [fill = 0]
                  0000ce48    000000b0     slnetsock_debug.a : slnetsock.oem4f (.text:SlNetSock_accept)
                  0000cef8    000000ae     slnetifwifi.a : slnetifwifi.obj (.text:matchModeByRole)
                  0000cfa6    00000002     --HOLE-- [fill = 0]
                  0000cfa8    000000ac     drivers_msp432p401x.aem4f : GPIOMSP432.oem4f (.text:GPIO_init)
                  0000d054    000000ac     slnetsock_debug.a : slnetif.oem4f (.text:SlNetIf_queryIf)
                  0000d100    000000ac     simplelink.a : sl_socket.obj (.text:_SlSocketHandleAsync_Close)
                  0000d1ac    000000ac                  : sl_socket.obj (.text:_SlSocketHandleAsync_Connect)
                  0000d258    000000aa     uart_term.obj (.text:Report)
                  0000d302    00000006     dpl_msp432p401x.aem4f : MutexP_tirtos.oem4f (.text:MutexP_Params_init)
                  0000d308    000000aa     sysbios.aem4f : BIOS.obj (.text:xdc_runtime_Core_createObject__I)
                  0000d3b2    00000002     --HOLE-- [fill = 0]
                  0000d3b4    000000a8     network_if.obj (.text:Network_IF_IpConfigGet)
                  0000d45c    000000a8     drivers_msp432p401x.aem4f : UARTMSP432.oem4f (.text:UARTMSP432_write)
                  0000d504    000000a8                               : UARTMSP432.oem4f (.text:readTaskBlocking)
                  0000d5ac    000000a8     simplelink.a : fs.obj (.text:sl_FsClose)
                  0000d654    00000004     dpl_msp432p401x.aem4f : MutexP_tirtos.oem4f (.text:MutexP_unlock)
                  0000d658    000000a8     sysbios.aem4f : BIOS.obj (.text:ti_sysbios_family_arm_msp432_Timer_periodicStub__E)
                  0000d700    000000a4     mqtt_release.a : mqttclient.oem4f (.text:MQTTClient_create)
                  0000d7a4    000000a4                    : mqttclient.oem4f (.text:MqttClientConfig)
                  0000d848    000000a4     simplelink.a : sl_socket.obj (.text:sl_Bind)
                  0000d8ec    00000004     drivers_msp432p401x.aem4f : SPIMSP432DMA.oem4f (.text:SPIMSP432DMA_init)
                  0000d8f0    000000a4     sysbios.aem4f : BIOS.obj (.text:ti_sysbios_knl_Task_setPri__E)
                  0000d994    000000a0     simplelink.a : fs.obj (.text:FsGetCreateFsMode)
                  0000da34    000000a0     mqtt_release.a : mqttclient.oem4f (.text:MQTTClient_delete)
                  0000dad4    000000a0     mqtt_client_app.obj (.text:Mqtt_ClientStop)
                  0000db74    000000a0     slnetsock_debug.a : slnetsock.oem4f (.text:SlNetSock_AllocVirtualSocket)
                  0000dc14    000000a0     simplelink.a : sl_socket.obj (.text:_SlDrvUnRegisterForSelectAsync)
                  0000dcb4    000000a0                  : driver.obj (.text:_SlSpawnMsgListProcess)
                  0000dd54    000000a0     auto_init.aem4f : auto_init.oem4f (.text)
                  0000ddf4    000000a0     drivers_msp432p401x.aem4f : UARTMSP432.oem4f (.text:readIsrTextCallback)
                  0000de94    0000009c     mqtt_release.a : client_core.oem4f (.text:MQTTClientCore_sendPubMsg)
                  0000df30    0000009c                    : mqttclient.oem4f (.text:MqttClientUnsub)
                  0000dfcc    0000009c     drivers_msp432p401x.aem4f : PowerMSP432.oem4f (.text:Power_init)
                  0000e068    0000009c     slnetsock_debug.a : slnetsock.oem4f (.text:SlNetSock_freeVirtualSocket)
                  0000e104    0000009c     mqtt_release.a : client_core.oem4f (.text:_msgDispatch)
                  0000e1a0    0000009c     rtsv7M4_T_le_v4SPD16_eabi.lib : memcpy_t2.asm.obj (.text)
                  0000e23c    0000009a     mqtt_release.a : client_core.oem4f (.text:procPubMsgRx)
                  0000e2d6    00000002     --HOLE-- [fill = 0]
                  0000e2d8    00000098                    : client_core.oem4f (.text:MQTTClientCore_initLib)
                  0000e370    00000098     uart_term.obj (.text:TrimSpace)
                  0000e408    00000096     mqtt_release.a : mqtt_net_func.oem4f (.text:MQTTNet_tcpSelect)
                  0000e49e    00000096     rtsv7M4_T_le_v4SPD16_eabi.lib : ull_div_t2.asm.obj (.text)
                  0000e534    00000094     drivers_msp432p401x.aem4f : UDMAMSP432.oem4f (.text:UDMAMSP432_init)
                  0000e5c8    00000094                               : UDMAMSP432.oem4f (.text:UDMAMSP432_open)
                  0000e65c    00000004     dpl_msp432p401x.aem4f : SemaphoreP_tirtos.oem4f (.text:SemaphoreP_post)
                  0000e660    00000094     sysbios.aem4f : BIOS.obj (.text:_pthread_removeThreadKeys)
                  0000e6f4    00000004     mqtt_release.a : mqttclient.oem4f (.text:mutexLockup)
                  0000e6f8    00000094     sysbios.aem4f : BIOS.obj (.text:ti_sysbios_family_arm_m3_Hwi_initNVIC__E)
                  0000e78c    00000004     mqtt_release.a : mqttclient.oem4f (.text:mutexUnlock)
                  0000e790    00000094     sysbios.aem4f : BIOS.obj (.text:ti_sysbios_knl_Task_exit__E)
                  0000e824    00000092     drivers_msp432p401x.aem4f : UARTMSP432.oem4f (.text:UARTMSP432_close)
                  0000e8b6    00000092                               : UARTMSP432.oem4f (.text:writeData)
                  0000e948    00000090     slnetsock_debug.a : slnetutils.oem4f (.text:SlNetUtil_getHostByName)
                  0000e9d8    00000090     simplelink.a : device.obj (.text:_SlDeviceHandleAsync_Stop)
                  0000ea68    00000090                  : sl_socket.obj (.text:_SlSocketHandleAsync_Accept)
                  0000eaf8    00000090     mqtt_release.a : mqttclient.oem4f (.text:processPublishRxCB)
                  0000eb88    00000090     sysbios.aem4f : BIOS.obj (.text:ti_sysbios_knl_Task_Module_startup__E)
                  0000ec18    0000008d     mqtt_client_app.obj (.text:DisplayBanner)
                  0000eca5    00000003     --HOLE-- [fill = 0]
                  0000eca8    0000008c     mqtt_release.a : client_core.oem4f (.text:MQTTClientCore_createCtx)
                  0000ed34    0000008c     simplelink.a : driver.obj (.text:_SlDrvDriverIsApiAllowed)
                  0000edc0    0000008c     drivers_msp432p401x.aem4f : UARTMSP432.oem4f (.text:readIsrTextBlocking)
                  0000ee4c    0000008c     simplelink.a : sl_socket.obj (.text:sl_Recv)
                  0000eed8    0000008c     sysbios.aem4f : m3_TaskSupport_asm.obj (.text:ti_sysbios_family_arm_m3_TaskSupport_buildTaskStack)
                  0000ef64    00000004     release_pem4f.oem4f (.text:ti_sysbios_BIOS_RtsGateProxy_enter__E)
                  0000ef68    0000008c     sysbios.aem4f : BIOS.obj (.text:xdc_runtime_Memory_alloc__E)
                  0000eff4    00000088     slnetsock_debug.a : slnetutils.oem4f (.text:SlNetUtil_str2BinIpV4)
                  0000f07c    00000088     simplelink.a : driver.obj (.text:_SlDrvProtectAsyncRespSetting)
                  0000f104    00000088     mqtt_release.a : client_core.oem4f (.text:procConnackRx)
                  0000f18c    00000004     release_pem4f.oem4f (.text:ti_sysbios_BIOS_RtsGateProxy_leave__E)
                  0000f190    00000088     sysbios.aem4f : BIOS.obj (.text:ti_sysbios_knl_Mailbox_post__E)
                  0000f218    00000088     mqtt_release.a : client_core.oem4f (.text:wrConnectPayload)
                  0000f2a0    00000086     simplelink.a : driver.obj (.text:_SlDrvIsTimeoutExpired)
                  0000f326    00000086     rtsv7M4_T_le_v4SPD16_eabi.lib : fd_cmp_t2.asm.obj (.text:__aeabi_cdcmple)
                  0000f3ac    00000086                                   : fd_cmp_t2.asm.obj (.text:__aeabi_cdrcmple)
                  0000f432    00000086     drivers_msp432p401x.aem4f : SPIMSP432DMA.oem4f (.text:initHw)
                  0000f4b8    00000086     sysbios.aem4f : BIOS.obj (.text:xdc_runtime_Core_constructObject__I)
                  0000f53e    00000002     --HOLE-- [fill = 0]
                  0000f540    00000084     mqtt_client_app.obj (.text:MqttClientThread)
                  0000f5c4    00000084     msp432p4xx_driverlib.lib : pcm.o (.text:PCM_gotoLPM3)
                  0000f648    00000084     slnetifwifi.a : slnetifwifi.obj (.text:SlNetIfWifi_sockstartSec)
                  0000f6cc    00000084     mqtt_release.a : client_core.oem4f (.text:mqpSetupProcCtxDataRecv)
                  0000f750    00000084     drivers_msp432p401x.aem4f : PowerMSP432.oem4f (.text:restartHFXT)
                  0000f7d4    00000084     simplelink.a : sl_socket.obj (.text:sl_SetSockOpt)
                  0000f858    00000084     sysbios.aem4f : BIOS.obj (.text:ti_sysbios_family_arm_m3_Hwi_postInit__I)
                  0000f8dc    00000004     release_pem4f.oem4f (.text:ti_sysbios_family_arm_m3_Hwi_delete)
                  0000f8e0    00000084     sysbios.aem4f : BIOS.obj (.text:ti_sysbios_heaps_HeapMem_free__E)
                  0000f964    00000080     mqtt_release.a : client_core.oem4f (.text:clCtxPartSend)
                  0000f9e4    00000004     release_pem4f.oem4f (.text:ti_sysbios_family_arm_m3_TaskSupport_Module__startupDone__S)
                  0000f9e8    00000080     sysbios.aem4f : BIOS.obj (.text:ti_sysbios_knl_Clock_workFunc__E)
                  0000fa68    0000007c     slnetsock_debug.a : slnetsock.oem4f (.text:SlNetSock_recv)
                  0000fae4    0000007c                       : slnetsock.oem4f (.text:SlNetSock_send)
                  0000fb60    0000007c                       : slnetsock.oem4f (.text:SlNetSock_sendTo)
                  0000fbdc    00000004     release_pem4f.oem4f (.text:ti_sysbios_gates_GateMutex_delete)
                  0000fbe0    0000007c     sysbios.aem4f : BIOS.obj (.text:_pthread_abstime2ticks)
                  0000fc5c    0000007c     mqtt_release.a : client_core.oem4f (.text:procCtxDataRecv)
                  0000fcd8    0000007a     rtsv7M4_T_le_v4SPD16_eabi.lib : memset_t2.asm.obj (.text)
                  0000fd52    00000002     --HOLE-- [fill = 0]
                  0000fd54    00000078     mqtt_release.a : mqtt_net_func.oem4f (.text:MQTTNet_recvFrom)
                  0000fdcc    00000078     slnetsock_debug.a : slnetsock.oem4f (.text:SlNetSock_recvFrom)
                  0000fe44    00000078     simplelink.a : sl_socket.obj (.text:sl_Socket)
                  0000febc    00000074     mqtt_release.a : mqtt_net_func.oem4f (.text:MQTTNet_tcpAccept)
                  0000ff30    00000074                    : client_core.oem4f (.text:groupCtxsRxPrep)
                  0000ffa4    00000004     release_pem4f.oem4f (.text:ti_sysbios_heaps_HeapMem_Module_GateProxy_enter__E)
                  0000ffa8    00000074     sysbios.aem4f : BIOS.obj (.text:ti_sysbios_knl_Mailbox_pend__E)
                  0001001c    00000072     mqtt_release.a : mqtt_common.oem4f (.text:MQTT_packetProcPubRx)
                  0001008e    00000002     --HOLE-- [fill = 0]
                  00010090    00000070     slnetsock_debug.a : slnetsock.oem4f (.text:SlNetSock_setOpt)
                  00010100    00000070                       : slnetsock.oem4f (.text:SlNetSock_startSec)
                  00010170    00000070     drivers_msp432p401x.aem4f : UARTMSP432.oem4f (.text:UARTMSP432_writeCancel)
                  000101e0    00000070     simplelink.a : driver.obj (.text:_SlDrvCmdSend_noLock)
                  00010250    00000070     sysbios.aem4f : BIOS.obj (.text:ti_sysbios_heaps_HeapMem_initPrimary__I)
                  000102c0    00000070                   : BIOS.obj (.text:ti_sysbios_knl_Mailbox_Instance_finalize__E)
                  00010330    0000006e     rtsv7M4_T_le_v4SPD16_eabi.lib : _printfi.c.obj (.text:_mcpy)
                  0001039e    0000006e                                   : ll_div_t2.asm.obj (.text)
                  0001040c    0000006c     mqtt_release.a : mqttclient.oem4f (.text:MQTTClient_run)
                  00010478    0000006c     simplelink.a : cc_pal.obj (.text:NwpRegisterInterruptHandler)
                  000104e4    0000006c                  : device.obj (.text:_SlDeviceHandleResetRequestInternally)
                  00010550    0000006c                  : sl_socket.obj (.text:_SlDrvOpenCtrlSocket)
                  000105bc    0000006c                  : netapp.obj (.text:_SlNetAppSendTokenValue)
                  00010628    0000006c     sysbios.aem4f : BIOS.obj (.text:ti_sysbios_family_arm_msp432_Seconds_get__E)
                  00010694    00000004     release_pem4f.oem4f (.text:ti_sysbios_heaps_HeapMem_Module_GateProxy_leave__E)
                  00010698    0000006c     sysbios.aem4f : BIOS.obj (.text:ti_sysbios_knl_Swi_restoreHwi__E)
                  00010704    0000006a     mqtt_release.a : mqtt_net_func.oem4f (.text:MQTTNet_sendTo)
                  0001076e    00000002     --HOLE-- [fill = 0]
                  00010770    00000068     drivers_msp432p401x.aem4f : GPIOMSP432.oem4f (.text:GPIO_hwiIntFxn)
                  000107d8    00000068     mqtt_release.a : mqtt_common.oem4f (.text:MQTT_qos2PubCqUnlog)
                  00010840    00000068     drivers_msp432p401x.aem4f : PowerMSP432.oem4f (.text:PowerMSP432_getFreqs)
                  000108a8    00000068     slnetsock_debug.a : slnetsock.oem4f (.text:SlNetSock_connect)
                  00010910    00000068     simplelink.a : driver.obj (.text:_SlSpawnMsgListGetCount)
                  00010978    00000068     rtsv7M4_T_le_v4SPD16_eabi.lib : copy_decompress_lzss.c.obj (.text:decompress:lzss:__TI_decompress_lzss)
                  000109e0    00000068     main_tirtos.obj (.text:main)
                  00010a48    00000066     sysbios.aem4f : BIOS.obj (.text:xdc_runtime_Core_deleteObject__I)
                  00010aae    00000064     mqtt_release.a : mqtt_common.oem4f (.text:MQTT_packetPubAppendTopic)
                  00010b12    00000064     drivers_msp432p401x.aem4f : SPIMSP432DMA.oem4f (.text:SPIMSP432DMA_close)
                  00010b76    00000002     --HOLE-- [fill = 0]
                  00010b78    00000064     slnetsock_debug.a : slnetsock.oem4f (.text:SlNetSock_secAttribSet)
                  00010bdc    00000004     release_pem4f.oem4f (.text:ti_sysbios_knl_Clock_TimerProxy_getMaxTicks__E)
                  00010be0    00000064     sysbios.aem4f : BIOS.obj (.text:acquireMutexNone$47)
                  00010c44    00000064     mqtt_release.a : client_core.oem4f (.text:clientReset)
                  00010ca8    00000064                    : client_core.oem4f (.text:doNetClose)
                  00010d0c    00000064     rtsv7M4_T_le_v4SPD16_eabi.lib : s_frexp.c.obj (.text:frexp)
                  00010d70    00000064     sysbios.aem4f : BIOS.obj (.text:pthread_cancel)
                  00010dd4    00000004     release_pem4f.oem4f (.text:ti_sysbios_knl_Clock_delete)
                  00010dd8    00000064     sysbios.aem4f : BIOS.obj (.text:pthread_exit)
                  00010e3c    00000004     release_pem4f.oem4f (.text:ti_sysbios_knl_Semaphore_delete)
                  00010e40    00000064     sysbios.aem4f : BIOS.obj (.text:ti_sysbios_family_arm_m3_Hwi_dispatchC__I)
                  00010ea4    00000060     drivers_msp432p401x.aem4f : GPIOMSP432.oem4f (.text:GPIO_setCallback)
                  00010f04    00000060     slnetsock_debug.a : slnetsock.oem4f (.text:SlNetSock_bind)
                  00010f64    00000060     simplelink.a : cc_pal.obj (.text:spi_Open)
                  00010fc4    00000004     release_pem4f.oem4f (.text:ti_sysbios_knl_Task_delete)
                  00010fc8    00000060     sysbios.aem4f : BIOS.obj (.text:ti_sysbios_knl_Semaphore_post__E)
                  00011028    00000060                   : BIOS.obj (.text:ti_sysbios_knl_Swi_run__I)
                  00011088    0000005e     msp432p4xx_driverlib.lib : pcm.o (.text:PCM_getCoreVoltageLevel)
                  000110e6    00000002     --HOLE-- [fill = 0]
                  000110e8    0000005c     uart_term.obj (.text:InitTerm)
                  00011144    0000005c     mqtt_release.a : client_core.oem4f (.text:MQTTClientCore_exitLib)
                  000111a0    0000005c                    : mqtt_net_func.oem4f (.text:MQTTNet_tcpListen)
                  000111fc    0000005c     slnetsock_debug.a : slnetif.oem4f (.text:SlNetIf_getIfByID)
                  00011258    0000005c                       : slnetsock.oem4f (.text:SlNetSock_listen)
                  000112b4    0000005c     simplelink.a : spawn.obj (.text:_SlInternalSpawn)
                  00011310    0000005c     sysbios.aem4f : BIOS.obj (.text:ti_sysbios_knl_Swi_schedule__I)
                  0001136c    00000004     release_pem4f.oem4f (.text:xdc_runtime_System_Module_GateProxy_enter__E)
                  00011370    0000005c     sysbios.aem4f : BIOS.obj (.text:ti_sysbios_knl_Task_startCore__E)
                  000113cc    00000004     release_pem4f.oem4f (.text:xdc_runtime_System_Module_GateProxy_leave__E)
                  000113d0    0000005c     sysbios.aem4f : BIOS.obj (.text:xdc_runtime_Startup_exec__E)
                  0001142c    0000005a     msp432p4xx_driverlib.lib : pcm.o (.text:PCM_getPowerMode)
                  00011486    0000005a     slnetsock_debug.a : slnetutils.oem4f (.text:SlNetUtil_strTok)
                  000114e0    0000005a     sysbios.aem4f : BIOS.obj (.text:mq_timedsend)
                  0001153a    00000002     --HOLE-- [fill = 0]
                  0001153c    00000058     drivers_msp432p401x.aem4f : GPIOMSP432.oem4f (.text:GPIO_write)
                  00011594    00000058     slnetsock_debug.a : slnetsock.oem4f (.text:SlNetSock_init)
                  000115ec    00000058     simplelink.a : sl_socket.obj (.text:_SlDrvClearCtrlSocket)
                  00011644    00000058     boot.aem4f : boot.oem4f (.text)
                  0001169c    00000058     mqtt_release.a : client_core.oem4f (.text:clRecv)
                  000116f4    00000058     drivers_msp432p401x.aem4f : UARTMSP432.oem4f (.text:readIsrBinaryBlocking)
                  0001174c    00000058     mqtt_release.a : client_core.oem4f (.text:singleCtxKaSequence)
                  000117a4    00000058     simplelink.a : sl_socket.obj (.text:sl_Listen)
                  000117fc    00000058     drivers_msp432p401x.aem4f : SPIMSP432DMA.oem4f (.text:spiHwiFxn)
                  00011854    00000058     sysbios.aem4f : m3_Hwi_asm_switch.obj (.text:ti_sysbios_family_arm_m3_Hwi_initStacks__E)
                  000118ac    00000056     mqtt_release.a : mqtt_common.oem4f (.text:MQTT_packetPubAppendData)
                  00011902    00000056     rtsv7M4_T_le_v4SPD16_eabi.lib : _printfi.c.obj (.text:_pconv_f)
                  00011958    00000056     mqtt_release.a : client_core.oem4f (.text:procAckMsgRx)
                  000119ae    00000002     --HOLE-- [fill = 0]
                  000119b0    00000054                    : client_core.oem4f (.text:MQTTClientCore_deleteCtx)
                  00011a04    00000054                    : client_core.oem4f (.text:MQTTClientCore_sendDisconn)
                  00011a58    00000054     msp432p4xx_driverlib.lib : pcm.o (.text:PCM_shutdownDevice)
                  00011aac    00000054     mqtt_release.a : client_core.oem4f (.text:grpNetSetupCreate)
                  00011b00    00000054     rtsv7M4_T_le_v4SPD16_eabi.lib : ltoa.c.obj (.text:ltoa)
                  00011b54    00000054     release_pem4f.oem4f (.text:ti_sysbios_family_arm_m3_Hwi_create)
                  00011ba8    00000054     sysbios.aem4f : BIOS.obj (.text:ti_sysbios_family_arm_msp432_Timer_initDevice__I)
                  00011bfc    00000054     release_pem4f.oem4f (.text:ti_sysbios_knl_Mailbox_create)
                  00011c50    00000054     sysbios.aem4f : BIOS.obj (.text:timer_gettime)
                  00011ca4    00000052     rtsv7M4_T_le_v4SPD16_eabi.lib : _printfi.c.obj (.text:_ecpy)
                  00011cf6    00000002     --HOLE-- [fill = 0]
                  00011cf8    00000050     dpl_msp432p401x.aem4f : ClockP_tirtos.oem4f (.text:ClockP_create)
                  00011d48    00000050     slnetsock_debug.a : slnetif.oem4f (.text:SlNetIf_configCheck)
                  00011d98    00000050                       : slnetsock.oem4f (.text:SlNetSock_close)
                  00011de8    00000050     drivers_msp432p401x.aem4f : UDMAMSP432.oem4f (.text:UDMAMSP432_hwiFxn)
                  00011e38    00000050     simplelink.a : sl_socket.obj (.text:_SlDrvCloseCtrlSocket)
                  00011e88    00000050                  : driver.obj (.text:_SlDrvCmdSend_noWait)
                  00011ed8    00000050                  : driver.obj (.text:_SlDrvUpdateApiInProgress)
                  00011f28    00000050                  : spawn.obj (.text:_SlInternalSpawnTaskEntry)
                  00011f78    00000050                  : eventreg.obj (.text:_SlNetAppHttpServerHdlr)
                  00011fc8    00000050                  : eventreg.obj (.text:_SlNetAppRequestHdlr)
                  00012018    00000050     mqtt_release.a : client_core.oem4f (.text:_procAckMsgRx)
                  00012068    00000050     sysbios.aem4f : BIOS.obj (.text:ti_sysbios_family_arm_m3_Hwi_Module_startup__E)
                  000120b8    00000050     release_pem4f.oem4f (.text:ti_sysbios_knl_Task_create)
                  00012108    0000004e     mqtt_release.a : client_core.oem4f (.text:MQTTClientCore_registerWillInfo)
                  00012156    00000002     --HOLE-- [fill = 0]
                  00012158    0000004c     dpl_msp432p401x.aem4f : PowerMSP432_tirtos.oem4f (.text:PowerMSP432_sleepPolicy)
                  000121a4    0000004c     slnetifwifi.a : slnetifwifi.obj (.text:SlNetIfWifi_getConnectionStatus)
                  000121f0    0000004c     slnetsock_debug.a : slnetutils.oem4f (.text:SlNetUtil_inetPton)
                  0001223c    0000004c     mqtt_release.a : client_core.oem4f (.text:ack1WlMqpDispatch)
                  00012288    0000004c     rtsv7M4_T_le_v4SPD16_eabi.lib : atoi.c.obj (.text:atoi)
                  000122d4    0000004c                                   : cpy_tbl.c.obj (.text:copy_in)
                  00012320    0000004c     mqtt_release.a : client_core.oem4f (.text:loopbTrigger)
                  0001236c    0000004c     drivers_msp432p401x.aem4f : UARTMSP432.oem4f (.text:readIsrBinaryCallback)
                  000123b8    0000004c     mqtt_release.a : client_core.oem4f (.text:singleCtxRxPrep)
                  00012404    0000004c     simplelink.a : wlan.obj (.text:sl_WlanSetMode)
                  00012450    0000004c     sysbios.aem4f : BIOS.obj (.text:ti_sysbios_family_arm_msp432_Timer_postInit__I)
                  0001249c    00000004     --HOLE-- [fill = 0]
                  000124a0    0000004c                   : BIOS.obj (.text:ti_sysbios_family_arm_msp432_Timer_start__E)
                  000124ec    00000004     --HOLE-- [fill = 0]
                  000124f0    0000004c                   : BIOS.obj (.text:ti_sysbios_heaps_HeapMem_getStats__E)
                  0001253c    00000004     --HOLE-- [fill = 0]
                  00012540    0000004c                   : BIOS.obj (.text:ti_sysbios_knl_Swi_runLoop__I)
                  0001258c    00000004     --HOLE-- [fill = 0]
                  00012590    0000004c                   : BIOS.obj (.text:ti_sysbios_knl_Task_allBlockedFunction__I)
                  000125dc    00000004     --HOLE-- [fill = 0]
                  000125e0    0000004c                   : BIOS.obj (.text:ti_sysbios_knl_Task_schedule__I)
                  0001262c    0000004a     mqtt_release.a : client_core.oem4f (.text:clCtxRecv)
                  00012676    00000002     --HOLE-- [fill = 0]
                  00012678    00000048     mqtt_client_app.obj (.text:LedTimerConfigNStart)
                  000126c0    00000048     mqtt_release.a : mqttclient.oem4f (.text:MQTTClient_set)
                  00012708    00000048     mqtt_client_app.obj (.text:MQTT_SendMsgToQueue)
                  00012750    00000048     drivers_msp432p401x.aem4f : PowerMSP432.oem4f (.text:Power_releaseConstraint)
                  00012798    00000048     slnetsock_debug.a : slnetif.oem4f (.text:SlNetIf_getConnectionStatus)
                  000127e0    00000048                       : slnetsock.oem4f (.text:SlNetSock_sdsIsSet)
                  00012828    00000048     simplelink.a : eventreg.obj (.text:_SlDeviceFatalErrorEvtHdlr)
                  00012870    00000048                  : eventreg.obj (.text:_SlDeviceGeneralEvtHdlr)
                  000128b8    00000048                  : driver.obj (.text:_SlDrvBasicCmd)
                  00012900    00000048                  : driver.obj (.text:_SlDrvSyncObjWaitTimeout)
                  00012948    00000048                  : eventreg.obj (.text:_SlNetAppEvtHdlr)
                  00012990    00000048                  : eventreg.obj (.text:_SlNetAppRequestMemFree)
                  000129d8    00000048                  : eventreg.obj (.text:_SlSockEvtHdlr)
                  00012a20    00000048                  : eventreg.obj (.text:_SlWlanEvtHdlr)
                  00012a68    00000048     mqtt_release.a : client_core.oem4f (.text:clCtxSetup)
                  00012ab0    00000048     sysbios.aem4f : BIOS.obj (.text:mq_close)
                  00012af8    00000048                   : BIOS.obj (.text:pthread_mutex_init)
                  00012b40    00000048     rtsv7M4_T_le_v4SPD16_eabi.lib : fd_toi_t2.asm.obj (.text)
                  00012b88    00000048     sysbios.aem4f : BIOS.obj (.text:ti_sysbios_family_arm_m3_Hwi_disableInterrupt__E)
                  00012bd0    00000048                   : BIOS.obj (.text:ti_sysbios_family_arm_m3_Hwi_enableInterrupt__E)
                  00012c18    00000048                   : BIOS.obj (.text:ti_sysbios_knl_Mailbox_Module_startup__E)
                  00012c60    00000048     mqtt_release.a : client_core.oem4f (.text:wrConnectVh)
                  00012ca8    00000048     sysbios.aem4f : BIOS.obj (.text:xdc_runtime_Core_assignParams__I)
                  00012cf0    00000046     drivers_msp432p401x.aem4f : RingBuf.oem4f (.text:RingBuf_put)
                  00012d36    00000002     --HOLE-- [fill = 0]
                  00012d38    00000044     mqtt_release.a : client_core.oem4f (.text:MQTTClientCore_run)
                  00012d7c    00000044                    : mqtt_net_func.oem4f (.text:MQTTNet_tcpRecv)
                  00012dc0    00000044                    : mqttclient.oem4f (.text:MqttClientCtxDelete)
                  00012e04    00000044     drivers_msp432p401x.aem4f : SPI.oem4f (.text:SPI_init)
                  00012e48    00000044     slnetsock_debug.a : slnetsock.oem4f (.text:SlNetSock_sdsSet)
                  00012e8c    00000044     drivers_msp432p401x.aem4f : UART.oem4f (.text:UART_init)
                  00012ed0    00000044     simplelink.a : driver.obj (.text:_SlDrvRxIrqHandler)
                  00012f14    00000044                  : spawn.obj (.text:_SlInternalSpawnWaitForEvent)
                  00012f58    00000044     sysbios.aem4f : BIOS.obj (.text:ti_sysbios_family_arm_m3_Hwi_getStackInfo__E)
                  00012f9c    00000004     --HOLE-- [fill = 0]
                  00012fa0    00000044                   : BIOS.obj (.text:ti_sysbios_knl_Swi_post__E)
                  00012fe4    00000044     mqtt_release.a : client_core.oem4f (.text:vhMsgSend)
                  00013028    00000042                    : mqtt_common.oem4f (.text:MQTT_packetBufRdRemlen)
                  0001306a    00000042     slnetsock_debug.a : slnetutils.oem4f (.text:SlNetUtil_htonl)
                  000130ac    00000040     simplelink.a : sl_socket.obj (.text:CountSetBits)
                  000130ec    00000040     dpl_msp432p401x.aem4f : HwiP_tirtos.oem4f (.text:HwiP_create)
                  0001312c    00000040     network_if.obj (.text:InitializeAppVariables)
                  0001316c    00000040     mqtt_release.a : client_core.oem4f (.text:MQTTClientCore_registerCtxInfo)
                  000131ac    00000040     drivers_msp432p401x.aem4f : RingBuf.oem4f (.text:RingBuf_get)
                  000131ec    00000040                               : SPI.oem4f (.text:SPI_open)
                  0001322c    00000040     network_if.obj (.text:SimpleLinkGeneralEventHandler)
                  0001326c    00000040     slnetsock_debug.a : slnetsock.oem4f (.text:SlNetSock_secAttribDelete)
                  000132ac    00000040     drivers_msp432p401x.aem4f : UARTMSP432.oem4f (.text:UARTMSP432_read)
                  000132ec    00000040                               : UART.oem4f (.text:UART_open)
                  0001332c    00000040     simplelink.a : driver.obj (.text:_SlFindAndReleasePendingCmd)
                  0001336c    00000040                  : eventreg.obj (.text:_SlIsEventRegistered)
                  000133ac    00000040     mqtt_release.a : mqttclient.oem4f (.text:_sl_ExtLib_ServerAckLockedWait)
                  000133ec    00000040     msp432p4xx_driverlib.lib : spi.o (.text:is_A_Module)
                  0001342c    00000004     --HOLE-- [fill = 0]
                  00013430    00000040     sysbios.aem4f : BIOS.obj (.text:mq_receive)
                  00013470    00000040     mqtt_release.a : client_core.oem4f (.text:netConnect)
                  000134b0    00000040     drivers_msp432p401x.aem4f : UARTMSP432.oem4f (.text:perfChangeNotifyFxn)
                  000134f0    00000040     sysbios.aem4f : BIOS.obj (.text:pthread_mutex_unlock)
                  00013530    00000040     mqtt_client_app.obj (.text:pushButtonInterruptHandler2)
                  00013570    00000040     sysbios.aem4f : BIOS.obj (.text:ti_sysbios_family_arm_msp432_Timer_Module_startup__E)
                  000135b0    00000040                   : BIOS.obj (.text:ti_sysbios_family_arm_msp432_Timer_startup__E)
                  000135f0    00000040                   : BIOS.obj (.text:ti_sysbios_heaps_HeapMem_Instance_init__E)
                  00013630    00000040                   : BIOS.obj (.text:ti_sysbios_knl_Clock_Instance_init__E)
                  00013670    00000040     rtsv7M4_T_le_v4SPD16_eabi.lib : vsnprintf.c.obj (.text:vsnprintf)
                  000136b0    0000003e     mqtt_release.a : mqtt_common.oem4f (.text:MQTT_packetAckWlistRemove)
                  000136ee    0000003e                    : mqtt_common.oem4f (.text:MQTT_packetBufTailWrRemlen)
                  0001372c    0000003e     simplelink.a : sl_socket.obj (.text:_SlSocketBuildAddress)
                  0001376a    0000003e     rtsv7M4_T_le_v4SPD16_eabi.lib : _printfi.c.obj (.text:_fcpy)
                  000137a8    0000003e     mqtt_release.a : client_core.oem4f (.text:clCtxSeg1Send)
                  000137e6    0000003e                    : client_core.oem4f (.text:procPingrspRx)
                  00013824    0000003e     release_pem4f.oem4f (.text:realloc)
                  00013862    00000002     --HOLE-- [fill = 0]
                  00013864    0000003c     mqtt_release.a : client_core.oem4f (.text:MQTTClientCore_registerBuffers)
                  000138a0    0000003c                    : mqttclient.oem4f (.text:MQTTClient_disconnect)
                  000138dc    0000003c                    : mqtt_common.oem4f (.text:MQTT_qos2PubCqCheck)
                  00013918    0000003c     network_if.obj (.text:Network_IF_DisconnectFromAP)
                  00013954    0000003c     dpl_msp432p401x.aem4f : SemaphoreP_tirtos.oem4f (.text:SemaphoreP_create)
                  00013990    0000003c     slnetsock_debug.a : slnetutils.oem4f (.text:SlNetUtil_htons)
                  000139cc    0000003c     simplelink.a : netapp.obj (.text:_SlNetAppCopyPingResultsToReport)
                  00013a08    0000003c     mqtt_release.a : mqttclient.oem4f (.text:processDisconnCB)
                  00013a44    0000003c                    : client_core.oem4f (.text:singleCtxRxPrepLocked)
                  00013a80    0000003c     sysbios.aem4f : BIOS.obj (.text:sleep)
                  00013abc    0000003c     mqtt_release.a : client_core.oem4f (.text:tailIncorpMsgID)
                  00013af8    0000003c     sysbios.aem4f : BIOS.obj (.text:ti_sysbios_family_arm_m3_Hwi_Instance_finalize__E)
                  00013b34    00000004     --HOLE-- [fill = 0]
                  00013b38    0000003c                   : BIOS.obj (.text:ti_sysbios_family_arm_msp432_Seconds_Module_startup__E)
                  00013b74    0000003c     release_pem4f.oem4f (.text:ti_sysbios_knl_Clock_create)
                  00013bb0    0000003c     sysbios.aem4f : BIOS.obj (.text:ti_sysbios_knl_Swi_restore__E)
                  00013bec    00000004     --HOLE-- [fill = 0]
                  00013bf0    0000003c                   : BIOS.obj (.text:usleep)
                  00013c2c    0000003a     slnetifwifi.a : slnetifwifi.obj (.text:SlNetIfWifi_getIPAddr)
                  00013c66    0000003a     mqtt_release.a : mqtt_common.oem4f (.text:mqpProcVhMsgIdRx)
                  00013ca0    00000038     drivers_msp432p401x.aem4f : GPIOMSP432.oem4f (.text:GPIO_toggle)
                  00013cd8    00000038     mqtt_release.a : client_core.oem4f (.text:MQTTClientCore_registerNetSvc)
                  00013d10    00000038                    : mqtt_common.oem4f (.text:MQTT_qos2PubCqLogup)
                  00013d48    00000038     drivers_msp432p401x.aem4f : PowerMSP432.oem4f (.text:Power_setConstraint)
                  00013d80    00000038     slnetifwifi.a : slnetifwifi.obj (.text:SlNetIfWifi_recvFrom)
                  00013db8    00000038                   : slnetifwifi.obj (.text:SlNetIfWifi_sendTo)
                  00013df0    00000038                   : slnetifwifi.obj (.text:SlNetIfWifi_socket)
                  00013e28    00000038     slnetsock_debug.a : slnetsock.oem4f (.text:SlNetSock_sdsClrAll)
                  00013e60    00000038     mqtt_release.a : client_core.oem4f (.text:groupCtxsKaSequence)
                  00013e98    00000038                    : client_core.oem4f (.text:mqpAllocAtomic)
                  00013ed0    00000038                    : client_core.oem4f (.text:netRecv)
                  00013f08    00000038     drivers_msp432p401x.aem4f : PowerMSP432.oem4f (.text:notify)
                  00013f40    00000038     sysbios.aem4f : BIOS.obj (.text:xdc_runtime_System_atexit__E)
                  00013f78    00000036     mqtt_release.a : mqtt_common.oem4f (.text:MQTT_packetPrepFh)
                  00013fae    00000036     slnetifwifi.a : slnetifwifi.obj (.text:SlNetIfWifi_getHostByName)
                  00013fe4    00000036     drivers_msp432p401x.aem4f : UARTMSP432.oem4f (.text:UARTMSP432_readCancel)
                  0001401a    00000036     mqtt_release.a : client_core.oem4f (.text:_procPubRecRx)
                  00014050    00000036     rtsv7M4_T_le_v4SPD16_eabi.lib : strncpy.c.obj (.text:strncpy)
                  00014086    00000002     --HOLE-- [fill = 0]
                  00014088    00000034     drivers_msp432p401x.aem4f : GPIOMSP432.oem4f (.text:GPIO_clearInt)
                  000140bc    00000034                               : GPIOMSP432.oem4f (.text:GPIO_disableInt)
                  000140f0    00000034                               : GPIOMSP432.oem4f (.text:GPIO_enableInt)
                  00014124    00000034     mqtt_release.a : client_core.oem4f (.text:mqpFreeLocked)
                  00014158    00000034                    : client_core.oem4f (.text:procLoopbackRecv)
                  0001418c    00000034     release_pem4f.oem4f (.text:ti_sysbios_knl_Semaphore_create)
                  000141c0    00000032     mqtt_release.a : mqtt_common.oem4f (.text:MQTT_clCtxTimeoutInsert)
                  000141f2    00000032                    : client_core.oem4f (.text:connectedStateRx)
                  00014224    00000004     --HOLE-- [fill = 0]
                  00014228    00000032     sysbios.aem4f : BIOS.obj (.text:ti_sysbios_hal_Hwi_initStack)
                  0001425a    00000002     --HOLE-- [fill = 0]
                  0001425c    00000030     simplelink.a : cc_pal.obj (.text:HostIrqGPIO_callback)
                  0001428c    00000030                  : driver.obj (.text:_SlDrvGlobalObjUnLock)
                  000142bc    00000030                  : driver.obj (.text:_SlDrvSyncObjWaitForever)
                  000142ec    00000030                  : fs.obj (.text:_SlFsStrlen)
                  0001431c    00000030     rtsv7M4_T_le_v4SPD16_eabi.lib : vsnprintf.c.obj (.text:_outs)
                  0001434c    00000030     mqtt_release.a : client_core.oem4f (.text:ack2MsgIdUnlog)
                  0001437c    00000030                    : client_core.oem4f (.text:bufUTF8WrTry)
                  000143ac    00000030                    : client_core.oem4f (.text:clientDescInit)
                  000143dc    00000004     --HOLE-- [fill = 0]
                  000143e0    00000030     sysbios.aem4f : BIOS.obj (.text:findInList$42)
                  00014410    00000030     mqtt_release.a : mqttclient.oem4f (.text:getAvailableClictxMem)
                  00014440    00000030     drivers_msp432p401x.aem4f : SPIMSP432DMA.oem4f (.text:mapPin)
                  00014470    00000030                               : UARTMSP432.oem4f (.text:mapPin)
                  000144a0    00000030     mqtt_client_app.obj (.text:printBorder)
                  000144d0    00000030     release_pem4f.oem4f (.text:ti_sysbios_BIOS_atExitFunc__I)
                  00014500    00000030     release_pem4f.oem4f (.text:ti_sysbios_BIOS_startFunc__I)
                  00014530    00000030     sysbios.aem4f : BIOS.obj (.text:ti_sysbios_family_arm_m3_TaskSupport_start__E)
                  00014560    00000030     release_pem4f.oem4f (.text:ti_sysbios_gates_GateHwi_Object__create__S)
                  00014590    00000030     release_pem4f.oem4f (.text:ti_sysbios_gates_GateMutex_Object__create__S)
                  000145c0    00000030     release_pem4f.oem4f (.text:ti_sysbios_gates_GateMutex_create)
                  000145f0    00000030     sysbios.aem4f : BIOS.obj (.text:ti_sysbios_gates_GateMutex_enter__E)
                  00014620    00000030     release_pem4f.oem4f (.text:ti_sysbios_heaps_HeapMem_Object__create__S)
                  00014650    00000030     release_pem4f.oem4f (.text:ti_sysbios_knl_Clock_construct)
                  00014680    00000030     sysbios.aem4f : BIOS.obj (.text:ti_sysbios_knl_Mailbox_postInit__I)
                  000146b0    00000030     release_pem4f.oem4f (.text:ti_sysbios_knl_Semaphore_construct)
                  000146e0    00000030     sysbios.aem4f : BIOS.obj (.text:ti_sysbios_knl_Semaphore_pendTimeout__I)
                  00014710    00000030                   : BIOS.obj (.text:ti_sysbios_knl_Task_processVitalTaskFlag__I)
                  00014740    00000030                   : BIOS.obj (.text:ti_sysbios_knl_Task_restore__E)
                  00014770    00000030                   : BIOS.obj (.text:ti_sysbios_knl_Task_unblockI__E)
                  000147a0    00000030                   : BIOS.obj (.text:timer_delete)
                  000147d0    00000030     simplelink.a : sl_socket.obj (.text:to_mSec)
                  00014800    00000030     sysbios.aem4f : BIOS.obj (.text:xdc_runtime_System_processAtExit__E)
                  00014830    0000002e     slnetifwifi.a : slnetifwifi.obj (.text:SlNetIfWifi_getSockOpt)
                  0001485e    00000002     --HOLE-- [fill = 0]
                  00014860    0000002e     sysbios.aem4f : BIOS.obj (.text:pthread_setcancelstate)
                  0001488e    0000002e     rtsv7M4_T_le_v4SPD16_eabi.lib : i_tofd_t2.asm.obj (.text)
                  000148bc    0000002e     release_pem4f.oem4f (.text:ti_sysbios_rts_MemAlloc_alloc)
                  000148ea    0000002c     dpl_msp432p401x.aem4f : PowerMSP432_tirtos.oem4f (.text:PowerMSP432_updateFreqs)
                  00014916    00000002     --HOLE-- [fill = 0]
                  00014918    0000002c     msp432p4xx_driverlib.lib : rtc_c.o (.text:RTC_C_holdClock)
                  00014944    0000002c     dpl_msp432p401x.aem4f : SemaphoreP_tirtos.oem4f (.text:SemaphoreP_createBinary)
                  00014970    0000002c     slnetifwifi.a : slnetifwifi.obj (.text:SlNetIfWifi_recv)
                  0001499c    0000002c                   : slnetifwifi.obj (.text:SlNetIfWifi_send)
                  000149c8    0000002c                   : slnetifwifi.obj (.text:SlNetIfWifi_setSockOpt)
                  000149f4    0000002c     mqtt_client_app.obj (.text:TimerPeriodicIntHandler)
                  00014a20    0000002c     sysbios.aem4f : BIOS.obj (.text:_pthread_cleanupFxn)
                  00014a4c    00000004     --HOLE-- [fill = 0]
                  00014a50    0000002c                   : BIOS.obj (.text:_pthread_delete$43)
                  00014a7c    00000004     --HOLE-- [fill = 0]
                  00014a80    0000002c                   : BIOS.obj (.text:clockFxn$41)
                  00014aac    0000002c     mqtt_release.a : client_core.oem4f (.text:doNetCloseRx)
                  00014ad8    0000002c                    : client_core.oem4f (.text:singleCtxAdjWaitSecsGet)
                  00014b04    0000002c     rtsv7M4_T_le_v4SPD16_eabi.lib : strncmp.c.obj (.text:strncmp)
                  00014b30    0000002c     release_pem4f.oem4f (.text:ti_sysbios_gates_GateHwi_Handle__label__S)
                  00014b5c    0000002c     release_pem4f.oem4f (.text:ti_sysbios_gates_GateMutex_Handle__label__S)
                  00014b88    0000002c     release_pem4f.oem4f (.text:ti_sysbios_heaps_HeapMem_Handle__label__S)
                  00014bb4    0000002c     release_pem4f.oem4f (.text:ti_sysbios_knl_Clock_doTick__I)
                  00014be0    0000002c     sysbios.aem4f : BIOS.obj (.text:ti_sysbios_knl_Clock_getTimeout__E)
                  00014c0c    0000002c     release_pem4f.oem4f (.text:ti_sysbios_knl_Queue_construct)
                  00014c38    0000002a     mqtt_release.a : client_core.oem4f (.text:ack2MsgIdDispatch)
                  00014c62    0000002a     release_pem4f.oem4f (.text:calloc)
                  00014c8c    0000002a     drivers_msp432p401x.aem4f : SPIMSP432DMA.oem4f (.text:perfChangeNotifyFxn)
                  00014cb6    0000002a     mqtt_release.a : client_core.oem4f (.text:pingReqSend)
                  00014ce0    0000002a     sysbios.aem4f : BIOS.obj (.text:sem_init)
                  00014d0a    0000002a     mqtt_release.a : client_core.oem4f (.text:txPartSetup)
                  00014d34    00000028                    : mqtt_common.oem4f (.text:MQTT_packetBufWrUtf8)
                  00014d5c    00000028     msp432p4xx_driverlib.lib : pcm.o (.text:PCM_gotoLPM0)
                  00014d84    00000028     drivers_msp432p401x.aem4f : PowerMSP432.oem4f (.text:Power_registerNotify)
                  00014dac    00000028     msp432p4xx_driverlib.lib : spi.o (.text:SPI_getInterruptStatus)
                  00014dd4    00000028     simplelink.a : flowcont.obj (.text:_SlFlowContSet)
                  00014dfc    00000028     mqtt_release.a : client_core.oem4f (.text:_procPubRelRx)
                  00014e24    00000028                    : mqttclient.oem4f (.text:_sl_ExtLib_AwaitedAckLockedSet)
                  00014e4c    00000028     drivers_msp432p401x.aem4f : PowerMSP432.oem4f (.text:disableFaultCounter)
                  00014e74    00000028                               : PowerMSP432.oem4f (.text:disableHFXT)
                  00014e9c    00000028                               : UARTMSP432.oem4f (.text:findBaudDividerIndex)
                  00014ec4    00000028     sysbios.aem4f : m3_Hwi_asm.obj (.text:ti_sysbios_family_arm_m3_Hwi_excHandlerAsm__I)
                  00014eec    00000004     --HOLE-- [fill = 0]
                  00014ef0    00000028                   : BIOS.obj (.text:ti_sysbios_knl_Clock_addI__E)
                  00014f18    00000028                   : BIOS.obj (.text:ti_sysbios_knl_Swi_Module_startup__E)
                  00014f40    00000026     drivers_msp432p401x.aem4f : List.oem4f (.text:List_put)
                  00014f66    00000026                               : List.oem4f (.text:List_remove)
                  00014f8c    00000026     mqtt_release.a : mqtt_common.oem4f (.text:MQTT_clCtxRemove)
                  00014fb2    00000026     simplelink.a : cc_pal.obj (.text:Semaphore_create_handle)
                  00014fd8    00000026     slnetifwifi.a : slnetifwifi.obj (.text:SlNetIfWifi_select)
                  00014ffe    00000026     sysbios.aem4f : m3_Hwi_asm.obj (.text:ti_sysbios_family_arm_m3_Hwi_pendSV__I)
                  00015024    00000024     simplelink.a : cc_pal.obj (.text:Mutex_create_handle)
                  00015048    00000024     msp432p4xx_driverlib.lib : wdt_a.o (.text:WDT_A_holdTimer)
                  0001506c    00000024     simplelink.a : driver.obj (.text:_SlDrvIsApiInProgress)
                  00015090    00000024                  : driver.obj (.text:_SlDrvStartMeasureTimeout)
                  000150b4    00000024     mqtt_release.a : client_core.oem4f (.text:conn2usedCtxs)
                  000150d8    00000024     rtsv7M4_T_le_v4SPD16_eabi.lib : memmov.c.obj (.text:memmove)
                  000150fc    00000004     --HOLE-- [fill = 0]
                  00015100    00000024     sysbios.aem4f : BIOS.obj (.text:pthread_attr_init)
                  00015124    00000024     mqtt_release.a : client_core.oem4f (.text:recvHvecLoad)
                  00015148    00000024     simplelink.a : wlan.obj (.text:sl_WlanDisconnect)
                  0001516c    00000024     release_pem4f.oem4f (.text:ti_sysbios_BIOS_registerRTSLock__I)
                  00015190    00000024     release_pem4f.oem4f (.text:ti_sysbios_BIOS_removeRTSLock__I)
                  000151b4    00000004     --HOLE-- [fill = 0]
                  000151b8    00000024     sysbios.aem4f : BIOS.obj (.text:ti_sysbios_family_arm_msp432_ClockFreqs_setFrequency__E)
                  000151dc    00000024     release_pem4f.oem4f (.text:ti_sysbios_gates_GateMutex_Object__delete__S)
                  00015200    00000024     sysbios.aem4f : BIOS.obj (.text:ti_sysbios_knl_Clock_Module_startup__E)
                  00015224    00000024     release_pem4f.oem4f (.text:ti_sysbios_knl_Clock_Object__delete__S)
                  00015248    00000024     sysbios.aem4f : BIOS.obj (.text:ti_sysbios_knl_Clock_start__E)
                  0001526c    00000004     --HOLE-- [fill = 0]
                  00015270    00000024                   : BIOS.obj (.text:ti_sysbios_knl_Semaphore_Instance_init__E)
                  00015294    00000024     release_pem4f.oem4f (.text:ti_sysbios_knl_Semaphore_Object__delete__S)
                  000152b8    00000024     sysbios.aem4f : BIOS.obj (.text:ti_sysbios_knl_Task_restoreHwi__E)
                  000152dc    00000004     --HOLE-- [fill = 0]
                  000152e0    00000024                   : BIOS.obj (.text:xdc_runtime_Error_policyMin__E)
                  00015304    00000022     mqtt_release.a : mqtt_common.oem4f (.text:MQTT_packetProcMsgIdAckRx)
                  00015326    00000022                    : client_core.oem4f (.text:session311fix)
                  00015348    00000020     msp432p4xx_driverlib.lib : cs.o (.text:CS_setExternalClockSourceFrequency)
                  00015368    00000020     mqtt_release.a : mqtt_common.oem4f (.text:MQTT_qos2PubCqReset)
                  00015388    00000020     drivers_msp432p401x.aem4f : PowerMSP432.oem4f (.text:Power_unregisterNotify)
                  000153a8    00000020                               : RingBuf.oem4f (.text:RingBuf_peek)
                  000153c8    00000020     slnetifwifi.a : slnetifwifi.obj (.text:SlNetIfWifi_accept)
                  000153e8    00000020     sysbios.aem4f : BIOS.obj (.text:sem_trywait)
                  00015408    00000020     release_pem4f.oem4f (.text:ti_sysbios_BIOS_rtsLock__I)
                  00015428    00000020     release_pem4f.oem4f (.text:ti_sysbios_family_arm_m3_Hwi_Object__delete__S)
                  00015448    00000020     sysbios.aem4f : BIOS.obj (.text:ti_sysbios_family_arm_m3_Hwi_clearInterrupt__E)
                  00015468    00000020     release_pem4f.oem4f (.text:ti_sysbios_gates_GateHwi_Object__delete__S)
                  00015488    00000020     release_pem4f.oem4f (.text:ti_sysbios_heaps_HeapMem_Object__delete__S)
                  000154a8    00000020     release_pem4f.oem4f (.text:ti_sysbios_knl_Clock_destruct)
                  000154c8    00000020     sysbios.aem4f : BIOS.obj (.text:ti_sysbios_knl_Idle_run__E)
                  000154e8    00000020     release_pem4f.oem4f (.text:ti_sysbios_knl_Semaphore_destruct)
                  00015508    00000020     release_pem4f.oem4f (.text:ti_sysbios_knl_Task_Object__delete__S)
                  00015528    0000001e     mqtt_release.a : client_core.oem4f (.text:MQTTClientCore_alloc)
                  00015546    0000001e                    : client_core.oem4f (.text:MQTTClientCore_ctxRun)
                  00015564    0000001e     slnetifwifi.a : slnetifwifi.obj (.text:SlNetIfWifi_bind)
                  00015582    0000001e                   : slnetifwifi.obj (.text:SlNetIfWifi_connect)
                  000155a0    0000001e     mqtt_release.a : client_core.oem4f (.text:procNetDataRecv)
                  000155be    0000001e                    : client_core.oem4f (.text:sessionDelete)
                  000155dc    0000001e     sysbios.aem4f : m3_Hwi_asm_switch.obj (.text:ti_sysbios_family_xxx_Hwi_switchAndRunFunc)
                  000155fa    0000001c     mqtt_release.a : mqtt_common.oem4f (.text:MQTT_packetAckWlistPurge)
                  00015616    00000002     --HOLE-- [fill = 0]
                  00015618    0000001c     uart_term.obj (.text:Message)
                  00015634    0000001c     simplelink.a : cc_pal.obj (.text:NwpPowerOff)
                  00015650    0000001c                  : cc_pal.obj (.text:NwpPowerOn)
                  0001566c    0000001c                  : cc_pal.obj (.text:WiFi_init)
                  00015688    0000001c                  : device.obj (.text:_SlDeviceGetStartResponseConvert)
                  000156a4    0000001c                  : spawn.obj (.text:_SlInternalIsItSpawnThread)
                  000156c0    0000001c     mqtt_release.a : client_core.oem4f (.text:awaitsPkts)
                  000156dc    0000001c     MSP_EXP432P401R.obj (.text:dmaErrorHwi)
                  000156f8    0000001c     mqtt_release.a : client_core.oem4f (.text:doNetCloseTx)
                  00015714    0000001c     rtsv7M4_T_le_v4SPD16_eabi.lib : memccpy.c.obj (.text:memccpy)
                  00015730    0000001c     mqtt_release.a : client_core.oem4f (.text:processRecv)
                  0001574c    00000004     --HOLE-- [fill = 0]
                  00015750    0000001c     sysbios.aem4f : BIOS.obj (.text:ti_sysbios_family_arm_m3_Hwi_excHandler__I)
                  0001576c    00000004     --HOLE-- [fill = 0]
                  00015770    0000001c                   : BIOS.obj (.text:ti_sysbios_gates_GateMutex_Instance_init__E)
                  0001578c    00000004     --HOLE-- [fill = 0]
                  00015790    0000001c                   : BIOS.obj (.text:ti_sysbios_knl_Clock_Instance_finalize__E)
                  000157ac    0000001c     release_pem4f.oem4f (.text:ti_sysbios_knl_Queue_destruct)
                  000157c8    0000001c     sysbios.aem4f : BIOS.obj (.text:ti_sysbios_knl_Queue_get__E)
                  000157e4    00000004     --HOLE-- [fill = 0]
                  000157e8    0000001c                   : BIOS.obj (.text:ti_sysbios_knl_Queue_put__E)
                  00015804    00000004     --HOLE-- [fill = 0]
                  00015808    0000001c                   : BIOS.obj (.text:ti_sysbios_knl_Task_enter__I)
                  00015824    00000004     --HOLE-- [fill = 0]
                  00015828    0000001c                   : BIOS.obj (.text:ti_sysbios_rts_ti_ReentSupport_getReent__F)
                  00015844    00000004     --HOLE-- [fill = 0]
                  00015848    0000001c                   : BIOS.obj (.text:timerThreadFxn$53)
                  00015864    0000001c     mqtt_release.a : client_core.oem4f (.text:usedCtxsTOSort)
                  00015880    0000001c     sysbios.aem4f : BIOS.obj (.text:xdc_runtime_Memory_valloc__E)
                  0001589c    00000004     --HOLE-- [fill = 0]
                  000158a0    0000001c                   : BIOS.obj (.text:xdc_runtime_System_abort__E)
                  000158bc    0000001a     slnetifwifi.a : slnetifwifi.obj (.text:SlNetIfWifi_listen)
                  000158d6    0000001a     rtsv7M4_T_le_v4SPD16_eabi.lib : s_copysign.c.obj (.text:copysign)
                  000158f0    0000001a     release_pem4f.oem4f (.text:free)
                  0001590a    00000002     --HOLE-- [fill = 0]
                  0001590c    00000018     release_pem4f.oem4f (.text:.bootCodeSection:ti_sysbios_family_arm_msp432_init_Boot_init__I)
                  00015924    00000018     msp432p4xx_driverlib.lib : spi.o (.text:EUSCI_A_SPI_getInterruptStatus)
                  0001593c    00000018                              : spi.o (.text:EUSCI_B_SPI_getInterruptStatus)
                  00015954    00000018     mqtt_release.a : mqtt_common.oem4f (.text:MQTT_clCtxTimeoutUpdate)
                  0001596c    00000018     slnetsock_debug.a : slnetsock.oem4f (.text:SlNetSock_secAttribCreate)
                  00015984    00000018     msp432p4xx_driverlib.lib : sysctl_a.o (.text:SysCtl_A_disableNMISource)
                  0001599c    00000018                              : sysctl_a.o (.text:SysCtl_A_enableNMISource)
                  000159b4    00000018     drivers_msp432p401x.aem4f : UART.oem4f (.text:UART_Params_init)
                  000159cc    00000018     simplelink.a : driver.obj (.text:_SlDrvProtectionObjLockWaitForever)
                  000159e4    00000018                  : driver.obj (.text:_SlDrvProtectionObjUnLock)
                  000159fc    00000018     rtsv7M4_T_le_v4SPD16_eabi.lib : args_main.c.obj (.text:_args_main)
                  00015a14    00000018                                   : vsnprintf.c.obj (.text:_outc)
                  00015a2c    00000018     mqtt_release.a : client_core.oem4f (.text:groupCtxsAdjWaitSecsGet)
                  00015a44    00000018                    : client_core.oem4f (.text:netClCtxFind)
                  00015a5c    00000018     uart_term.obj (.text:putch)
                  00015a74    00000018     rtsv7M4_T_le_v4SPD16_eabi.lib : strcmp.c.obj (.text:strcmp)
                  00015a8c    00000018     release_pem4f.oem4f (.text:ti_sysbios_BIOS_rtsUnlock__I)
                  00015aa4    00000018     release_pem4f.oem4f (.text:ti_sysbios_family_arm_m3_Hwi_Module__startupDone__F)
                  00015abc    00000018     sysbios.aem4f : m3_TaskSupport_asm.obj (.text:ti_sysbios_family_arm_m3_TaskSupport_swap__E)
                  00015ad4    00000018     release_pem4f.oem4f (.text:ti_sysbios_family_arm_msp432_Timer_Module__startupDone__F)
                  00015aec    00000004     --HOLE-- [fill = 0]
                  00015af0    00000018     sysbios.aem4f : BIOS.obj (.text:ti_sysbios_gates_GateMutex_leave__E)
                  00015b08    00000018                   : BIOS.obj (.text:ti_sysbios_knl_Task_sleepTimeout__I)
                  00015b20    00000018     release_pem4f.oem4f (.text:ti_sysbios_rts_ti_ReentSupport_getTlsAddr__I)
                  00015b38    00000018     sysbios.aem4f : BIOS.obj (.text:xdc_runtime_Error_init__E)
                  00015b50    00000018                   : BIOS.obj (.text:xdc_runtime_System_exit__E)
                  00015b68    00000016     mqtt_release.a : mqtt_net_func.oem4f (.text:MQTTNet_commClose)
                  00015b7e    00000016                    : mqtt_common.oem4f (.text:MQTT_clCtxReset)
                  00015b94    00000016                    : mqtt_common.oem4f (.text:MQTT_packetFree)
                  00015baa    00000016                    : mqtt_common.oem4f (.text:MQTT_packetInit)
                  00015bc0    00000016     simplelink.a : driver.obj (.text:_SlDrvMemZero)
                  00015bd6    00000002     --HOLE-- [fill = 0]
                  00015bd8    00000016     sysbios.aem4f : BIOS.obj (.text:pthread_mutex_destroy)
                  00015bee    00000016     rtsv7M4_T_le_v4SPD16_eabi.lib : strchr.c.obj (.text:strchr)
                  00015c04    00000016     release_pem4f.oem4f (.text:ti_sysbios_BIOS_exitFunc__I)
                  00015c1a    00000006     drivers_msp432p401x.aem4f : SPIMSP432DMA.oem4f (.text:SPIMSP432DMA_control)
                  00015c20    00000016     sysbios.aem4f : BIOS.obj (.text:ti_sysbios_knl_Task_unblock__E)
                  00015c36    00000002     --HOLE-- [fill = 0]
                  00015c38    00000016                   : BIOS.obj (.text:timerFxn$53)
                  00015c4e    00000002     --HOLE-- [fill = 0]
                  00015c50    00000014     dpl_msp432p401x.aem4f : ClockP_tirtos.oem4f (.text:ClockP_usleep)
                  00015c64    00000014     mqtt_release.a : mqttclient.oem4f (.text:MQTTClient_publish)
                  00015c78    00000014                    : mqtt_net_func.oem4f (.text:MQTTNet_rtcSecs)
                  00015c8c    00000014                    : mqtt_common.oem4f (.text:MQTT_packetAckWlistAppend)
                  00015ca0    00000014                    : mqtt_common.oem4f (.text:MQTT_packetReset)
                  00015cb4    00000014     msp432p4xx_driverlib.lib : pcm.o (.text:PCM_getPowerState)
                  00015cc8    00000014     drivers_msp432p401x.aem4f : PowerMSP432.oem4f (.text:Power_idleFunc)
                  00015cdc    00000014                               : SPI.oem4f (.text:SPI_Params_init)
                  00015cf0    00000014     mqtt_release.a : client_core.oem4f (.text:ack1WlRmfree)
                  00015d04    00000014     drivers_msp432p401x.aem4f : UARTMSP432.oem4f (.text:clearTXCPTIFG)
                  00015d18    00000014     sysbios.aem4f : BIOS.obj (.text:pthread_attr_setschedparam)
                  00015d2c    00000014     rtsv7M4_T_le_v4SPD16_eabi.lib : strcpy.c.obj (.text:strcpy)
                  00015d40    00000014                                   : strlen.c.obj (.text:strlen)
                  00015d54    00000014     release_pem4f.oem4f (.text:ti_sysbios_family_arm_m3_Hwi_Object__get__S)
                  00015d68    00000014     sysbios.aem4f : BIOS.obj (.text:ti_sysbios_family_arm_m3_Hwi_switchFromBootStack__E)
                  00015d7c    00000014     release_pem4f.oem4f (.text:ti_sysbios_heaps_HeapMem_Object__get__S)
                  00015d90    00000014     release_pem4f.oem4f (.text:ti_sysbios_knl_Swi_Object__get__S)
                  00015da4    00000014     mqtt_release.a : client_core.oem4f (.text:txPartBufP)
                  00015db8    00000014                    : client_core.oem4f (.text:txPartReset)
                  00015dcc    00000012     drivers_msp432p401x.aem4f : RingBuf.oem4f (.text:RingBuf_construct)
                  00015dde    00000012     dpl_msp432p401x.aem4f : SemaphoreP_tirtos.oem4f (.text:SemaphoreP_pend)
                  00015df0    00000012     slnetifwifi.a : slnetifwifi.obj (.text:SlNetIfWifi_close)
                  00015e02    00000006     mqtt_release.a : client_core.oem4f (.text:ack2MsgIdLogup)
                  00015e08    00000012     sysbios.aem4f : BIOS.obj (.text:_pthread_cleanup_pop)
                  00015e1a    00000006     mqtt_release.a : client_core.oem4f (.text:qos2PubRxIsDone)
                  00015e20    00000012     sysbios.aem4f : BIOS.obj (.text:_pthread_runStub$43)
                  00015e32    00000012     mqtt_release.a : client_core.oem4f (.text:mqpDoNotReportCor)
                  00015e44    00000012                    : client_core.oem4f (.text:sessionResume)
                  00015e56    00000002     --HOLE-- [fill = 0]
                  00015e58    00000012     sysbios.aem4f : BIOS.obj (.text:ti_sysbios_family_arm_msp432_Seconds_getTime__E)
                  00015e6a    00000006     mqtt_release.a : client_core.oem4f (.text:qos2PubRxLogup)
                  00015e70    00000012     sysbios.aem4f : BIOS.obj (.text:ti_sysbios_hal_Hwi_Module_startup__E)
                  00015e82    00000012     rtsv7M4_T_le_v4SPD16_eabi.lib : wcslen.c.obj (.text:wcslen)
[...]
000164f1  ti_sysbios_knl_Clock_setTimeout__E                              
000164f9  ti_sysbios_knl_Task_startup__E                                  
00016501  ti_sysbios_BIOS_linkedWithIncorrectBootLibrary__E               
00016509  ti_sysbios_gates_GateHwi_Instance_init__E                       
00016511  ti_sysbios_knl_Clock_logTick__E                                 
00016519  xdc_runtime_SysCallback_defaultAbort                            
00016521  xdc_runtime_SysCallback_defaultExit                             
00016529  xdc_runtime_System_abortSpin__E                                 
00016531  xdc_runtime_System_exitSpin__E                                  
00016534  _ctypes_                                                        
000166c8  spiMSP432DMAHWAttrs                                             
00016758  uartMSP432Baudrates                                             
000167e8  OpcodeTranslateTable                                            
000168b8  _SlActionLookupTable                                            
00016910  uartMSP432HWAttrs                                               
00016968  ti_sysbios_knl_Task_Object__PARAMS__C                           
000169a4  PowerMSP432_config                                              
000169dc  ti_sysbios_knl_Mailbox_Object__PARAMS__C                        
00016a10  SPI_config                                                      
00016a40  ti_sysbios_family_arm_m3_Hwi_Object__PARAMS__C                  
00016a70  UARTMSP432_fxnTable                                             
00016a98  ti_sysbios_heaps_HeapMem_Module__FXNS__C                        
00016ac0  UART_defaultParams                                              
00016ae4  ti_sysbios_gates_GateHwi_Module__FXNS__C                        
00016b08  ti_sysbios_gates_GateMutex_Module__FXNS__C                      
00016b2c  ti_sysbios_heaps_HeapMem_Object__PARAMS__C                      
00016b50  ti_sysbios_knl_Clock_Object__PARAMS__C                          
00016b74  ti_sysbios_knl_Semaphore_Object__PARAMS__C                      
00016b98  xdc_runtime_Startup_sfxnTab__A                                  
00016bdc  SPI_defaultParams                                               
00016c3c  ti_sysbios_family_arm_m3_Hwi_Object__DESC__C                    
00016c5c  ti_sysbios_gates_GateHwi_Object__DESC__C                        
00016c7c  ti_sysbios_gates_GateMutex_Object__DESC__C                      
00016c9c  ti_sysbios_heaps_HeapMem_Object__DESC__C                        
00016cbc  ti_sysbios_knl_Clock_Object__DESC__C                            
00016cdc  ti_sysbios_knl_Mailbox_Object__DESC__C                          
00016cfc  ti_sysbios_knl_Queue_Object__DESC__C                            
00016d1c  ti_sysbios_knl_Semaphore_Object__DESC__C                        
00016d3c  ti_sysbios_knl_Task_Object__DESC__C                             
00016d5c  SPIMSP432DMA_fxnTable                                           
00016d74  UART_config                                                     
00016d8c  ti_sysbios_gates_GateHwi_Object__PARAMS__C                      
00016da4  ti_sysbios_gates_GateMutex_Object__PARAMS__C                    
00016dbc  ti_sysbios_knl_Queue_Object__PARAMS__C                          
00016dd4  ti_sysbios_knl_Task_hooks__A                                    
00016e94  GPIOMSP432_config                                               
00016ebc  xdc_runtime_Startup_sfxnRts__A                                  
00016ece  ti_sysbios_family_arm_m3_Hwi_Module__id__C                      
00016f30  ADC_count                                                       
00016f31  ADCBuf_count                                                    
00016f32  Capture_count                                                   
00016f33  Display_count                                                   
00016f34  I2C_count                                                       
00016f35  I2CSlave_count                                                  
00016f36  NVS_count                                                       
00016f37  PWM_count                                                       
00016f38  SPI_count                                                       
00016f39  Timer_count                                                     
00016f3a  UART_count                                                      
00016f3b  Watchdog_count                                                  
00016f3c  WiFi_count                                                      
00016f40  udmaMSP432HWAttrs                                               
00016f4c  wifiSimplelinkHWAttrs                                           
00016f58  xdc_runtime_Startup_firstFxns__A                                
00016f6c  UDMAMSP432_config                                               
00016f8c  heap0                                                           
00016f90  tiposix_mqGate                                                  
00016f94  ti_sysbios_knl_Idle_funcList__A                                 
00016f9c  ti_sysbios_knl_Idle_funcList__C                                 
00016fa4  ti_sysbios_knl_Task_hooks__C                                    
00016fac  xdc_runtime_Startup_firstFxns__C                                
00016fb4  xdc_runtime_Startup_lastFxns__C                                 
00016fe6  ti_sysbios_family_arm_msp432_init_Boot_bypassHFXT__C            
00016fe8  WiFi_config                                                     
0001700c  _SlNetAppSendResponseCmdCtrl                                    
00017010  _SlNetAppSendTokenValueCmdCtrl                                  
00017044  ti_sysbios_family_arm_m3_Hwi_E_alreadyDefined__C                
00017048  ti_sysbios_family_arm_m3_Hwi_E_badIntNum__C                     
0001704c  ti_sysbios_family_arm_m3_Hwi_NUM_INTERRUPTS__C                  
00017050  ti_sysbios_family_arm_m3_Hwi_Object__count__C                   
00017054  ti_sysbios_family_arm_m3_Hwi_ccr__C                             
00017058  ti_sysbios_family_arm_m3_Hwi_excHandlerFunc__C                  
0001705c  ti_sysbios_family_arm_m3_Hwi_nullIsrFunc__C                     
00017060  ti_sysbios_family_arm_m3_Hwi_priGroup__C                        
00017064  ti_sysbios_family_arm_m3_Hwi_swiDisable__C                      
00017068  ti_sysbios_family_arm_m3_Hwi_swiRestore__C                      
0001706c  ti_sysbios_family_arm_m3_TaskSupport_stackAlignment__C          
00017070  ti_sysbios_family_arm_msp432_Timer_numTimerDevices__C           
00017074  ti_sysbios_family_arm_msp432_Timer_startupNeeded__C             
00017078  ti_sysbios_gates_GateMutex_Instance_State_sem__O                
0001707c  ti_sysbios_heaps_HeapMem_E_memory__C                            
00017080  ti_sysbios_heaps_HeapMem_Module__gateObj__C                     
00017084  ti_sysbios_heaps_HeapMem_Object__count__C                       
00017088  ti_sysbios_heaps_HeapMem_primaryHeapBaseAddr__C                 
0001708c  ti_sysbios_heaps_HeapMem_primaryHeapEndAddr__C                  
00017090  ti_sysbios_heaps_HeapMem_reqAlign__C                            
00017094  ti_sysbios_knl_Clock_Module_State_clockQ__O                     
00017098  ti_sysbios_knl_Clock_tickPeriod__C                              
0001709c  ti_sysbios_knl_Mailbox_Instance_State_dataQue__O                
000170a0  ti_sysbios_knl_Mailbox_Instance_State_dataSem__O                
000170a4  ti_sysbios_knl_Mailbox_Instance_State_freeQue__O                
000170a8  ti_sysbios_knl_Mailbox_Instance_State_freeSem__O                
000170ac  ti_sysbios_knl_Mailbox_Object__count__C                         
000170b0  ti_sysbios_knl_Mailbox_maxTypeAlign__C                          
000170b4  ti_sysbios_knl_Semaphore_Instance_State_pendQ__O                
000170b8  ti_sysbios_knl_Swi_Object__count__C                             
000170bc  ti_sysbios_knl_Task_Module_State_inactiveQ__O                   
000170c0  ti_sysbios_knl_Task_Object__count__C                            
000170c4  ti_sysbios_knl_Task_Object__heap__C                             
000170c8  ti_sysbios_knl_Task_allBlockedFunc__C                           
000170cc  ti_sysbios_knl_Task_defaultStackHeap__C                         
000170d0  ti_sysbios_knl_Task_defaultStackSize__C                         
000170d4  ti_sysbios_knl_Task_numConstructedTasks__C                      
000170d8  xdc_runtime_Error_E_memory__C                                   
000170dc  xdc_runtime_Error_policyFxn__C                                  
000170e0  xdc_runtime_IGateProvider_Interface__BASE__C                    
000170e4  xdc_runtime_IHeap_Interface__BASE__C                            
000170e8  xdc_runtime_IModule_Interface__BASE__C                          
000170ec  xdc_runtime_Memory_defaultHeapInstance__C                       
000170f0  xdc_runtime_Startup_execImpl__C                                 
000170f4  xdc_runtime_Startup_maxPasses__C                                
000170f8  xdc_runtime_Startup_sfxnRts__C                                  
000170fc  xdc_runtime_Startup_sfxnTab__C                                  
00017100  xdc_runtime_SysCallback_abortFxn__C                             
00017104  xdc_runtime_SysCallback_exitFxn__C                              
00017108  xdc_runtime_System_Module__gateObj__C                           
0001710c  xdc_runtime_System_abortFxn__C                                  
00017110  xdc_runtime_System_exitFxn__C                                   
00017114  xdc_runtime_System_maxAtexitHandlers__C                         
00017118  ti_sysbios_family_arm_msp432_init_Boot_bypassLFXT__C            
0001711a  ti_sysbios_family_arm_msp432_init_Boot_enableHFXT__C            
0001711c  ti_sysbios_family_arm_msp432_init_Boot_enableLFXT__C            
0001711e  ti_sysbios_heaps_HeapMem_Module__id__C                          
00017120  xdc_runtime_Memory_Module__id__C                                
00017122  xdc_runtime_Error_policy__C                                     
00017128  __TI_static_base__                                              
00017454  __TI_Handler_Table_Base                                         
00017460  __TI_Handler_Table_Limit                                        
00017468  __TI_CINIT_Base                                                 
00017478  __TI_CINIT_Limit                                                
20000000  ti_sysbios_family_arm_m3_Hwi_ramVectors                         
20000140  __primary_heap_start__                                          
20008140  __primary_heap_end__                                            
20008a00  clients                                                         
20008cb0  ti_sysbios_knl_Task_Instance_State_0_stack__A                   
20008eb0  g_CB                                                            
2000903c  ti_sysbios_family_arm_m3_Hwi_dispatchTable                      
2000917c  spiMSP432DMAObjects                                             
20009400  uartMSP432Objects                                               
20009650  uartMSP432RingBuffer                                            
200096ec  g_ucConnectionSSID                                              
20009760  MQTTClient_Lib_CB                                               
20009770  g_SlInternalSpawnCB                                             
20009780  DeviceCB                                                        
2000978c  MqttClientExmple_params                                         
20009798  Msg                                                             
200097ac  g_ucConnectionBSSID                                             
200097c0  ClockP_tickPeriod                                               
200097c4  GlobalLockObj                                                   
200097c8  g_PBQueue                                                       
200097cc  g_timer                                                         
200097d0  ti_sysbios_knl_Task_Instance_State_0_hookEnv__A                 
200097d4  MQTTClient_waitSecs                                             
200097d6  g_usConnectIndex                                                
200097d8  g_usTimerInts                                                   
200097da  RxIrqCnt                                                        
200097db  udmaMSP432Object                                                
200097dc  PowerMSP432_perfLevels                                          
200099a4  ti_sysbios_knl_Swi_Module_State_0_readyQ__A                     
20009a24  ti_sysbios_knl_Task_Module_State_0_readyQ__A                    
20009aa4  SlNetIfConfigWifi                                               
20009afc  ti_sysbios_gates_GateMutex_Object__table__V                     
20009b50  ti_sysbios_knl_Task_Object__table__V                            
20009b9c  ti_sysbios_family_arm_msp432_Timer_Object__table__V             
20009be0  ti_sysbios_knl_Task_Module__state__V                            
20009c59  lineBreak                                                       
20009c5c  ti_sysbios_family_arm_m3_Hwi_Module__state__V                   
20009c90  gApConnectionState                                              
20009c94  gInitState                                                      
20009c98  memPtrCounterfree                                               
20009c9c  gResetApplication                                               
20009ca0  g_rx_task_hndl                                                  
20009ca4  gUiConnFlag                                                     
20009ca8  ClientUsername                                                  
20009cac  ClientPassword                                                  
20009cb0  publish_topic                                                   
20009cb4  publish_data                                                    
20009cb8  mqttThread                                                      
20009cbc  appThread                                                       
20009cc0  ti_sysbios_knl_Swi_Object__table__V                             
20009cf0  PowerMSP432_module                                              
20009d1c  ti_sysbios_knl_Clock_Module__state__V                           
20009d48  MQTTClient_net                                                  
20009d70  g_LibsEvents                                                    
20009d94  g_UserEvents                                                    
20009db8  gpioPinConfigs                                                  
20009ddc  ti_sysbios_BIOS_Module__state__V                                
20009e00  ti_sysbios_family_arm_msp432_Timer_Module_State_0_device__A     
20009e20  xdc_runtime_Error_IgnoreBlock                                   
20009e40  ti_sysbios_knl_Swi_Module__state__V                             
20009e5c  Mqtt_ClientCtx                                                  
20009e74  ti_sysbios_family_arm_m3_Hwi_Object__table__V                   
20009e8c  ti_sysbios_heaps_HeapMem_Object__table__V                       
20009ea4  _tz                                                             
20009ec4  ti_sysbios_family_arm_msp432_Timer_Module_State_0_handles__A    
20009ed4  topic                                                           
20009ee4  ClientId                                                        
20009ef4  SecurityParams                                                  
20009f00  gpioCallbackFunctions                                           
20009f0c  g_ulStaIp                                                       
20009f10  g_ulGatewayIP                                                   
20009f14  g_ulStatus                                                      
20009f18  gGlobalLockCntRequested                                         
20009f19  gGlobalLockCntReleased                                          
20009f1a  g_SlDeviceStatus                                                
20009f1c  g_pCB                                                           
20009f20  pPingCallBackFunc                                               
20009f24  ti_sysbios_family_arm_msp432_ClockFreqs_Module__state__V        
20009f30  ti_sysbios_family_arm_msp432_Timer_Module__state__V             
20009f3c  will_param                                                      
20009f52  ti_sysbios_family_arm_m3_Hwi_Module_State_0_excActive__A        
20009f54  MQTTClient_closeContext                                         
20009f58  MQTTClient_clientContext                                        
20009f5c  MQTTClient_multiSrvConn                                         
20009f60  _lock                                                           
20009f64  _unlock                                                         
20009f68  MQTTClient_clientCfg                                            
20009f70  g_SpiFd                                                         
20009f74  g_Host_irq_Hndlr                                                
20009f78  ti_sysbios_family_arm_m3_Hwi_Module__root__V                    
20009f80  ti_sysbios_gates_GateHwi_Module__root__V                        
20009f88  ti_sysbios_gates_GateMutex_Module__root__V                      
20009f90  ti_sysbios_heaps_HeapMem_Module__root__V                        
20009f98  ti_sysbios_knl_Clock_Module__root__V                            
20009fa0  ti_sysbios_knl_Mailbox_Module__root__V                          
20009fa8  ti_sysbios_knl_Queue_Module__root__V                            
20009fb0  ti_sysbios_knl_Semaphore_Module__root__V                        
20009fb8  ti_sysbios_knl_Task_Module__root__V                             
20009fc0  xdc_runtime_Startup_Module__state__V                            
20009fc8  xdc_runtime_System_Module_State_0_atexitHandlers__A             
20009fd0  xdc_runtime_System_Module__state__V                             
20009fe0  MQTTClient_connectCfg                                           
20009fe4  qos                                                             
20009fe8  main_func_sp                                                    
20009ff0  ti_sysbios_family_arm_m3_Hwi_Module_State_0_excContext__A       
20009ff4  ti_sysbios_family_arm_m3_Hwi_Module_State_0_excStack__A         
20009ff8  ti_sysbios_gates_GateHwi_Object__table__V                       
20009ffc  ti_sysbios_knl_Task_Module_State_0_idleTask__A                  
2000a000  ti_sysbios_rts_ti_ReentSupport_Module__state__V                 
2000a004  xdc_runtime_Memory_Module__state__V                             
2000fc00  __stack                                                         
20010000  __STACK_END                                                     
4000480c  WDTCTL_SYM                                                      
e000e000  ti_sysbios_family_arm_m3_Hwi_nvic                               
ffffffff  __TI_pprof_out_hndl                                             
ffffffff  __TI_prof_data_size                                             
ffffffff  __TI_prof_data_start                                            
ffffffff  __binit__                                                       
ffffffff  __c_args__                                                      
ffffffff  binit                                                           
UNDEFED   SHT$$INIT_ARRAY$$Base                                           
UNDEFED   SHT$$INIT_ARRAY$$Limit                                          

[1001 symbols]
